Archive member included because of file (symbol)

/home/matt/arm_cortex/gcc-arm-none-eabi/bin/../lib/gcc/arm-none-eabi/4.7.4/armv6-m/libgcc.a(_udivsi3.o)
                              build/obj/test.o (__aeabi_uidiv)
/home/matt/arm_cortex/gcc-arm-none-eabi/bin/../lib/gcc/arm-none-eabi/4.7.4/armv6-m/libgcc.a(_dvmd_tls.o)
                              /home/matt/arm_cortex/gcc-arm-none-eabi/bin/../lib/gcc/arm-none-eabi/4.7.4/armv6-m/libgcc.a(_udivsi3.o) (__aeabi_idiv0)
/home/matt/arm_cortex/gcc-arm-none-eabi/bin/../lib/gcc/arm-none-eabi/4.7.4/../../../../arm-none-eabi/lib/armv6-m/libc.a(lib_a-memcpy-stub.o)
                              build/obj/chibios.o (memcpy)

Discarded input sections

 .text          0x0000000000000000        0x0 build/obj/crt0.o
 .data          0x0000000000000000        0x0 build/obj/crt0.o
 .bss           0x0000000000000000        0x0 build/obj/crt0.o
 .text.__early_init
                0x0000000000000000       0x10 build/obj/crt0.o
 .text          0x0000000000000000        0x0 build/obj/vectors.o
 .data          0x0000000000000000        0x0 build/obj/vectors.o
 .bss           0x0000000000000000        0x0 build/obj/vectors.o
 .text          0x0000000000000000        0x0 build/obj/chcore.o
 .data          0x0000000000000000        0x0 build/obj/chcore.o
 .bss           0x0000000000000000        0x0 build/obj/chcore.o
 .text.port_halt
                0x0000000000000000       0x10 build/obj/chcore.o
 .debug_info    0x0000000000000000       0x96 build/obj/chcore.o
 .debug_abbrev  0x0000000000000000       0x42 build/obj/chcore.o
 .debug_aranges
                0x0000000000000000       0x20 build/obj/chcore.o
 .debug_ranges  0x0000000000000000       0x10 build/obj/chcore.o
 .debug_line    0x0000000000000000       0x6b build/obj/chcore.o
 .debug_str     0x0000000000000000       0xff build/obj/chcore.o
 .comment       0x0000000000000000       0x6b build/obj/chcore.o
 .ARM.attributes
                0x0000000000000000       0x31 build/obj/chcore.o
 .debug_frame   0x0000000000000000       0x20 build/obj/chcore.o
 .text          0x0000000000000000        0x0 build/obj/chcore_v6m.o
 .data          0x0000000000000000        0x0 build/obj/chcore_v6m.o
 .bss           0x0000000000000000        0x0 build/obj/chcore_v6m.o
 .text          0x0000000000000000        0x0 build/obj/nvic.o
 .data          0x0000000000000000        0x0 build/obj/nvic.o
 .bss           0x0000000000000000        0x0 build/obj/nvic.o
 .text.nvicDisableVector
                0x0000000000000000       0x40 build/obj/nvic.o
 .text          0x0000000000000000        0x0 build/obj/chsys.o
 .data          0x0000000000000000        0x0 build/obj/chsys.o
 .bss           0x0000000000000000        0x0 build/obj/chsys.o
 .text          0x0000000000000000        0x0 build/obj/chdebug.o
 .data          0x0000000000000000        0x0 build/obj/chdebug.o
 .bss           0x0000000000000000        0x0 build/obj/chdebug.o
 .debug_info    0x0000000000000000       0x75 build/obj/chdebug.o
 .debug_abbrev  0x0000000000000000       0x24 build/obj/chdebug.o
 .debug_aranges
                0x0000000000000000       0x18 build/obj/chdebug.o
 .debug_line    0x0000000000000000       0x1d build/obj/chdebug.o
 .debug_str     0x0000000000000000       0xf0 build/obj/chdebug.o
 .comment       0x0000000000000000       0x6b build/obj/chdebug.o
 .ARM.attributes
                0x0000000000000000       0x31 build/obj/chdebug.o
 .text          0x0000000000000000        0x0 build/obj/chlists.o
 .data          0x0000000000000000        0x0 build/obj/chlists.o
 .bss           0x0000000000000000        0x0 build/obj/chlists.o
 .debug_info    0x0000000000000000       0x75 build/obj/chlists.o
 .debug_abbrev  0x0000000000000000       0x24 build/obj/chlists.o
 .debug_aranges
                0x0000000000000000       0x18 build/obj/chlists.o
 .debug_line    0x0000000000000000       0x1d build/obj/chlists.o
 .debug_str     0x0000000000000000       0xf0 build/obj/chlists.o
 .comment       0x0000000000000000       0x6b build/obj/chlists.o
 .ARM.attributes
                0x0000000000000000       0x31 build/obj/chlists.o
 .text          0x0000000000000000        0x0 build/obj/chvt.o
 .data          0x0000000000000000        0x0 build/obj/chvt.o
 .bss           0x0000000000000000        0x0 build/obj/chvt.o
 .text          0x0000000000000000        0x0 build/obj/chschd.o
 .data          0x0000000000000000        0x0 build/obj/chschd.o
 .bss           0x0000000000000000        0x0 build/obj/chschd.o
 .text          0x0000000000000000        0x0 build/obj/chthreads.o
 .data          0x0000000000000000        0x0 build/obj/chthreads.o
 .bss           0x0000000000000000        0x0 build/obj/chthreads.o
 .text          0x0000000000000000        0x0 build/obj/chdynamic.o
 .data          0x0000000000000000        0x0 build/obj/chdynamic.o
 .bss           0x0000000000000000        0x0 build/obj/chdynamic.o
 .text          0x0000000000000000        0x0 build/obj/chregistry.o
[...]
Memory Configuration

Name             Origin             Length             Attributes
flash            0x0000000008000000 0x0000000000010000
ram              0x0000000020000000 0x0000000000002000
*default*        0x0000000000000000 0xffffffffffffffff

Linker script and memory map

LOAD build/obj/crt0.o
LOAD build/obj/vectors.o
LOAD build/obj/chcore.o
LOAD build/obj/chcore_v6m.o
LOAD build/obj/nvic.o
LOAD build/obj/chsys.o
LOAD build/obj/chdebug.o
LOAD build/obj/chlists.o
LOAD build/obj/chvt.o
LOAD build/obj/chschd.o
LOAD build/obj/chthreads.o
LOAD build/obj/chdynamic.o
LOAD build/obj/chregistry.o
LOAD build/obj/chsem.o
LOAD build/obj/chmtx.o
LOAD build/obj/chcond.o
LOAD build/obj/chevents.o
LOAD build/obj/chmsg.o
LOAD build/obj/chmboxes.o
LOAD build/obj/chqueues.o
LOAD build/obj/chmemcore.o
LOAD build/obj/chheap.o
LOAD build/obj/chmempools.o
LOAD build/obj/test.o
LOAD build/obj/testthd.o
LOAD build/obj/testsem.o
LOAD build/obj/testmtx.o
LOAD build/obj/testmsg.o
LOAD build/obj/testmbox.o
LOAD build/obj/testevt.o
LOAD build/obj/testheap.o
LOAD build/obj/testpools.o
LOAD build/obj/testdyn.o
LOAD build/obj/testqueues.o
LOAD build/obj/testbmk.o
LOAD build/obj/hal.o
LOAD build/obj/adc.o
LOAD build/obj/can.o
LOAD build/obj/ext.o
LOAD build/obj/gpt.o
LOAD build/obj/i2c.o
LOAD build/obj/icu.o
LOAD build/obj/mac.o
LOAD build/obj/mmc_spi.o
LOAD build/obj/mmcsd.o
LOAD build/obj/pal.o
LOAD build/obj/pwm.o
LOAD build/obj/rtc.o
LOAD build/obj/sdc.o
LOAD build/obj/serial.o
LOAD build/obj/serial_usb.o
LOAD build/obj/spi.o
LOAD build/obj/tm.o
LOAD build/obj/uart.o
LOAD build/obj/usb.o
LOAD build/obj/stm32_dma.o
LOAD build/obj/hal_lld.o
LOAD build/obj/adc_lld.o
LOAD build/obj/ext_lld_isr.o
LOAD build/obj/ext_lld.o
LOAD build/obj/pal_lld.o
LOAD build/obj/i2c_lld.o
LOAD build/obj/spi_lld.o
LOAD build/obj/gpt_lld.o
LOAD build/obj/icu_lld.o
LOAD build/obj/pwm_lld.o
LOAD build/obj/serial_lld.o
LOAD build/obj/uart_lld.o
LOAD build/obj/board.o
LOAD build/obj/gfx.o
LOAD build/obj/chibios.o
LOAD build/obj/win32.o
LOAD build/obj/linux.o
LOAD build/obj/osx.o
LOAD build/obj/gqueue.o
LOAD build/obj/gdisp.o
LOAD build/obj/fonts.o
LOAD build/obj/image.o
LOAD build/obj/image_native.o
LOAD build/obj/image_gif.o
LOAD build/obj/image_bmp.o
LOAD build/obj/image_jpg.o
LOAD build/obj/image_png.o
LOAD build/obj/mf_encoding.o
LOAD build/obj/mf_font.o
LOAD build/obj/mf_justify.o
LOAD build/obj/mf_kerning.o
LOAD build/obj/mf_rlefont.o
LOAD build/obj/mf_bwfont.o
LOAD build/obj/mf_scaledfont.o
LOAD build/obj/mf_wordwrap.o
LOAD build/obj/tdisp.o
LOAD build/obj/gevent.o
LOAD build/obj/gtimer.o
LOAD build/obj/gwin.o
LOAD build/obj/gwidget.o
LOAD build/obj/gwm.o
LOAD build/obj/console.o
LOAD build/obj/graph.o
LOAD build/obj/button.o
LOAD build/obj/slider.o
LOAD build/obj/checkbox.o
LOAD build/obj/gimage.o
LOAD build/obj/label.o
LOAD build/obj/radio.o
LOAD build/obj/list.o
LOAD build/obj/ginput.o
LOAD build/obj/mouse.o
LOAD build/obj/keyboard.o
LOAD build/obj/toggle.o
LOAD build/obj/dial.o
LOAD build/obj/gadc.o
LOAD build/obj/gaudin.o
LOAD build/obj/gaudout.o
LOAD build/obj/gmisc.o
LOAD build/obj/arrayops.o
LOAD build/obj/trig.o
LOAD build/obj/gdisp_lld.o
LOAD build/obj/ginput_lld_mouse.o
LOAD build/obj/main.o
START GROUP
LOAD /home/matt/arm_cortex/gcc-arm-none-eabi/bin/../lib/gcc/arm-none-eabi/4.7.4/armv6-m/libgcc.a
LOAD /home/matt/arm_cortex/gcc-arm-none-eabi/bin/../lib/gcc/arm-none-eabi/4.7.4/../../../../arm-none-eabi/lib/armv6-m/libc.a
END GROUP
                0x0000000000000400                __main_stack_size__ = 0x400
                0x0000000000000400                __process_stack_size__ = 0x400
                0x0000000020000000                __ram_start__ = ORIGIN (ram)
                0x0000000000002000                __ram_size__ = 0x2000
                0x0000000020002000                __ram_end__ = (__ram_start__ + __ram_size__)
                0x0000000000000000                . = 0x0
                0x0000000000000000                _text = .

startup         0x0000000008000000       0xc0
 *(vectors)
 vectors        0x0000000008000000       0xc0 build/obj/vectors.o
                0x0000000008000000                _vectors

constructors    0x00000000080000c0        0x0
                0x00000000080000c0                PROVIDE (__init_array_start, .)
 *(SORT(.init_array.*))
 *(.init_array)
                0x00000000080000c0                PROVIDE (__init_array_end, .)

destructors     0x00000000080000c0        0x0
                0x00000000080000c0                PROVIDE (__fini_array_start, .)
 *(.fini_array)
 *(SORT(.fini_array.*))
                0x00000000080000c0                PROVIDE (__fini_array_end, .)

.text           0x00000000080000c0     0x6b78
 *(.text.startup.*)
 .text.startup.main
                0x00000000080000c0       0x90 build/obj/main.o
                0x00000000080000c0                main
 *(.text)
 .text          0x0000000008000150       0x9c /home/matt/arm_cortex/gcc-arm-none-eabi/bin/../lib/gcc/arm-none-eabi/4.7.4/armv6-m/libgcc.a(_udivsi3.o)
                0x0000000008000150                __udivsi3
                0x0000000008000150                __aeabi_uidiv
                0x00000000080001d8                __aeabi_uidivmod
 *fill*         0x00000000080001ec        0x4 
 .text          0x00000000080001f0        0x4 /home/matt/arm_cortex/gcc-arm-none-eabi/bin/../lib/gcc/arm-none-eabi/4.7.4/armv6-m/libgcc.a(_dvmd_tls.o)
                0x00000000080001f0                __aeabi_ldiv0
                0x00000000080001f0                __aeabi_idiv0
 *(.text.*)
 *fill*         0x00000000080001f4        0xc 
 .text.__late_init
                0x0000000008000200       0x10 build/obj/crt0.o
                0x0000000008000200                __late_init
 .text._default_exit
                0x0000000008000210       0x10 build/obj/crt0.o
                0x0000000008000210                _default_exit
 .text.ResetHandler
                0x0000000008000220      0x1e0 build/obj/crt0.o
                0x0000000008000220                ResetHandler
 .text._unhandled_exception
                0x0000000008000400       0x10 build/obj/vectors.o
                0x0000000008000400                Vector58
                0x0000000008000400                Vector9C
                0x0000000008000400                Vector5C
                0x0000000008000400                Vector8C
                0x0000000008000400                Vector94
                0x0000000008000400                VectorA8
                0x0000000008000400                VectorB4
                0x0000000008000400                Vector74
                0x0000000008000400                UsageFaultVector
                0x0000000008000400                DebugMonitorVector
                0x0000000008000400                Vector40
                0x0000000008000400                VectorBC
                0x0000000008000400                PendSVVector
                0x0000000008000400                Vector64
                0x0000000008000400                Vector54
                0x0000000008000400                Vector98
                0x0000000008000400                Vector24
                0x0000000008000400                Vector84
                0x0000000008000400                BusFaultVector
                0x0000000008000400                SVCallVector
                0x0000000008000400                HardFaultVector
                0x0000000008000400                MemManageVector
                0x0000000008000400                Vector6C
                0x0000000008000400                VectorA0
                0x0000000008000400                Vector7C
                0x0000000008000400                VectorB0
                0x0000000008000400                Vector90
                0x0000000008000400                Vector60
                0x0000000008000400                Vector1C
                0x0000000008000400                Vector48
                0x0000000008000400                Vector70
                0x0000000008000400                Vector4C
                0x0000000008000400                Vector80
                0x0000000008000400                Vector68
                0x0000000008000400                Vector78
                0x0000000008000400                _unhandled_exception
                0x0000000008000400                Vector88
                0x0000000008000400                Vector50
                0x0000000008000400                Vector44
                0x0000000008000400                Vector28
                0x0000000008000400                VectorB8
                0x0000000008000400                Vector34
                0x0000000008000400                VectorA4
                0x0000000008000400                Vector20
 .text._port_switch_from_isr
                0x0000000008000410       0x20 build/obj/chcore_v6m.o
                0x0000000008000410                _port_switch_from_isr
 .text.NMIVector
                0x0000000008000430       0x10 build/obj/chcore_v6m.o
                0x0000000008000430                NMIVector
 .text._port_irq_epilogue
                0x0000000008000440       0x60 build/obj/chcore_v6m.o
                0x0000000008000440                _port_irq_epilogue
 .text.SysTickVector
                0x00000000080004a0       0x20 build/obj/chcore_v6m.o
                0x00000000080004a0                SysTickVector
 .text._port_switch
                0x00000000080004c0       0x20 build/obj/chcore_v6m.o
                0x00000000080004c0                _port_switch
 .text._port_thread_start
                0x00000000080004e0       0x10 build/obj/chcore_v6m.o
                0x00000000080004e0                _port_thread_start
 .text.nvicEnableVector
                0x00000000080004f0       0x40 build/obj/nvic.o
                0x00000000080004f0                nvicEnableVector
 .text.nvicSetSystemHandlerPriority
                0x0000000008000530       0x30 build/obj/nvic.o
                0x0000000008000530                nvicSetSystemHandlerPriority
 .text._idle_thread
                0x0000000008000560       0x20 build/obj/chsys.o
                0x0000000008000560                _idle_thread
 .text.chSysInit
                0x0000000008000580       0x80 build/obj/chsys.o
                0x0000000008000580                chSysInit
 .text.chSysTimerHandlerI
                0x0000000008000600       0x60 build/obj/chsys.o
                0x0000000008000600                chSysTimerHandlerI
 .text._vt_init
                0x0000000008000660       0x20 build/obj/chvt.o
                0x0000000008000660                _vt_init
 .text.chVTSetI
                0x0000000008000680       0x40 build/obj/chvt.o
                0x0000000008000680                chVTSetI
 .text.chVTResetI
                0x00000000080006c0       0x30 build/obj/chvt.o
                0x00000000080006c0                chVTResetI
 .text.chTimeIsWithin
                0x00000000080006f0       0x30 build/obj/chvt.o
                0x00000000080006f0                chTimeIsWithin
 .text.wakeup   0x0000000008000720       0x60 build/obj/chschd.o
 .text._scheduler_init
                0x0000000008000780       0x20 build/obj/chschd.o
                0x0000000008000780                _scheduler_init
 .text.chSchReadyI
                0x00000000080007a0       0x20 build/obj/chschd.o
                0x00000000080007a0                chSchReadyI
 .text.chSchGoSleepS
                0x00000000080007c0       0x30 build/obj/chschd.o
                0x00000000080007c0                chSchGoSleepS
 .text.chSchGoSleepTimeoutS
                0x00000000080007f0       0x40 build/obj/chschd.o
                0x00000000080007f0                chSchGoSleepTimeoutS
 .text.chSchWakeupS
                0x0000000008000830       0x50 build/obj/chschd.o
                0x0000000008000830                chSchWakeupS
 .text.chSchDoRescheduleBehind
                0x0000000008000880       0x40 build/obj/chschd.o
                0x0000000008000880                chSchDoRescheduleBehind
 .text.chSchDoRescheduleAhead
                0x00000000080008c0       0x40 build/obj/chschd.o
                0x00000000080008c0                chSchDoRescheduleAhead
 .text.chSchRescheduleS
                0x0000000008000900       0x20 build/obj/chschd.o
                0x0000000008000900                chSchRescheduleS
 .text.chSchDoReschedule
                0x0000000008000920       0x20 build/obj/chschd.o
                0x0000000008000920                chSchDoReschedule
 .text._thread_init
                0x0000000008000940       0x40 build/obj/chthreads.o
                0x0000000008000940                _thread_init
 .text.chThdCreateI
                0x0000000008000980       0x50 build/obj/chthreads.o
                0x0000000008000980                chThdCreateI
 .text.chThdCreateStatic
                0x00000000080009d0       0x20 build/obj/chthreads.o
                0x00000000080009d0                chThdCreateStatic
 .text.chThdSetPriority
                0x00000000080009f0       0x30 build/obj/chthreads.o
                0x00000000080009f0                chThdSetPriority
 .text.chThdResume
                0x0000000008000a20       0x20 build/obj/chthreads.o
                0x0000000008000a20                chThdResume
 .text.chThdTerminate
                0x0000000008000a40       0x10 build/obj/chthreads.o
                0x0000000008000a40                chThdTerminate
 .text.chThdSleep
                0x0000000008000a50       0x10 build/obj/chthreads.o
                0x0000000008000a50                chThdSleep
 .text.chThdSleepUntil
                0x0000000008000a60       0x20 build/obj/chthreads.o
                0x0000000008000a60                chThdSleepUntil
 .text.chThdYield
                0x0000000008000a80       0x20 build/obj/chthreads.o
                0x0000000008000a80                chThdYield
 .text.chThdExitS
                0x0000000008000aa0       0x40 build/obj/chthreads.o
                0x0000000008000aa0                chThdExitS
 .text.chThdExit
                0x0000000008000ae0       0x10 build/obj/chthreads.o
                0x0000000008000ae0                chThdExit
 .text.chThdWait
                0x0000000008000af0       0x30 build/obj/chthreads.o
                0x0000000008000af0                chThdWait
 .text.chThdAddRef
                0x0000000008000b20       0x10 build/obj/chdynamic.o
                0x0000000008000b20                chThdAddRef
 .text.chThdRelease
                0x0000000008000b30       0x50 build/obj/chdynamic.o
                0x0000000008000b30                chThdRelease
 .text.chThdCreateFromHeap
                0x0000000008000b80       0x40 build/obj/chdynamic.o
                0x0000000008000b80                chThdCreateFromHeap
 .text.chThdCreateFromMemoryPool
                0x0000000008000bc0       0x40 build/obj/chdynamic.o
                0x0000000008000bc0                chThdCreateFromMemoryPool
 .text.chRegFirstThread
                0x0000000008000c00       0x20 build/obj/chregistry.o
                0x0000000008000c00                chRegFirstThread
 .text.chRegNextThread
                0x0000000008000c20       0x30 build/obj/chregistry.o
                0x0000000008000c20                chRegNextThread
 .text.chSemInit
                0x0000000008000c50       0x10 build/obj/chsem.o
                0x0000000008000c50                chSemInit
 .text.chSemResetI
                0x0000000008000c60       0x70 build/obj/chsem.o
                0x0000000008000c60                chSemResetI
 .text.chSemReset
                0x0000000008000cd0       0x10 build/obj/chsem.o
                0x0000000008000cd0                chSemReset
 .text.chSemWaitS
                0x0000000008000ce0       0x40 build/obj/chsem.o
                0x0000000008000ce0                chSemWaitS
 .text.chSemWait
                0x0000000008000d20       0x10 build/obj/chsem.o
                0x0000000008000d20                chSemWait
 .text.chSemWaitTimeoutS
                0x0000000008000d30       0x40 build/obj/chsem.o
                0x0000000008000d30                chSemWaitTimeoutS
 .text.chSemWaitTimeout
                0x0000000008000d70       0x10 build/obj/chsem.o
                0x0000000008000d70                chSemWaitTimeout
 .text.chSemSignal
                0x0000000008000d80       0x30 build/obj/chsem.o
                0x0000000008000d80                chSemSignal
 .text.chSemSignalI
                0x0000000008000db0       0x30 build/obj/chsem.o
                0x0000000008000db0                chSemSignalI
 .text.chSemAddCounterI
                0x0000000008000de0       0x90 build/obj/chsem.o
                0x0000000008000de0                chSemAddCounterI
 .text.chSemSignalWait
                0x0000000008000e70       0x60 build/obj/chsem.o
                0x0000000008000e70                chSemSignalWait
 .text.chMtxInit
                0x0000000008000ed0       0x10 build/obj/chmtx.o
                0x0000000008000ed0                chMtxInit
 .text.chMtxLockS
                0x0000000008000ee0       0xd0 build/obj/chmtx.o
                0x0000000008000ee0                chMtxLockS
 .text.chMtxLock
                0x0000000008000fb0       0x10 build/obj/chmtx.o
                0x0000000008000fb0                chMtxLock
 .text.chMtxTryLock
                0x0000000008000fc0       0x30 build/obj/chmtx.o
                0x0000000008000fc0                chMtxTryLock
 .text.chMtxUnlock
                0x0000000008000ff0       0x60 build/obj/chmtx.o
                0x0000000008000ff0                chMtxUnlock
 .text.chMtxUnlockS
                0x0000000008001050       0x50 build/obj/chmtx.o
                0x0000000008001050                chMtxUnlockS
 .text.chMtxUnlockAll
                0x00000000080010a0       0x50 build/obj/chmtx.o
                0x00000000080010a0                chMtxUnlockAll
 .text.chCondInit
                0x00000000080010f0       0x10 build/obj/chcond.o
                0x00000000080010f0                chCondInit
 .text.chCondSignal
                0x0000000008001100       0x20 build/obj/chcond.o
                0x0000000008001100                chCondSignal
 .text.chCondSignalI
                0x0000000008001120       0x20 build/obj/chcond.o
                0x0000000008001120                chCondSignalI
 .text.chCondBroadcastI
                0x0000000008001140       0x30 build/obj/chcond.o
                0x0000000008001140                chCondBroadcastI
 .text.chCondBroadcast
                0x0000000008001170       0x10 build/obj/chcond.o
                0x0000000008001170                chCondBroadcast
 .text.chCondWaitS
                0x0000000008001180       0x50 build/obj/chcond.o
                0x0000000008001180                chCondWaitS
 .text.chCondWait
                0x00000000080011d0       0x10 build/obj/chcond.o
                0x00000000080011d0                chCondWait
 .text.chCondWaitTimeoutS
                0x00000000080011e0       0x50 build/obj/chcond.o
                0x00000000080011e0                chCondWaitTimeoutS
 .text.chCondWaitTimeout
                0x0000000008001230       0x10 build/obj/chcond.o
                0x0000000008001230                chCondWaitTimeout
 .text.chEvtRegisterMask
                0x0000000008001240       0x20 build/obj/chevents.o
                0x0000000008001240                chEvtRegisterMask
 .text.chEvtUnregister
                0x0000000008001260       0x20 build/obj/chevents.o
                0x0000000008001260                chEvtUnregister
 .text.chEvtGetAndClearEvents
                0x0000000008001280       0x20 build/obj/chevents.o
                0x0000000008001280                chEvtGetAndClearEvents
 .text.chEvtAddEvents
                0x00000000080012a0       0x20 build/obj/chevents.o
                0x00000000080012a0                chEvtAddEvents
 .text.chEvtSignalI
                0x00000000080012c0       0x40 build/obj/chevents.o
                0x00000000080012c0                chEvtSignalI
 .text.chEvtSignal
                0x0000000008001300       0x10 build/obj/chevents.o
                0x0000000008001300                chEvtSignal
 .text.chEvtBroadcastFlagsI
                0x0000000008001310       0x30 build/obj/chevents.o
                0x0000000008001310                chEvtBroadcastFlagsI
 .text.chEvtBroadcastFlags
                0x0000000008001340       0x10 build/obj/chevents.o
                0x0000000008001340                chEvtBroadcastFlags
 .text.chEvtDispatch
                0x0000000008001350       0x40 build/obj/chevents.o
                0x0000000008001350                chEvtDispatch
 .text.chEvtWaitOne
                0x0000000008001390       0x30 build/obj/chevents.o
                0x0000000008001390                chEvtWaitOne
 .text.chEvtWaitAny
                0x00000000080013c0       0x30 build/obj/chevents.o
                0x00000000080013c0                chEvtWaitAny
 .text.chEvtWaitAll
                0x00000000080013f0       0x30 build/obj/chevents.o
                0x00000000080013f0                chEvtWaitAll
 .text.chEvtWaitOneTimeout
                0x0000000008001420       0x40 build/obj/chevents.o
                0x0000000008001420                chEvtWaitOneTimeout
 .text.chEvtWaitAnyTimeout
                0x0000000008001460       0x40 build/obj/chevents.o
                0x0000000008001460                chEvtWaitAnyTimeout
 .text.chEvtWaitAllTimeout
                0x00000000080014a0       0x40 build/obj/chevents.o
                0x00000000080014a0                chEvtWaitAllTimeout
 .text.chMsgSend
                0x00000000080014e0       0x40 build/obj/chmsg.o
                0x00000000080014e0                chMsgSend
 .text.chMsgWait
                0x0000000008001520       0x40 build/obj/chmsg.o
                0x0000000008001520                chMsgWait
 .text.chMsgRelease
                0x0000000008001560       0x10 build/obj/chmsg.o
                0x0000000008001560                chMsgRelease
 .text.chMBInit
                0x0000000008001570       0x30 build/obj/chmboxes.o
                0x0000000008001570                chMBInit
 .text.chMBReset
                0x00000000080015a0       0x30 build/obj/chmboxes.o
                0x00000000080015a0                chMBReset
 .text.chMBPostS
                0x00000000080015d0       0x40 build/obj/chmboxes.o
                0x00000000080015d0                chMBPostS
 .text.chMBPost
                0x0000000008001610       0x10 build/obj/chmboxes.o
                0x0000000008001610                chMBPost
 .text.chMBPostI
                0x0000000008001620       0x30 build/obj/chmboxes.o
                0x0000000008001620                chMBPostI
 .text.chMBPostAheadS
                0x0000000008001650       0x40 build/obj/chmboxes.o
                0x0000000008001650                chMBPostAheadS
 .text.chMBPostAhead
                0x0000000008001690       0x10 build/obj/chmboxes.o
                0x0000000008001690                chMBPostAhead
 .text.chMBPostAheadI
                0x00000000080016a0       0x40 build/obj/chmboxes.o
                0x00000000080016a0                chMBPostAheadI
 .text.chMBFetchS
                0x00000000080016e0       0x40 build/obj/chmboxes.o
                0x00000000080016e0                chMBFetchS
 .text.chMBFetch
                0x0000000008001720       0x10 build/obj/chmboxes.o
                0x0000000008001720                chMBFetch
 .text.chMBFetchI
                0x0000000008001730       0x30 build/obj/chmboxes.o
                0x0000000008001730                chMBFetchI
 .text.qwait    0x0000000008001760       0x30 build/obj/chqueues.o
 .text.chIQInit
                0x0000000008001790       0x20 build/obj/chqueues.o
                0x0000000008001790                chIQInit
 .text.chIQResetI
                0x00000000080017b0       0x30 build/obj/chqueues.o
                0x00000000080017b0                chIQResetI
 .text.chIQPutI
                0x00000000080017e0       0x50 build/obj/chqueues.o
                0x00000000080017e0                chIQPutI
 .text.chIQGetTimeout
                0x0000000008001830       0x40 build/obj/chqueues.o
                0x0000000008001830                chIQGetTimeout
 .text.chIQReadTimeout
                0x0000000008001870       0x70 build/obj/chqueues.o
                0x0000000008001870                chIQReadTimeout
 .text.chOQInit
                0x00000000080018e0       0x20 build/obj/chqueues.o
                0x00000000080018e0                chOQInit
 .text.chOQResetI
                0x0000000008001900       0x30 build/obj/chqueues.o
                0x0000000008001900                chOQResetI
 .text.chOQPutTimeout
                0x0000000008001930       0x50 build/obj/chqueues.o
                0x0000000008001930                chOQPutTimeout
 .text.chOQGetI
                0x0000000008001980       0x50 build/obj/chqueues.o
                0x0000000008001980                chOQGetI
 .text.chOQWriteTimeout
                0x00000000080019d0       0x80 build/obj/chqueues.o
                0x00000000080019d0                chOQWriteTimeout
 .text._core_init
                0x0000000008001a50       0x30 build/obj/chmemcore.o
                0x0000000008001a50                _core_init
 .text.chCoreAlloc
                0x0000000008001a80       0x30 build/obj/chmemcore.o
                0x0000000008001a80                chCoreAlloc
 .text.chCoreStatus
                0x0000000008001ab0       0x20 build/obj/chmemcore.o
                0x0000000008001ab0                chCoreStatus
 .text._heap_init
                0x0000000008001ad0       0x20 build/obj/chheap.o
                0x0000000008001ad0                _heap_init
 .text.chHeapInit
                0x0000000008001af0       0x20 build/obj/chheap.o
                0x0000000008001af0                chHeapInit
 .text.chHeapAlloc
                0x0000000008001b10       0x80 build/obj/chheap.o
                0x0000000008001b10                chHeapAlloc
 .text.chHeapFree
                0x0000000008001b90       0x80 build/obj/chheap.o
                0x0000000008001b90                chHeapFree
 .text.chHeapStatus
                0x0000000008001c10       0x40 build/obj/chheap.o
                0x0000000008001c10                chHeapStatus
 .text.chPoolInit
                0x0000000008001c50       0x10 build/obj/chmempools.o
                0x0000000008001c50                chPoolInit
 .text.chPoolLoadArray
                0x0000000008001c60       0x60 build/obj/chmempools.o
                0x0000000008001c60                chPoolLoadArray
 .text.chPoolAlloc
                0x0000000008001cc0       0x20 build/obj/chmempools.o
                0x0000000008001cc0                chPoolAlloc
 .text.chPoolFree
                0x0000000008001ce0       0x10 build/obj/chmempools.o
                0x0000000008001ce0                chPoolFree
 .text.tmr      0x0000000008001cf0       0x10 build/obj/test.o
 .text.print_line
                0x0000000008001d00       0x40 build/obj/test.o
 .text.test_printn
                0x0000000008001d40       0xa0 build/obj/test.o
                0x0000000008001d40                test_printn
 .text.test_print
                0x0000000008001de0       0x30 build/obj/test.o
                0x0000000008001de0                test_print
 .text.test_println
                0x0000000008001e10       0x40 build/obj/test.o
                0x0000000008001e10                test_println
 .text.test_emit_token
                0x0000000008001e50       0x20 build/obj/test.o
                0x0000000008001e50                test_emit_token
 .text._test_assert
                0x0000000008001e70       0x30 build/obj/test.o
                0x0000000008001e70                _test_assert
 .text._test_assert_sequence
                0x0000000008001ea0       0xa0 build/obj/test.o
                0x0000000008001ea0                _test_assert_sequence
 .text._test_assert_time_window
                0x0000000008001f40       0x40 build/obj/test.o
                0x0000000008001f40                _test_assert_time_window
 .text.test_terminate_threads
                0x0000000008001f80       0x40 build/obj/test.o
                0x0000000008001f80                test_terminate_threads
 .text.test_wait_threads
                0x0000000008001fc0       0x50 build/obj/test.o
                0x0000000008001fc0                test_wait_threads
 .text.test_cpu_pulse
                0x0000000008002010       0x40 build/obj/test.o
                0x0000000008002010                test_cpu_pulse
 .text.test_wait_tick
                0x0000000008002050       0x20 build/obj/test.o
                0x0000000008002050                test_wait_tick
 .text.test_start_timer
                0x0000000008002070       0x40 build/obj/test.o
                0x0000000008002070                test_start_timer
 .text.TestThread
                0x00000000080020b0      0x340 build/obj/test.o
                0x00000000080020b0                TestThread
 .text.thd3_execute
                0x00000000080023f0      0x120 build/obj/testthd.o
 .text.thd2_execute
                0x0000000008002510       0xe0 build/obj/testthd.o
 .text.thd1_execute
                0x00000000080025f0       0xd0 build/obj/testthd.o
 .text.thread   0x00000000080026c0       0x10 build/obj/testthd.o
 .text.thd4_execute
                0x00000000080026d0       0x80 build/obj/testthd.o
 .text.sem3_setup
                0x0000000008002750       0x10 build/obj/testsem.o
 .text.sem2_setup
                0x0000000008002760       0x10 build/obj/testsem.o
 .text.sem1_setup
                0x0000000008002770       0x10 build/obj/testsem.o
 .text.sem4_execute
                0x0000000008002780       0xf0 build/obj/testsem.o
 .text.thread4  0x0000000008002870       0x20 build/obj/testsem.o
 .text.thread3  0x0000000008002890       0x20 build/obj/testsem.o
 .text.thread1  0x00000000080028b0       0x20 build/obj/testsem.o
 .text.thread2  0x00000000080028d0       0x20 build/obj/testsem.o
 .text.sem1_execute
                0x00000000080028f0      0x140 build/obj/testsem.o
 .text.sem3_execute
                0x0000000008002a30       0x90 build/obj/testsem.o
 .text.sem2_execute
                0x0000000008002ac0      0x250 build/obj/testsem.o
 .text.mtx8_execute
                0x0000000008002d10       0xa0 build/obj/testmtx.o
 .text.thread12
                0x0000000008002db0       0x20 build/obj/testmtx.o
 .text.thread1  0x0000000008002dd0       0x20 build/obj/testmtx.o
 .text.thread10
                0x0000000008002df0       0x30 build/obj/testmtx.o
 .text.thread11
                0x0000000008002e20       0x40 build/obj/testmtx.o
 .text.mtx8_setup
                0x0000000008002e60       0x30 build/obj/testmtx.o
 .text.mtx7_setup
                0x0000000008002e90       0x20 build/obj/testmtx.o
 .text.mtx6_setup
                0x0000000008002eb0       0x20 build/obj/testmtx.o
 .text.mtx5_setup
                0x0000000008002ed0       0x10 build/obj/testmtx.o
 .text.mtx4_setup
                0x0000000008002ee0       0x20 build/obj/testmtx.o
 .text.mtx3_setup
                0x0000000008002f00       0x20 build/obj/testmtx.o
 .text.mtx2_setup
                0x0000000008002f20       0x10 build/obj/testmtx.o
 .text.mtx1_setup
                0x0000000008002f30       0x10 build/obj/testmtx.o
 .text.mtx7_execute
                0x0000000008002f40       0xd0 build/obj/testmtx.o
 .text.mtx6_execute
                0x0000000008003010       0xf0 build/obj/testmtx.o
 .text.mtx1_execute
                0x0000000008003100       0xf0 build/obj/testmtx.o
 .text.mtx5_execute
                0x00000000080031f0       0xb0 build/obj/testmtx.o
 .text.mtx4_execute
                0x00000000080032a0      0x240 build/obj/testmtx.o
 .text.thread4b
                0x00000000080034e0       0x20 build/obj/testmtx.o
 .text.thread4a
                0x0000000008003500       0x20 build/obj/testmtx.o
 .text.mtx3_execute
                0x0000000008003520       0xf0 build/obj/testmtx.o
 .text.mtx2_execute
                0x0000000008003610       0xb0 build/obj/testmtx.o
 .text.thread3HH
                0x00000000080036c0       0x30 build/obj/testmtx.o
 .text.thread3H
                0x00000000080036f0       0x20 build/obj/testmtx.o
 .text.thread3M
                0x0000000008003710       0x30 build/obj/testmtx.o
 .text.thread3L
                0x0000000008003740       0x40 build/obj/testmtx.o
 .text.thread3LL
                0x0000000008003780       0x20 build/obj/testmtx.o
 .text.thread2L
                0x00000000080037a0       0x30 build/obj/testmtx.o
 .text.thread2M
                0x00000000080037d0       0x20 build/obj/testmtx.o
 .text.thread2H
                0x00000000080037f0       0x30 build/obj/testmtx.o
 .text.msg1_execute
                0x0000000008003820       0x80 build/obj/testmsg.o
 .text.thread   0x00000000080038a0       0x20 build/obj/testmsg.o
 .text.mbox1_execute
                0x00000000080038c0      0x500 build/obj/testmbox.o
 .text.mbox1_setup
                0x0000000008003dc0       0x20 build/obj/testmbox.o
 .text.evt3_setup
                0x0000000008003de0       0x10 build/obj/testevt.o
 .text.evt2_setup
                0x0000000008003df0       0x10 build/obj/testevt.o
 .text.evt1_setup
                0x0000000008003e00       0x10 build/obj/testevt.o
 .text.evt2_execute
                0x0000000008003e10      0x240 build/obj/testevt.o
 .text.thread2  0x0000000008004050       0x30 build/obj/testevt.o
 .text.thread1  0x0000000008004080       0x20 build/obj/testevt.o
 .text.evt1_execute
                0x00000000080040a0       0x90 build/obj/testevt.o
 .text.h3       0x0000000008004130       0x10 build/obj/testevt.o
 .text.h2       0x0000000008004140       0x10 build/obj/testevt.o
 .text.h1       0x0000000008004150       0x10 build/obj/testevt.o
 .text.evt3_execute
                0x0000000008004160       0xa0 build/obj/testevt.o
 .text.heap1_execute
                0x0000000008004200      0x230 build/obj/testheap.o
 .text.heap1_setup
                0x0000000008004430       0x20 build/obj/testheap.o
 .text.null_provider
                0x0000000008004450       0x10 build/obj/testpools.o
 .text.pools1_setup
                0x0000000008004460       0x20 build/obj/testpools.o
 .text.pools1_execute
                0x0000000008004480      0x180 build/obj/testpools.o
 .text.regfind  0x0000000008004600       0x20 build/obj/testdyn.o
 .text.dyn3_execute
                0x0000000008004620      0x120 build/obj/testdyn.o
 .text.thread   0x0000000008004740       0x10 build/obj/testdyn.o
 .text.dyn3_setup
                0x0000000008004750       0x20 build/obj/testdyn.o
 .text.dyn1_setup
                0x0000000008004770       0x20 build/obj/testdyn.o
 .text.dyn2_execute
                0x0000000008004790      0x170 build/obj/testdyn.o
 .text.dyn2_setup
                0x0000000008004900       0x20 build/obj/testdyn.o
 .text.dyn1_execute
                0x0000000008004920      0x110 build/obj/testdyn.o
 .text.notify   0x0000000008004a30       0x10 build/obj/testqueues.o
 .text.thread2  0x0000000008004a40       0x20 build/obj/testqueues.o
 .text.queues2_setup
                0x0000000008004a60       0x30 build/obj/testqueues.o
 .text.thread1  0x0000000008004a90       0x20 build/obj/testqueues.o
 .text.queues1_setup
                0x0000000008004ab0       0x30 build/obj/testqueues.o
 .text.queues2_execute
                0x0000000008004ae0      0x220 build/obj/testqueues.o
 .text.queues1_execute
                0x0000000008004d00      0x240 build/obj/testqueues.o
 .text.thread2  0x0000000008004f40       0x10 build/obj/testbmk.o
 .text.tmo      0x0000000008004f50       0x10 build/obj/testbmk.o
 .text.bmk13_execute
                0x0000000008004f60       0xf0 build/obj/testbmk.o
 .text.bmk12_execute
                0x0000000008005050       0x70 build/obj/testbmk.o
 .text.bmk12_setup
                0x00000000080050c0       0x10 build/obj/testbmk.o
 .text.thread3  0x00000000080050d0       0x30 build/obj/testbmk.o
 .text.bmk11_execute
                0x0000000008005100       0x70 build/obj/testbmk.o
 .text.bmk11_setup
                0x0000000008005170       0x10 build/obj/testbmk.o
 .text.bmk7_setup
                0x0000000008005180       0x10 build/obj/testbmk.o
 .text.bmk10_execute
                0x0000000008005190       0x90 build/obj/testbmk.o
 .text.bmk9_execute
                0x0000000008005220       0xb0 build/obj/testbmk.o
 .text.bmk6_execute
                0x00000000080052d0       0x80 build/obj/testbmk.o
 .text.bmk8_execute
                0x0000000008005350       0xe0 build/obj/testbmk.o
 .text.thread8  0x0000000008005430       0x30 build/obj/testbmk.o
 .text.bmk7_execute
                0x0000000008005460      0x120 build/obj/testbmk.o
 .text.bmk5_execute
                0x0000000008005580       0x80 build/obj/testbmk.o
 .text.bmk4_execute
                0x0000000008005600       0xb0 build/obj/testbmk.o
 .text.msg_loop_test
                0x00000000080056b0       0x40 build/obj/testbmk.o
 .text.bmk3_execute
                0x00000000080056f0       0xe0 build/obj/testbmk.o
 .text.bmk2_execute
                0x00000000080057d0       0x70 build/obj/testbmk.o
 .text.bmk1_execute
                0x0000000008005840       0x70 build/obj/testbmk.o
 .text.thread1  0x00000000080058b0       0x20 build/obj/testbmk.o
 .text.thread4  0x00000000080058d0       0x20 build/obj/testbmk.o
                0x00000000080058d0                thread4
 .text.halInit  0x00000000080058f0       0x20 build/obj/hal.o
                0x00000000080058f0                halInit
 .text.readt    0x0000000008005910       0x10 build/obj/serial.o
 .text.read     0x0000000008005920       0x10 build/obj/serial.o
 .text.writet   0x0000000008005930       0x10 build/obj/serial.o
 .text.write    0x0000000008005940       0x10 build/obj/serial.o
 .text.gett     0x0000000008005950       0x10 build/obj/serial.o
 .text.get      0x0000000008005960       0x10 build/obj/serial.o
 .text.putt     0x0000000008005970       0x10 build/obj/serial.o
 .text.put      0x0000000008005980       0x10 build/obj/serial.o
 .text.sdInit   0x0000000008005990       0x10 build/obj/serial.o
                0x0000000008005990                sdInit
 .text.sdObjectInit
                0x00000000080059a0       0x40 build/obj/serial.o
                0x00000000080059a0                sdObjectInit
 .text.sdStart  0x00000000080059e0       0x20 build/obj/serial.o
                0x00000000080059e0                sdStart
 .text.sdIncomingDataI
                0x0000000008005a00       0x40 build/obj/serial.o
                0x0000000008005a00                sdIncomingDataI
 .text.hal_lld_init
                0x0000000008005a40       0x90 build/obj/hal_lld.o
                0x0000000008005a40                hal_lld_init
 .text.stm32_clock_init
                0x0000000008005ad0       0x90 build/obj/hal_lld.o
                0x0000000008005ad0                stm32_clock_init
 .text._pal_lld_init
                0x0000000008005b60       0xc0 build/obj/pal_lld.o
                0x0000000008005b60                _pal_lld_init
 .text._pal_lld_setgroupmode
                0x0000000008005c20       0xd0 build/obj/pal_lld.o
                0x0000000008005c20                _pal_lld_setgroupmode
 .text.notify1  0x0000000008005cf0       0x10 build/obj/serial_lld.o
 .text.VectorAC
                0x0000000008005d00       0xd0 build/obj/serial_lld.o
                0x0000000008005d00                VectorAC
 .text.sd_lld_init
                0x0000000008005dd0       0x30 build/obj/serial_lld.o
                0x0000000008005dd0                sd_lld_init
 .text.sd_lld_start
                0x0000000008005e00       0x70 build/obj/serial_lld.o
                0x0000000008005e00                sd_lld_start
 .text.__early_init
                0x0000000008005e70       0x10 build/obj/board.o
                0x0000000008005e70                __early_init
 .text.boardInit
                0x0000000008005e80       0x10 build/obj/board.o
                0x0000000008005e80                boardInit
 .text.Thread2  0x0000000008005e90       0x30 build/obj/main.o
 .text.Thread1  0x0000000008005ec0       0x40 build/obj/main.o
 *(.rodata)
 *(.rodata.*)
 .rodata.str1.4
                0x0000000008005f00        0x5 build/obj/chsys.o
                                          0x8 (size before relaxing)
 *fill*         0x0000000008005f05        0xb 
 .rodata.ch_debug
                0x0000000008005f10       0x18 build/obj/chregistry.o
                0x0000000008005f10                ch_debug
 *fill*         0x0000000008005f28        0x8 
 .rodata.wa     0x0000000008005f30       0x14 build/obj/test.o
                0x0000000008005f30                wa
 *fill*         0x0000000008005f44        0xc 
 .rodata.str1.4
                0x0000000008005f50      0x1c3 build/obj/test.o
                                        0x1d0 (size before relaxing)
 *fill*         0x0000000008006113        0xd 
 .rodata.patterns
                0x0000000008006120       0x30 build/obj/test.o
 .rodata.testthd1
                0x0000000008006150       0x10 build/obj/testthd.o
                0x0000000008006150                testthd1
 .rodata.testthd2
                0x0000000008006160       0x10 build/obj/testthd.o
                0x0000000008006160                testthd2
 .rodata.testthd3
                0x0000000008006170       0x10 build/obj/testthd.o
                0x0000000008006170                testthd3
 .rodata.testthd4
                0x0000000008006180       0x10 build/obj/testthd.o
                0x0000000008006180                testthd4
 .rodata.patternthd
                0x0000000008006190       0x14 build/obj/testthd.o
                0x0000000008006190                patternthd
 *fill*         0x00000000080061a4        0xc 
 .rodata.str1.4
                0x00000000080061b0       0x7b build/obj/testthd.o
                                         0x80 (size before relaxing)
 *fill*         0x000000000800622b        0x5 
 .rodata.testsem1
                0x0000000008006230       0x10 build/obj/testsem.o
                0x0000000008006230                testsem1
 .rodata.testsem2
                0x0000000008006240       0x10 build/obj/testsem.o
                0x0000000008006240                testsem2
 .rodata.testsem3
                0x0000000008006250       0x10 build/obj/testsem.o
                0x0000000008006250                testsem3
 .rodata.testsem4
                0x0000000008006260       0x10 build/obj/testsem.o
                0x0000000008006260                testsem4
 .rodata.patternsem
                0x0000000008006270       0x14 build/obj/testsem.o
                0x0000000008006270                patternsem
 *fill*         0x0000000008006284        0xc 
 .rodata.str1.4
                0x0000000008006290       0x6e build/obj/testsem.o
                                         0x8c (size before relaxing)
 *fill*         0x00000000080062fe        0x2 
 .rodata.testmtx5
                0x0000000008006300       0x10 build/obj/testmtx.o
                0x0000000008006300                testmtx5
 .rodata.testmtx6
                0x0000000008006310       0x10 build/obj/testmtx.o
                0x0000000008006310                testmtx6
 .rodata.testmtx7
                0x0000000008006320       0x10 build/obj/testmtx.o
                0x0000000008006320                testmtx7
 .rodata.testmtx8
                0x0000000008006330       0x10 build/obj/testmtx.o
                0x0000000008006330                testmtx8
 .rodata.str1.4
                0x0000000008006340       0xed build/obj/testmtx.o
                                        0x10c (size before relaxing)
 *fill*         0x000000000800642d        0x3 
 .rodata.patternmtx
                0x0000000008006430       0x24 build/obj/testmtx.o
                0x0000000008006430                patternmtx
 *fill*         0x0000000008006454        0xc 
 .rodata.testmtx1
                0x0000000008006460       0x10 build/obj/testmtx.o
                0x0000000008006460                testmtx1
 .rodata.testmtx2
                0x0000000008006470       0x10 build/obj/testmtx.o
                0x0000000008006470                testmtx2
 .rodata.testmtx3
                0x0000000008006480       0x10 build/obj/testmtx.o
                0x0000000008006480                testmtx3
 .rodata.testmtx4
                0x0000000008006490       0x10 build/obj/testmtx.o
                0x0000000008006490                testmtx4
 .rodata.testmsg1
                0x00000000080064a0       0x10 build/obj/testmsg.o
                0x00000000080064a0                testmsg1
 .rodata.str1.4
                0x00000000080064b0        0xf build/obj/testmsg.o
                                         0x14 (size before relaxing)
 *fill*         0x00000000080064bf        0x1 
 .rodata.patternmsg
                0x00000000080064c0        0x8 build/obj/testmsg.o
                0x00000000080064c0                patternmsg
 *fill*         0x00000000080064c8        0x8 
 .rodata.patternmbox
                0x00000000080064d0        0x8 build/obj/testmbox.o
                0x00000000080064d0                patternmbox
 *fill*         0x00000000080064d8        0x8 
 .rodata.str1.4
                0x00000000080064e0       0x20 build/obj/testmbox.o
                                         0x28 (size before relaxing)
 .rodata.testmbox1
                0x0000000008006500       0x10 build/obj/testmbox.o
                0x0000000008006500                testmbox1
 .rodata.patternevt
                0x0000000008006510       0x10 build/obj/testevt.o
                0x0000000008006510                patternevt
 .rodata.testevt2
                0x0000000008006520       0x10 build/obj/testevt.o
                0x0000000008006520                testevt2
 .rodata.str1.4
                0x0000000008006530       0x52 build/obj/testevt.o
                                         0x5c (size before relaxing)
 *fill*         0x0000000008006582        0xe 
 .rodata.testevt1
                0x0000000008006590       0x10 build/obj/testevt.o
                0x0000000008006590                testevt1
 .rodata.evhndl
                0x00000000080065a0        0xc build/obj/testevt.o
 *fill*         0x00000000080065ac        0x4 
 .rodata.testevt3
                0x00000000080065b0       0x10 build/obj/testevt.o
                0x00000000080065b0                testevt3
 .rodata.patternheap
                0x00000000080065c0        0x8 build/obj/testheap.o
                0x00000000080065c0                patternheap
 *fill*         0x00000000080065c8        0x8 
 .rodata.str1.4
                0x00000000080065d0       0x28 build/obj/testheap.o
 *fill*         0x00000000080065f8        0x8 
 .rodata.testheap1
                0x0000000008006600       0x10 build/obj/testheap.o
                0x0000000008006600                testheap1
 .rodata.str1.4
                0x0000000008006610       0x1c build/obj/testpools.o
 *fill*         0x000000000800662c        0x4 
 .rodata.patternpools
                0x0000000008006630        0x8 build/obj/testpools.o
                0x0000000008006630                patternpools
 *fill*         0x0000000008006638        0x8 
 .rodata.testpools1
                0x0000000008006640       0x10 build/obj/testpools.o
                0x0000000008006640                testpools1
 .rodata.testdyn1
                0x0000000008006650       0x10 build/obj/testdyn.o
                0x0000000008006650                testdyn1
 .rodata.testdyn2
                0x0000000008006660       0x10 build/obj/testdyn.o
                0x0000000008006660                testdyn2
 .rodata.testdyn3
                0x0000000008006670       0x10 build/obj/testdyn.o
                0x0000000008006670                testdyn3
 .rodata.str1.4
                0x0000000008006680       0x8d build/obj/testdyn.o
                                         0xa4 (size before relaxing)
 *fill*         0x000000000800670d        0x3 
 .rodata.patterndyn
                0x0000000008006710       0x10 build/obj/testdyn.o
                0x0000000008006710                patterndyn
 .rodata.testqueues1
                0x0000000008006720       0x10 build/obj/testqueues.o
                0x0000000008006720                testqueues1
 .rodata.testqueues2
                0x0000000008006730       0x10 build/obj/testqueues.o
                0x0000000008006730                testqueues2
 .rodata.str1.4
                0x0000000008006740       0x2d build/obj/testqueues.o
                                         0x38 (size before relaxing)
 *fill*         0x000000000800676d        0x3 
 .rodata.patternqueues
                0x0000000008006770        0xc build/obj/testqueues.o
                0x0000000008006770                patternqueues
 *fill*         0x000000000800677c        0x4 
 .rodata.testbmk8
                0x0000000008006780       0x10 build/obj/testbmk.o
                0x0000000008006780                testbmk8
 .rodata.patternbmk
                0x0000000008006790       0x38 build/obj/testbmk.o
                0x0000000008006790                patternbmk
 *fill*         0x00000000080067c8        0x8 
 .rodata.testbmk10
                0x00000000080067d0       0x10 build/obj/testbmk.o
                0x00000000080067d0                testbmk10
 .rodata.testbmk4
                0x00000000080067e0       0x10 build/obj/testbmk.o
                0x00000000080067e0                testbmk4
 .rodata.testbmk3
                0x00000000080067f0       0x10 build/obj/testbmk.o
                0x00000000080067f0                testbmk3
 .rodata.testbmk12
                0x0000000008006800       0x10 build/obj/testbmk.o
                0x0000000008006800                testbmk12
 .rodata.testbmk2
                0x0000000008006810       0x10 build/obj/testbmk.o
                0x0000000008006810                testbmk2
 .rodata.str1.4
                0x0000000008006820      0x2c7 build/obj/testbmk.o
                                        0x2c8 (size before relaxing)
 *fill*         0x0000000008006ae7        0x9 
 .rodata.testbmk9
                0x0000000008006af0       0x10 build/obj/testbmk.o
                0x0000000008006af0                testbmk9
 .rodata.testbmk1
                0x0000000008006b00       0x10 build/obj/testbmk.o
                0x0000000008006b00                testbmk1
 .rodata.testbmk11
                0x0000000008006b10       0x10 build/obj/testbmk.o
                0x0000000008006b10                testbmk11
 .rodata.testbmk13
                0x0000000008006b20       0x10 build/obj/testbmk.o
                0x0000000008006b20                testbmk13
 .rodata.testbmk5
                0x0000000008006b30       0x10 build/obj/testbmk.o
                0x0000000008006b30                testbmk5
 .rodata.testbmk6
                0x0000000008006b40       0x10 build/obj/testbmk.o
                0x0000000008006b40                testbmk6
 .rodata.testbmk7
                0x0000000008006b50       0x10 build/obj/testbmk.o
                0x0000000008006b50                testbmk7
 .rodata.vmt    0x0000000008006b60       0x20 build/obj/serial.o
 .rodata.default_config
                0x0000000008006b80       0x10 build/obj/serial_lld.o
 .rodata.pal_default_config
                0x0000000008006b90       0x8c build/obj/board.o
                0x0000000008006b90                pal_default_config
 *fill*         0x0000000008006c1c        0x4 
 .rodata.str1.4
                0x0000000008006c20       0x18 build/obj/main.o
 *(.glue_7t)
 .glue_7t       0x0000000000000000        0x0 linker stubs
 *(.glue_7)
 .glue_7        0x0000000000000000        0x0 linker stubs
 *(.gcc*)

.vfp11_veneer   0x0000000008006c38        0x0
 .vfp11_veneer  0x0000000000000000        0x0 linker stubs

.v4_bx          0x0000000008006c38        0x0
 .v4_bx         0x0000000000000000        0x0 linker stubs

.iplt           0x0000000008006c38        0x0
 .iplt          0x0000000000000000        0x0 build/obj/crt0.o

.rel.dyn        0x0000000008006c38        0x0
 .rel.iplt      0x0000000000000000        0x0 build/obj/crt0.o

.ARM.extab
 *(.ARM.extab* .gnu.linkonce.armextab.*)

.ARM.exidx      0x0000000008006c38        0x0
                0x0000000008006c38                PROVIDE (__exidx_start, .)
 *(.ARM.exidx* .gnu.linkonce.armexidx.*)
                0x0000000008006c38                PROVIDE (__exidx_end, .)

.eh_frame_hdr
 *(.eh_frame_hdr)

.eh_frame
 *(.eh_frame)

.textalign      0x0000000008006c38        0x0
                0x0000000008006c38                . = ALIGN (0x8)
                0x0000000008006c38                _etext = .
                0x0000000008006c38                _textdata = _etext

.stacks         0x0000000020000000      0x800
                0x0000000020000000                . = ALIGN (0x8)
                0x0000000020000000                __main_stack_base__ = .
                0x0000000020000400                . = (. + __main_stack_size__)
 *fill*         0x0000000020000000      0x400 
                0x0000000020000400                . = ALIGN (0x8)
                0x0000000020000400                __main_stack_end__ = .
                0x0000000020000400                __process_stack_base__ = .
                0x0000000020000400                __main_thread_stack_base__ = .
                0x0000000020000800                . = (. + __process_stack_size__)
 *fill*         0x0000000020000400      0x400 
                0x0000000020000800                . = ALIGN (0x8)
                0x0000000020000800                __process_stack_end__ = .
                0x0000000020000800                __main_thread_stack_end__ = .

.data           0x0000000020000800       0xb8 load address 0x0000000008006c38
                0x0000000020000800                . = ALIGN (0x4)
                0x0000000020000800                PROVIDE (_data, .)
 *(.data)
                0x0000000020000800                . = ALIGN (0x4)
 *(.data.*)
 .data.sem1     0x0000000020000800        0xc build/obj/testsem.o
 .data.m1       0x000000002000080c       0x10 build/obj/testmtx.o
 .data.m2       0x000000002000081c       0x10 build/obj/testmtx.o
 .data.c1       0x000000002000082c        0x8 build/obj/testmtx.o
 .data.mb1      0x0000000020000834       0x28 build/obj/testmbox.o
 .data.es1      0x000000002000085c        0x4 build/obj/testevt.o
 .data.es2      0x0000000020000860        0x4 build/obj/testevt.o
 .data.mp1      0x0000000020000864        0xc build/obj/testpools.o
 .data.oq       0x0000000020000870       0x24 build/obj/testqueues.o
 .data.iq       0x0000000020000894       0x24 build/obj/testqueues.o
                0x00000000200008b8                . = ALIGN (0x4)
 *(.ramtext)
                0x00000000200008b8                . = ALIGN (0x4)
                0x00000000200008b8                PROVIDE (_edata, .)

.igot.plt       0x00000000200008b8        0x0 load address 0x0000000008006cf0
 .igot.plt      0x0000000000000000        0x0 build/obj/crt0.o

.bss            0x00000000200008b8      0xb48 load address 0x0000000008006cf0
                0x00000000200008b8                . = ALIGN (0x4)
                0x00000000200008b8                PROVIDE (_bss_start, .)
 *(.bss)
                0x00000000200008b8                . = ALIGN (0x4)
 *(.bss.*)
 .bss.mainthread.4774
                0x00000000200008b8       0x48 build/obj/chsys.o
 .bss._idle_thread_wa
                0x0000000020000900       0xc0 build/obj/chsys.o
                0x0000000020000900                _idle_thread_wa
 .bss.vtlist    0x00000000200009c0       0x10 build/obj/chvt.o
                0x00000000200009c0                vtlist
 .bss.rlist     0x00000000200009d0       0x1c build/obj/chschd.o
                0x00000000200009d0                rlist
 .bss.endmem    0x00000000200009ec        0x4 build/obj/chmemcore.o
 .bss.nextmem   0x00000000200009f0        0x4 build/obj/chmemcore.o
 *fill*         0x00000000200009f4        0x4 
 .bss.default_heap
                0x00000000200009f8       0x20 build/obj/chheap.o
 .bss.test      0x0000000020000a18      0x5f0 build/obj/test.o
                0x0000000020000a18                test
 .bss.failpoint
                0x0000000020001008        0x4 build/obj/test.o
 .bss.local_fail
                0x000000002000100c        0x1 build/obj/test.o
 .bss.test_timer_done
                0x000000002000100d        0x1 build/obj/test.o
                0x000000002000100d                test_timer_done
 *fill*         0x000000002000100e        0x2 
 .bss.tokp      0x0000000020001010        0x4 build/obj/test.o
 .bss.global_fail
                0x0000000020001014        0x1 build/obj/test.o
 *fill*         0x0000000020001015        0x3 
 .bss.vt        0x0000000020001018       0x14 build/obj/test.o
 .bss.threads   0x000000002000102c       0x14 build/obj/test.o
                0x000000002000102c                threads
 .bss.chp       0x0000000020001040        0x4 build/obj/test.o
 .bss.tokens_buffer
                0x0000000020001044       0x10 build/obj/test.o
 *fill*         0x0000000020001054        0x4 
 .bss.test_heap
                0x0000000020001058       0x20 build/obj/testheap.o
 .bss.mp1       0x0000000020001078        0xc build/obj/testdyn.o
 *fill*         0x0000000020001084        0x4 
 .bss.heap1     0x0000000020001088       0x20 build/obj/testdyn.o
 .bss.iq.4916   0x00000000200010a8       0x24 build/obj/testbmk.o
 .bss.ib.4915   0x00000000200010cc       0x10 build/obj/testbmk.o
 .bss.mtx1      0x00000000200010dc       0x10 build/obj/testbmk.o
 .bss.vt2.4927  0x00000000200010ec       0x14 build/obj/testbmk.o
 .bss.sem1      0x0000000020001100        0xc build/obj/testbmk.o
 .bss.vt1.4926  0x000000002000110c       0x14 build/obj/testbmk.o
 .bss.SD1       0x0000000020001120       0x7c build/obj/serial_lld.o
                0x0000000020001120                SD1
 *fill*         0x000000002000119c        0x4 
 .bss.waThread1
                0x00000000200011a0      0x130 build/obj/main.o
 .bss.waThread2
                0x00000000200012d0      0x130 build/obj/main.o
                0x0000000020001400                . = ALIGN (0x4)
 *(COMMON)
                0x0000000020001400                . = ALIGN (0x4)
                0x0000000020001400                PROVIDE (_bss_end, .)
                0x0000000020001400                PROVIDE (end, .)
                0x0000000020001400                _end = .
                0x0000000020001400                __heap_base__ = _end
                0x0000000020002000                __heap_end__ = __ram_end__
OUTPUT(build/ch.elf elf32-littlearm)

.debug_info     0x0000000000000000    0x18fe0
 .debug_info    0x0000000000000000      0x2c7 build/obj/crt0.o
 .debug_info    0x00000000000002c7      0x1eb build/obj/vectors.o
 .debug_info    0x00000000000004b2      0x792 build/obj/chcore_v6m.o
 .debug_info    0x0000000000000c44      0x451 build/obj/nvic.o
 .debug_info    0x0000000000001095      0xa22 build/obj/chsys.o
 .debug_info    0x0000000000001ab7      0x270 build/obj/chvt.o
 .debug_info    0x0000000000001d27      0x999 build/obj/chschd.o
 .debug_info    0x00000000000026c0      0xa4f build/obj/chthreads.o
 .debug_info    0x000000000000310f      0x809 build/obj/chdynamic.o
 .debug_info    0x0000000000003918      0x608 build/obj/chregistry.o
 .debug_info    0x0000000000003f20      0xa4c build/obj/chsem.o
 .debug_info    0x000000000000496c      0x956 build/obj/chmtx.o
 .debug_info    0x00000000000052c2      0x90d build/obj/chcond.o
 .debug_info    0x0000000000005bcf      0xaf1 build/obj/chevents.o
 .debug_info    0x00000000000066c0      0x60e build/obj/chmsg.o
 .debug_info    0x0000000000006cce      0x9e0 build/obj/chmboxes.o
 .debug_info    0x00000000000076ae      0xafd build/obj/chqueues.o
 .debug_info    0x00000000000081ab      0x1e2 build/obj/chmemcore.o
 .debug_info    0x000000000000838d      0x72a build/obj/chheap.o
 .debug_info    0x0000000000008ab7      0x373 build/obj/chmempools.o
 .debug_info    0x0000000000008e2a     0x13e8 build/obj/test.o
 .debug_info    0x000000000000a212      0xc86 build/obj/testthd.o
 .debug_info    0x000000000000ae98     0x11c0 build/obj/testsem.o
 .debug_info    0x000000000000c058     0x1d47 build/obj/testmtx.o
 .debug_info    0x000000000000dd9f      0x757 build/obj/testmsg.o
 .debug_info    0x000000000000e4f6      0xe99 build/obj/testmbox.o
 .debug_info    0x000000000000f38f     0x118b build/obj/testevt.o
 .debug_info    0x000000000001051a      0xbea build/obj/testheap.o
 .debug_info    0x0000000000011104      0x5e8 build/obj/testpools.o
 .debug_info    0x00000000000116ec     0x10bb build/obj/testdyn.o
 .debug_info    0x00000000000127a7     0x119a build/obj/testqueues.o
 .debug_info    0x0000000000013941     0x1d8c build/obj/testbmk.o
 .debug_info    0x00000000000156cd      0x1ea build/obj/hal.o
 .debug_info    0x00000000000158b7     0x1062 build/obj/serial.o
 .debug_info    0x0000000000016919      0x2ef build/obj/hal_lld.o
 .debug_info    0x0000000000016c08      0x557 build/obj/pal_lld.o
 .debug_info    0x000000000001715f      0xdf1 build/obj/serial_lld.o
 .debug_info    0x0000000000017f50      0x1b7 build/obj/board.o
 .debug_info    0x0000000000018107      0xd3b build/obj/main.o
 .debug_info    0x0000000000018e42       0xcf /home/matt/arm_cortex/gcc-arm-none-eabi/bin/../lib/gcc/arm-none-eabi/4.7.4/armv6-m/libgcc.a(_udivsi3.o)
 .debug_info    0x0000000000018f11       0xcf /home/matt/arm_cortex/gcc-arm-none-eabi/bin/../lib/gcc/arm-none-eabi/4.7.4/armv6-m/libgcc.a(_dvmd_tls.o)

.debug_abbrev   0x0000000000000000     0x5322
 .debug_abbrev  0x0000000000000000       0xfe build/obj/crt0.o
 .debug_abbrev  0x00000000000000fe       0xaf build/obj/vectors.o
 .debug_abbrev  0x00000000000001ad      0x18c build/obj/chcore_v6m.o
 .debug_abbrev  0x0000000000000339       0xf0 build/obj/nvic.o
 .debug_abbrev  0x0000000000000429      0x1f7 build/obj/chsys.o
 .debug_abbrev  0x0000000000000620      0x133 build/obj/chvt.o
 .debug_abbrev  0x0000000000000753      0x2d6 build/obj/chschd.o
 .debug_abbrev  0x0000000000000a29      0x333 build/obj/chthreads.o
 .debug_abbrev  0x0000000000000d5c      0x1e8 build/obj/chdynamic.o
 .debug_abbrev  0x0000000000000f44      0x165 build/obj/chregistry.o
 .debug_abbrev  0x00000000000010a9      0x2e7 build/obj/chsem.o
 .debug_abbrev  0x0000000000001390      0x2f9 build/obj/chmtx.o
 .debug_abbrev  0x0000000000001689      0x2c6 build/obj/chcond.o
 .debug_abbrev  0x000000000000194f      0x2dc build/obj/chevents.o
 .debug_abbrev  0x0000000000001c2b      0x1f6 build/obj/chmsg.o
 .debug_abbrev  0x0000000000001e21      0x1f3 build/obj/chmboxes.o
 .debug_abbrev  0x0000000000002014      0x2f3 build/obj/chqueues.o
 .debug_abbrev  0x0000000000002307      0x14c build/obj/chmemcore.o
 .debug_abbrev  0x0000000000002453      0x1b6 build/obj/chheap.o
 .debug_abbrev  0x0000000000002609      0x1f2 build/obj/chmempools.o
 .debug_abbrev  0x00000000000027fb      0x505 build/obj/test.o
 .debug_abbrev  0x0000000000002d00      0x26a build/obj/testthd.o
 .debug_abbrev  0x0000000000002f6a      0x2a2 build/obj/testsem.o
 .debug_abbrev  0x000000000000320c      0x298 build/obj/testmtx.o
 .debug_abbrev  0x00000000000034a4      0x1ee build/obj/testmsg.o
 .debug_abbrev  0x0000000000003692      0x1d7 build/obj/testmbox.o
 .debug_abbrev  0x0000000000003869      0x2c4 build/obj/testevt.o
 .debug_abbrev  0x0000000000003b2d      0x1e8 build/obj/testheap.o
 .debug_abbrev  0x0000000000003d15      0x1c9 build/obj/testpools.o
 .debug_abbrev  0x0000000000003ede      0x276 build/obj/testdyn.o
 .debug_abbrev  0x0000000000004154      0x2e1 build/obj/testqueues.o
 .debug_abbrev  0x0000000000004435      0x333 build/obj/testbmk.o
 .debug_abbrev  0x0000000000004768       0xd3 build/obj/hal.o
 .debug_abbrev  0x000000000000483b      0x269 build/obj/serial.o
 .debug_abbrev  0x0000000000004aa4       0xcd build/obj/hal_lld.o
 .debug_abbrev  0x0000000000004b71      0x1a1 build/obj/pal_lld.o
 .debug_abbrev  0x0000000000004d12      0x2fc build/obj/serial_lld.o
 .debug_abbrev  0x000000000000500e       0xc8 build/obj/board.o
 .debug_abbrev  0x00000000000050d6      0x224 build/obj/main.o
 .debug_abbrev  0x00000000000052fa       0x14 /home/matt/arm_cortex/gcc-arm-none-eabi/bin/../lib/gcc/arm-none-eabi/4.7.4/armv6-m/libgcc.a(_udivsi3.o)
 .debug_abbrev  0x000000000000530e       0x14 /home/matt/arm_cortex/gcc-arm-none-eabi/bin/../lib/gcc/arm-none-eabi/4.7.4/armv6-m/libgcc.a(_dvmd_tls.o)

.debug_loc      0x0000000000000000     0x793e
 .debug_loc     0x0000000000000000       0x6a build/obj/crt0.o
 .debug_loc     0x000000000000006a       0x91 build/obj/chcore_v6m.o
 .debug_loc     0x00000000000000fb      0x1a7 build/obj/nvic.o
 .debug_loc     0x00000000000002a2       0x9e build/obj/chsys.o
 .debug_loc     0x0000000000000340      0x13a build/obj/chvt.o
 .debug_loc     0x000000000000047a      0x38e build/obj/chschd.o
 .debug_loc     0x0000000000000808      0x44c build/obj/chthreads.o
 .debug_loc     0x0000000000000c54      0x35d build/obj/chdynamic.o
 .debug_loc     0x0000000000000fb1       0x81 build/obj/chregistry.o
 .debug_loc     0x0000000000001032      0x6fc build/obj/chsem.o
 .debug_loc     0x000000000000172e      0x48f build/obj/chmtx.o
 .debug_loc     0x0000000000001bbd      0x517 build/obj/chcond.o
 .debug_loc     0x00000000000020d4      0x7ba build/obj/chevents.o
 .debug_loc     0x000000000000288e      0x1d0 build/obj/chmsg.o
 .debug_loc     0x0000000000002a5e      0x70f build/obj/chmboxes.o
 .debug_loc     0x000000000000316d      0x887 build/obj/chqueues.o
 .debug_loc     0x00000000000039f4       0xbf build/obj/chmemcore.o
 .debug_loc     0x0000000000003ab3      0x411 build/obj/chheap.o
 .debug_loc     0x0000000000003ec4      0x219 build/obj/chmempools.o
 .debug_loc     0x00000000000040dd      0x81a build/obj/test.o
 .debug_loc     0x00000000000048f7      0x195 build/obj/testthd.o
 .debug_loc     0x0000000000004a8c      0x32b build/obj/testsem.o
 .debug_loc     0x0000000000004db7      0x7f2 build/obj/testmtx.o
 .debug_loc     0x00000000000055a9       0xb4 build/obj/testmsg.o
 .debug_loc     0x000000000000565d      0x1c2 build/obj/testmbox.o
 .debug_loc     0x000000000000581f      0x38a build/obj/testevt.o
 .debug_loc     0x0000000000005ba9      0x1d8 build/obj/testheap.o
 .debug_loc     0x0000000000005d81      0x155 build/obj/testpools.o
 .debug_loc     0x0000000000005ed6      0x2ea build/obj/testdyn.o
 .debug_loc     0x00000000000061c0      0x37c build/obj/testqueues.o
 .debug_loc     0x000000000000653c      0x66e build/obj/testbmk.o
 .debug_loc     0x0000000000006baa       0x20 build/obj/hal.o
 .debug_loc     0x0000000000006bca      0x6ee build/obj/serial.o
 .debug_loc     0x00000000000072b8       0x20 build/obj/hal_lld.o
 .debug_loc     0x00000000000072d8      0x2f9 build/obj/pal_lld.o
 .debug_loc     0x00000000000075d1      0x29f build/obj/serial_lld.o
 .debug_loc     0x0000000000007870       0x20 build/obj/board.o
 .debug_loc     0x0000000000007890       0xae build/obj/main.o

.debug_aranges  0x0000000000000000      0xcc0
 .debug_aranges
                0x0000000000000000       0x38 build/obj/crt0.o
 .debug_aranges
                0x0000000000000038       0x20 build/obj/vectors.o
 .debug_aranges
                0x0000000000000058       0x48 build/obj/chcore_v6m.o
 .debug_aranges
                0x00000000000000a0       0x30 build/obj/nvic.o
 .debug_aranges
                0x00000000000000d0       0x30 build/obj/chsys.o
 .debug_aranges
                0x0000000000000100       0x38 build/obj/chvt.o
 .debug_aranges
                0x0000000000000138       0x68 build/obj/chschd.o
 .debug_aranges
                0x00000000000001a0       0x78 build/obj/chthreads.o
 .debug_aranges
                0x0000000000000218       0x38 build/obj/chdynamic.o
 .debug_aranges
                0x0000000000000250       0x28 build/obj/chregistry.o
 .debug_aranges
                0x0000000000000278       0x70 build/obj/chsem.o
 .debug_aranges
                0x00000000000002e8       0x58 build/obj/chmtx.o
 .debug_aranges
                0x0000000000000340       0x60 build/obj/chcond.o
 .debug_aranges
                0x00000000000003a0       0xa0 build/obj/chevents.o
 .debug_aranges
                0x0000000000000440       0x30 build/obj/chmsg.o
 .debug_aranges
                0x0000000000000470       0x70 build/obj/chmboxes.o
 .debug_aranges
                0x00000000000004e0       0x70 build/obj/chqueues.o
 .debug_aranges
                0x0000000000000550       0x38 build/obj/chmemcore.o
 .debug_aranges
                0x0000000000000588       0x40 build/obj/chheap.o
 .debug_aranges
                0x00000000000005c8       0x48 build/obj/chmempools.o
 .debug_aranges
                0x0000000000000610       0x98 build/obj/test.o
 .debug_aranges
                0x00000000000006a8       0x40 build/obj/testthd.o
 .debug_aranges
                0x00000000000006e8       0x70 build/obj/testsem.o
 .debug_aranges
                0x0000000000000758      0x108 build/obj/testmtx.o
 .debug_aranges
                0x0000000000000860       0x28 build/obj/testmsg.o
 .debug_aranges
                0x0000000000000888       0x28 build/obj/testmbox.o
 .debug_aranges
                0x00000000000008b0       0x70 build/obj/testevt.o
 .debug_aranges
                0x0000000000000920       0x28 build/obj/testheap.o
 .debug_aranges
                0x0000000000000948       0x30 build/obj/testpools.o
 .debug_aranges
                0x0000000000000978       0x58 build/obj/testdyn.o
 .debug_aranges
                0x00000000000009d0       0x50 build/obj/testqueues.o
 .debug_aranges
                0x0000000000000a20       0xd0 build/obj/testbmk.o
 .debug_aranges
                0x0000000000000af0       0x20 build/obj/hal.o
 .debug_aranges
                0x0000000000000b10       0x88 build/obj/serial.o
 .debug_aranges
                0x0000000000000b98       0x28 build/obj/hal_lld.o
 .debug_aranges
                0x0000000000000bc0       0x28 build/obj/pal_lld.o
 .debug_aranges
                0x0000000000000be8       0x40 build/obj/serial_lld.o
 .debug_aranges
                0x0000000000000c28       0x28 build/obj/board.o
 .debug_aranges
                0x0000000000000c50       0x30 build/obj/main.o
 .debug_aranges
                0x0000000000000c80       0x20 /home/matt/arm_cortex/gcc-arm-none-eabi/bin/../lib/gcc/arm-none-eabi/4.7.4/armv6-m/libgcc.a(_udivsi3.o)
 .debug_aranges
                0x0000000000000ca0       0x20 /home/matt/arm_cortex/gcc-arm-none-eabi/bin/../lib/gcc/arm-none-eabi/4.7.4/armv6-m/libgcc.a(_dvmd_tls.o)

.debug_ranges   0x0000000000000000     0x1210
 .debug_ranges  0x0000000000000000       0xe0 build/obj/crt0.o
 .debug_ranges  0x00000000000000e0       0x10 build/obj/vectors.o
 .debug_ranges  0x00000000000000f0       0x50 build/obj/chcore_v6m.o
 .debug_ranges  0x0000000000000140       0x20 build/obj/nvic.o
 .debug_ranges  0x0000000000000160       0x20 build/obj/chsys.o
 .debug_ranges  0x0000000000000180       0x28 build/obj/chvt.o
 .debug_ranges  0x00000000000001a8      0x1a8 build/obj/chschd.o
 .debug_ranges  0x0000000000000350       0x80 build/obj/chthreads.o
 .debug_ranges  0x00000000000003d0       0x28 build/obj/chdynamic.o
 .debug_ranges  0x00000000000003f8       0x18 build/obj/chregistry.o
 .debug_ranges  0x0000000000000410      0x168 build/obj/chsem.o
 .debug_ranges  0x0000000000000578      0x140 build/obj/chmtx.o
 .debug_ranges  0x00000000000006b8       0xe0 build/obj/chcond.o
 .debug_ranges  0x0000000000000798       0xc0 build/obj/chevents.o
 .debug_ranges  0x0000000000000858       0x50 build/obj/chmsg.o
 .debug_ranges  0x00000000000008a8       0x60 build/obj/chmboxes.o
 .debug_ranges  0x0000000000000908       0x60 build/obj/chqueues.o
 .debug_ranges  0x0000000000000968       0x58 build/obj/chmemcore.o
 .debug_ranges  0x00000000000009c0       0x30 build/obj/chheap.o
 .debug_ranges  0x00000000000009f0       0xe0 build/obj/chmempools.o
 .debug_ranges  0x0000000000000ad0      0x168 build/obj/test.o
 .debug_ranges  0x0000000000000c38       0x30 build/obj/testthd.o
 .debug_ranges  0x0000000000000c68       0x60 build/obj/testsem.o
 .debug_ranges  0x0000000000000cc8       0xf8 build/obj/testmtx.o
 .debug_ranges  0x0000000000000dc0       0x18 build/obj/testmsg.o
 .debug_ranges  0x0000000000000dd8       0x18 build/obj/testmbox.o
 .debug_ranges  0x0000000000000df0       0x60 build/obj/testevt.o
 .debug_ranges  0x0000000000000e50       0x18 build/obj/testheap.o
 .debug_ranges  0x0000000000000e68       0x50 build/obj/testpools.o
 .debug_ranges  0x0000000000000eb8       0x48 build/obj/testdyn.o
 .debug_ranges  0x0000000000000f00       0x80 build/obj/testqueues.o
 .debug_ranges  0x0000000000000f80       0xc0 build/obj/testbmk.o
 .debug_ranges  0x0000000000001040       0x10 build/obj/hal.o
 .debug_ranges  0x0000000000001050       0x78 build/obj/serial.o
 .debug_ranges  0x00000000000010c8       0x30 build/obj/hal_lld.o
 .debug_ranges  0x00000000000010f8       0x50 build/obj/pal_lld.o
 .debug_ranges  0x0000000000001148       0x90 build/obj/serial_lld.o
 .debug_ranges  0x00000000000011d8       0x18 build/obj/board.o
 .debug_ranges  0x00000000000011f0       0x20 build/obj/main.o

.debug_line     0x0000000000000000     0x6e0b
 .debug_line    0x0000000000000000      0x175 build/obj/crt0.o
 .debug_line    0x0000000000000175       0xef build/obj/vectors.o
 .debug_line    0x0000000000000264      0x22e build/obj/chcore_v6m.o
 .debug_line    0x0000000000000492      0x136 build/obj/nvic.o
 .debug_line    0x00000000000005c8      0x2a9 build/obj/chsys.o
 .debug_line    0x0000000000000871      0x1be build/obj/chvt.o
 .debug_line    0x0000000000000a2f      0x35e build/obj/chschd.o
 .debug_line    0x0000000000000d8d      0x395 build/obj/chthreads.o
 .debug_line    0x0000000000001122      0x28b build/obj/chdynamic.o
 .debug_line    0x00000000000013ad      0x232 build/obj/chregistry.o
 .debug_line    0x00000000000015df      0x3a4 build/obj/chsem.o
 .debug_line    0x0000000000001983      0x345 build/obj/chmtx.o
 .debug_line    0x0000000000001cc8      0x2c5 build/obj/chcond.o
 .debug_line    0x0000000000001f8d      0x359 build/obj/chevents.o
 .debug_line    0x00000000000022e6      0x1f2 build/obj/chmsg.o
 .debug_line    0x00000000000024d8      0x2ac build/obj/chmboxes.o
 .debug_line    0x0000000000002784      0x3af build/obj/chqueues.o
 .debug_line    0x0000000000002b33      0x18f build/obj/chmemcore.o
 .debug_line    0x0000000000002cc2      0x2d4 build/obj/chheap.o
 .debug_line    0x0000000000002f96      0x24a build/obj/chmempools.o
 .debug_line    0x00000000000031e0      0x5b8 build/obj/test.o
 .debug_line    0x0000000000003798      0x298 build/obj/testthd.o
 .debug_line    0x0000000000003a30      0x37b build/obj/testsem.o
 .debug_line    0x0000000000003dab      0x520 build/obj/testmtx.o
 .debug_line    0x00000000000042cb      0x224 build/obj/testmsg.o
 .debug_line    0x00000000000044ef      0x256 build/obj/testmbox.o
 .debug_line    0x0000000000004745      0x332 build/obj/testevt.o
 .debug_line    0x0000000000004a77      0x262 build/obj/testheap.o
 .debug_line    0x0000000000004cd9      0x188 build/obj/testpools.o
 .debug_line    0x0000000000004e61      0x357 build/obj/testdyn.o
 .debug_line    0x00000000000051b8      0x2f7 build/obj/testqueues.o
 .debug_line    0x00000000000054af      0x621 build/obj/testbmk.o
 .debug_line    0x0000000000005ad0      0x1f1 build/obj/hal.o
 .debug_line    0x0000000000005cc1      0x3df build/obj/serial.o
 .debug_line    0x00000000000060a0      0x1b8 build/obj/hal_lld.o
 .debug_line    0x0000000000006258      0x1c9 build/obj/pal_lld.o
 .debug_line    0x0000000000006421      0x3a9 build/obj/serial_lld.o
 .debug_line    0x00000000000067ca      0x18c build/obj/board.o
 .debug_line    0x0000000000006956      0x3a5 build/obj/main.o
 .debug_line    0x0000000000006cfb       0x94 /home/matt/arm_cortex/gcc-arm-none-eabi/bin/../lib/gcc/arm-none-eabi/4.7.4/armv6-m/libgcc.a(_udivsi3.o)
 .debug_line    0x0000000000006d8f       0x7c /home/matt/arm_cortex/gcc-arm-none-eabi/bin/../lib/gcc/arm-none-eabi/4.7.4/armv6-m/libgcc.a(_dvmd_tls.o)

.debug_str      0x0000000000000000     0x243d
 .debug_str     0x0000000000000000      0x1cd build/obj/crt0.o
                                        0x201 (size before relaxing)
 .debug_str     0x00000000000001cd      0x15d build/obj/vectors.o
                                        0x22c (size before relaxing)
 .debug_str     0x000000000000032a      0x2d2 build/obj/chcore_v6m.o
                                        0x3b3 (size before relaxing)
 .debug_str     0x00000000000005fc       0xd3 build/obj/nvic.o
                                        0x1fe (size before relaxing)
 .debug_str     0x00000000000006cf      0x21d build/obj/chsys.o
                                        0x521 (size before relaxing)
 .debug_str     0x00000000000008ec       0x64 build/obj/chvt.o
                                        0x19b (size before relaxing)
 .debug_str     0x0000000000000950       0xe9 build/obj/chschd.o
                                        0x3e1 (size before relaxing)
 .debug_str     0x0000000000000a39       0xeb build/obj/chthreads.o
                                        0x44c (size before relaxing)
 .debug_str     0x0000000000000b24      0x12b build/obj/chdynamic.o
                                        0x3c3 (size before relaxing)
 .debug_str     0x0000000000000c4f       0x5a build/obj/chregistry.o
                                        0x3cf (size before relaxing)
 .debug_str     0x0000000000000ca9       0xe0 build/obj/chsem.o
                                        0x3c5 (size before relaxing)
 .debug_str     0x0000000000000d89       0xa2 build/obj/chmtx.o
                                        0x366 (size before relaxing)
 .debug_str     0x0000000000000e2b       0xc8 build/obj/chcond.o
                                        0x3b3 (size before relaxing)
 .debug_str     0x0000000000000ef3      0x1d1 build/obj/chevents.o
                                        0x48a (size before relaxing)
 .debug_str     0x00000000000010c4       0x55 build/obj/chmsg.o
                                        0x2fe (size before relaxing)
 .debug_str     0x0000000000001119       0xfa build/obj/chmboxes.o
                                        0x38d (size before relaxing)
 .debug_str     0x0000000000001213      0x131 build/obj/chqueues.o
                                        0x3f1 (size before relaxing)
 .debug_str     0x0000000000001344       0x88 build/obj/chmemcore.o
                                        0x161 (size before relaxing)
 .debug_str     0x00000000000013cc       0x60 build/obj/chheap.o
                                        0x34a (size before relaxing)
 .debug_str     0x000000000000142c       0x6d build/obj/chmempools.o
                                        0x1af (size before relaxing)
 .debug_str     0x0000000000001499      0x275 build/obj/test.o
                                        0x5d5 (size before relaxing)
 .debug_str     0x000000000000170e       0x85 build/obj/testthd.o
                                        0x467 (size before relaxing)
 .debug_str     0x0000000000001793       0xee build/obj/testsem.o
                                        0x523 (size before relaxing)
 .debug_str     0x0000000000001881      0x1ac build/obj/testmtx.o
                                        0x621 (size before relaxing)
 .debug_str     0x0000000000001a2d       0x43 build/obj/testmsg.o
                                        0x35a (size before relaxing)
 .debug_str     0x0000000000001a70       0x57 build/obj/testmbox.o
                                        0x3d6 (size before relaxing)
 .debug_str     0x0000000000001ac7       0x97 build/obj/testevt.o
                                        0x58c (size before relaxing)
 .debug_str     0x0000000000001b5e       0x5c build/obj/testheap.o
                                        0x398 (size before relaxing)
 .debug_str     0x0000000000001bba       0x64 build/obj/testpools.o
                                        0x1f1 (size before relaxing)
 .debug_str     0x0000000000001c1e       0x9e build/obj/testdyn.o
                                        0x53c (size before relaxing)
 .debug_str     0x0000000000001cbc       0x84 build/obj/testqueues.o
                                        0x4c3 (size before relaxing)
 .debug_str     0x0000000000001d40      0x197 build/obj/testbmk.o
                                        0x6a8 (size before relaxing)
 .debug_str     0x0000000000001ed7       0xdb build/obj/hal.o
                                        0x19e (size before relaxing)
 .debug_str     0x0000000000001fb2      0x180 build/obj/serial.o
                                        0x548 (size before relaxing)
 .debug_str     0x0000000000002132      0x10f build/obj/hal_lld.o
                                        0x1ed (size before relaxing)
 .debug_str     0x0000000000002241       0xe1 build/obj/pal_lld.o
                                        0x284 (size before relaxing)
 .debug_str     0x0000000000002322       0x8d build/obj/serial_lld.o
                                        0x57b (size before relaxing)
 .debug_str     0x00000000000023af       0x42 build/obj/board.o
                                        0x1a5 (size before relaxing)
 .debug_str     0x00000000000023f1       0x4c build/obj/main.o
                                        0x55c (size before relaxing)

.comment        0x0000000000000000       0x6a
 .comment       0x0000000000000000       0x6a build/obj/crt0.o
                                         0x6b (size before relaxing)
 .comment       0x0000000000000000       0x6b build/obj/vectors.o
 .comment       0x0000000000000000       0x6b build/obj/chcore_v6m.o
 .comment       0x0000000000000000       0x6b build/obj/nvic.o
 .comment       0x0000000000000000       0x6b build/obj/chsys.o
 .comment       0x0000000000000000       0x6b build/obj/chvt.o
 .comment       0x0000000000000000       0x6b build/obj/chschd.o
 .comment       0x0000000000000000       0x6b build/obj/chthreads.o
 .comment       0x0000000000000000       0x6b build/obj/chdynamic.o
 .comment       0x0000000000000000       0x6b build/obj/chregistry.o
 .comment       0x0000000000000000       0x6b build/obj/chsem.o
 .comment       0x0000000000000000       0x6b build/obj/chmtx.o
 .comment       0x0000000000000000       0x6b build/obj/chcond.o
 .comment       0x0000000000000000       0x6b build/obj/chevents.o
 .comment       0x0000000000000000       0x6b build/obj/chmsg.o
 .comment       0x0000000000000000       0x6b build/obj/chmboxes.o
 .comment       0x0000000000000000       0x6b build/obj/chqueues.o
 .comment       0x0000000000000000       0x6b build/obj/chmemcore.o
 .comment       0x0000000000000000       0x6b build/obj/chheap.o
 .comment       0x0000000000000000       0x6b build/obj/chmempools.o
 .comment       0x0000000000000000       0x6b build/obj/test.o
 .comment       0x0000000000000000       0x6b build/obj/testthd.o
 .comment       0x0000000000000000       0x6b build/obj/testsem.o
 .comment       0x0000000000000000       0x6b build/obj/testmtx.o
 .comment       0x0000000000000000       0x6b build/obj/testmsg.o
 .comment       0x0000000000000000       0x6b build/obj/testmbox.o
 .comment       0x0000000000000000       0x6b build/obj/testevt.o
 .comment       0x0000000000000000       0x6b build/obj/testheap.o
 .comment       0x0000000000000000       0x6b build/obj/testpools.o
 .comment       0x0000000000000000       0x6b build/obj/testdyn.o
 .comment       0x0000000000000000       0x6b build/obj/testqueues.o
 .comment       0x0000000000000000       0x6b build/obj/testbmk.o
 .comment       0x0000000000000000       0x6b build/obj/hal.o
 .comment       0x0000000000000000       0x6b build/obj/serial.o
 .comment       0x0000000000000000       0x6b build/obj/hal_lld.o
 .comment       0x0000000000000000       0x6b build/obj/pal_lld.o
 .comment       0x0000000000000000       0x6b build/obj/serial_lld.o
 .comment       0x0000000000000000       0x6b build/obj/board.o
 .comment       0x0000000000000000       0x6b build/obj/main.o

.ARM.attributes
                0x0000000000000000       0x31
 .ARM.attributes
                0x0000000000000000       0x31 build/obj/crt0.o
 .ARM.attributes
                0x0000000000000031       0x31 build/obj/vectors.o
 .ARM.attributes
                0x0000000000000062       0x31 build/obj/chcore_v6m.o
 .ARM.attributes
                0x0000000000000093       0x31 build/obj/nvic.o
 .ARM.attributes
                0x00000000000000c4       0x31 build/obj/chsys.o
 .ARM.attributes
                0x00000000000000f5       0x31 build/obj/chvt.o
 .ARM.attributes
                0x0000000000000126       0x31 build/obj/chschd.o
 .ARM.attributes
                0x0000000000000157       0x31 build/obj/chthreads.o
 .ARM.attributes
                0x0000000000000188       0x31 build/obj/chdynamic.o
 .ARM.attributes
                0x00000000000001b9       0x31 build/obj/chregistry.o
 .ARM.attributes
                0x00000000000001ea       0x31 build/obj/chsem.o
 .ARM.attributes
                0x000000000000021b       0x31 build/obj/chmtx.o
 .ARM.attributes
                0x000000000000024c       0x31 build/obj/chcond.o
 .ARM.attributes
                0x000000000000027d       0x31 build/obj/chevents.o
 .ARM.attributes
                0x00000000000002ae       0x31 build/obj/chmsg.o
 .ARM.attributes
                0x00000000000002df       0x31 build/obj/chmboxes.o
 .ARM.attributes
                0x0000000000000310       0x31 build/obj/chqueues.o
 .ARM.attributes
                0x0000000000000341       0x31 build/obj/chmemcore.o
 .ARM.attributes
                0x0000000000000372       0x31 build/obj/chheap.o
 .ARM.attributes
                0x00000000000003a3       0x31 build/obj/chmempools.o
 .ARM.attributes
                0x00000000000003d4       0x31 build/obj/test.o
 .ARM.attributes
                0x0000000000000405       0x31 build/obj/testthd.o
 .ARM.attributes
                0x0000000000000436       0x31 build/obj/testsem.o
 .ARM.attributes
                0x0000000000000467       0x31 build/obj/testmtx.o
 .ARM.attributes
                0x0000000000000498       0x31 build/obj/testmsg.o
 .ARM.attributes
                0x00000000000004c9       0x31 build/obj/testmbox.o
 .ARM.attributes
                0x00000000000004fa       0x31 build/obj/testevt.o
 .ARM.attributes
                0x000000000000052b       0x31 build/obj/testheap.o
 .ARM.attributes
                0x000000000000055c       0x31 build/obj/testpools.o
 .ARM.attributes
                0x000000000000058d       0x31 build/obj/testdyn.o
 .ARM.attributes
                0x00000000000005be       0x31 build/obj/testqueues.o
 .ARM.attributes
                0x00000000000005ef       0x31 build/obj/testbmk.o
 .ARM.attributes
                0x0000000000000620       0x31 build/obj/hal.o
 .ARM.attributes
                0x0000000000000651       0x31 build/obj/serial.o
 .ARM.attributes
                0x0000000000000682       0x31 build/obj/hal_lld.o
 .ARM.attributes
                0x00000000000006b3       0x31 build/obj/pal_lld.o
 .ARM.attributes
                0x00000000000006e4       0x31 build/obj/serial_lld.o
 .ARM.attributes
                0x0000000000000715       0x31 build/obj/board.o
 .ARM.attributes
                0x0000000000000746       0x31 build/obj/main.o
 .ARM.attributes
                0x0000000000000777       0x1e /home/matt/arm_cortex/gcc-arm-none-eabi/bin/../lib/gcc/arm-none-eabi/4.7.4/armv6-m/libgcc.a(_udivsi3.o)
 .ARM.attributes
                0x0000000000000795       0x1e /home/matt/arm_cortex/gcc-arm-none-eabi/bin/../lib/gcc/arm-none-eabi/4.7.4/armv6-m/libgcc.a(_dvmd_tls.o)

.debug_frame    0x0000000000000000     0x2228
 .debug_frame   0x0000000000000000       0x50 build/obj/crt0.o
 .debug_frame   0x0000000000000050       0x20 build/obj/vectors.o
 .debug_frame   0x0000000000000070       0x7c build/obj/chcore_v6m.o
 .debug_frame   0x00000000000000ec       0x68 build/obj/nvic.o
 .debug_frame   0x0000000000000154       0x5c build/obj/chsys.o
 .debug_frame   0x00000000000001b0       0x68 build/obj/chvt.o
 .debug_frame   0x0000000000000218      0x10c build/obj/chschd.o
 .debug_frame   0x0000000000000324      0x144 build/obj/chthreads.o
 .debug_frame   0x0000000000000468       0x88 build/obj/chdynamic.o
 .debug_frame   0x00000000000004f0       0x3c build/obj/chregistry.o
 .debug_frame   0x000000000000052c      0x154 build/obj/chsem.o
 .debug_frame   0x0000000000000680       0xdc build/obj/chmtx.o
 .debug_frame   0x000000000000075c      0x10c build/obj/chcond.o
 .debug_frame   0x0000000000000868      0x1cc build/obj/chevents.o
 .debug_frame   0x0000000000000a34       0x64 build/obj/chmsg.o
 .debug_frame   0x0000000000000a98      0x150 build/obj/chmboxes.o
 .debug_frame   0x0000000000000be8      0x170 build/obj/chqueues.o
 .debug_frame   0x0000000000000d58       0x50 build/obj/chmemcore.o
 .debug_frame   0x0000000000000da8       0xb0 build/obj/chheap.o
 .debug_frame   0x0000000000000e58       0x94 build/obj/chmempools.o
 .debug_frame   0x0000000000000eec      0x1e4 build/obj/test.o
 .debug_frame   0x00000000000010d0       0xcc build/obj/testthd.o
 .debug_frame   0x000000000000119c      0x158 build/obj/testsem.o
 .debug_frame   0x00000000000012f4      0x3d0 build/obj/testmtx.o
 .debug_frame   0x00000000000016c4       0x48 build/obj/testmsg.o
 .debug_frame   0x000000000000170c       0x50 build/obj/testmbox.o
 .debug_frame   0x000000000000175c      0x158 build/obj/testevt.o
 .debug_frame   0x00000000000018b4       0x54 build/obj/testheap.o
 .debug_frame   0x0000000000001908       0x5c build/obj/testpools.o
 .debug_frame   0x0000000000001964      0x110 build/obj/testdyn.o
 .debug_frame   0x0000000000001a74       0xd0 build/obj/testqueues.o
 .debug_frame   0x0000000000001b44      0x30c build/obj/testbmk.o
 .debug_frame   0x0000000000001e50       0x2c build/obj/hal.o
 .debug_frame   0x0000000000001e7c      0x1a4 build/obj/serial.o
 .debug_frame   0x0000000000002020       0x3c build/obj/hal_lld.o
 .debug_frame   0x000000000000205c       0x54 build/obj/pal_lld.o
 .debug_frame   0x00000000000020b0       0xa8 build/obj/serial_lld.o
 .debug_frame   0x0000000000002158       0x3c build/obj/board.o
 .debug_frame   0x0000000000002194       0x74 build/obj/main.o
 .debug_frame   0x0000000000002208       0x20 /home/matt/arm_cortex/gcc-arm-none-eabi/bin/../lib/gcc/arm-none-eabi/4.7.4/armv6-m/libgcc.a(_udivsi3.o)

Cross Reference Table

Symbol                                            File
BusFaultVector                                    build/obj/vectors.o
DebugMonitorVector                                build/obj/vectors.o
HardFaultVector                                   build/obj/vectors.o
MemManageVector                                   build/obj/vectors.o
NMIVector                                         build/obj/chcore_v6m.o
                                                  build/obj/vectors.o
PendSVVector                                      build/obj/vectors.o
ResetHandler                                      build/obj/crt0.o
                                                  build/obj/vectors.o
SD1                                               build/obj/serial_lld.o
                                                  build/obj/main.o
SVCallVector                                      build/obj/vectors.o
SysTickVector                                     build/obj/chcore_v6m.o
                                                  build/obj/vectors.o
TestThread                                        build/obj/test.o
                                                  build/obj/main.o
UsageFaultVector                                  build/obj/vectors.o
Vector1C                                          build/obj/vectors.o
Vector20                                          build/obj/vectors.o
Vector24                                          build/obj/vectors.o
Vector28                                          build/obj/vectors.o
Vector34                                          build/obj/vectors.o
Vector40                                          build/obj/vectors.o
Vector44                                          build/obj/vectors.o
Vector48                                          build/obj/vectors.o
Vector4C                                          build/obj/vectors.o
Vector50                                          build/obj/vectors.o
Vector54                                          build/obj/vectors.o
Vector58                                          build/obj/vectors.o
Vector5C                                          build/obj/vectors.o
Vector60                                          build/obj/vectors.o
Vector64                                          build/obj/vectors.o
Vector68                                          build/obj/vectors.o
Vector6C                                          build/obj/vectors.o
Vector70                                          build/obj/vectors.o
Vector74                                          build/obj/vectors.o
Vector78                                          build/obj/vectors.o
Vector7C                                          build/obj/vectors.o
Vector80                                          build/obj/vectors.o
Vector84                                          build/obj/vectors.o
Vector88                                          build/obj/vectors.o
Vector8C                                          build/obj/vectors.o
Vector90                                          build/obj/vectors.o
Vector94                                          build/obj/vectors.o
Vector98                                          build/obj/vectors.o
Vector9C                                          build/obj/vectors.o
VectorA0                                          build/obj/vectors.o
VectorA4                                          build/obj/vectors.o
VectorA8                                          build/obj/vectors.o
VectorAC                                          build/obj/serial_lld.o
                                                  build/obj/vectors.o
VectorB0                                          build/obj/vectors.o
VectorB4                                          build/obj/vectors.o
VectorB8                                          build/obj/vectors.o
VectorBC                                          build/obj/vectors.o
__aeabi_idiv0                                     /home/matt/arm_cortex/gcc-arm-none-eabi/bin/../lib/gcc/arm-none-eabi/4.7.4/armv6-m/libgcc.a(_dvmd_tls.o)