Archive member included because of file (symbol)

/home/matt/arm_cortex/gcc-arm-none-eabi/bin/../lib/gcc/arm-none-eabi/4.7.4/armv6-m/libgcc.a(_udivsi3.o)
                              build/obj/test.o (__aeabi_uidiv)
/home/matt/arm_cortex/gcc-arm-none-eabi/bin/../lib/gcc/arm-none-eabi/4.7.4/armv6-m/libgcc.a(_divsi3.o)
                              build/obj/mf_kerning.o (__aeabi_idiv)
/home/matt/arm_cortex/gcc-arm-none-eabi/bin/../lib/gcc/arm-none-eabi/4.7.4/armv6-m/libgcc.a(_dvmd_tls.o)
                              /home/matt/arm_cortex/gcc-arm-none-eabi/bin/../lib/gcc/arm-none-eabi/4.7.4/armv6-m/libgcc.a(_udivsi3.o) (__aeabi_idiv0)
/home/matt/arm_cortex/gcc-arm-none-eabi/bin/../lib/gcc/arm-none-eabi/4.7.4/../../../../arm-none-eabi/lib/armv6-m/libc.a(lib_a-memcpy-stub.o)
                              build/obj/chibios.o (memcpy)

Discarded input sections

 .text          0x0000000000000000        0x0 build/obj/crt0.o
 .data          0x0000000000000000        0x0 build/obj/crt0.o
 .bss           0x0000000000000000        0x0 build/obj/crt0.o
 .text.__early_init
                0x0000000000000000       0x10 build/obj/crt0.o
 .text          0x0000000000000000        0x0 build/obj/vectors.o
 .data          0x0000000000000000        0x0 build/obj/vectors.o
 .bss           0x0000000000000000        0x0 build/obj/vectors.o
 .text          0x0000000000000000        0x0 build/obj/chcore.o
 .data          0x0000000000000000        0x0 build/obj/chcore.o
 .bss           0x0000000000000000        0x0 build/obj/chcore.o
 .text.port_halt
                0x0000000000000000       0x10 build/obj/chcore.o
 .debug_info    0x0000000000000000       0x96 build/obj/chcore.o
 .debug_abbrev  0x0000000000000000       0x42 build/obj/chcore.o
 .debug_aranges
                0x0000000000000000       0x20 build/obj/chcore.o
 .debug_ranges  0x0000000000000000       0x10 build/obj/chcore.o
 .debug_line    0x0000000000000000       0x6b build/obj/chcore.o
 .debug_str     0x0000000000000000       0xff build/obj/chcore.o
 .comment       0x0000000000000000       0x6b build/obj/chcore.o
 .ARM.attributes
                0x0000000000000000       0x31 build/obj/chcore.o
 .debug_frame   0x0000000000000000       0x20 build/obj/chcore.o
 .text          0x0000000000000000        0x0 build/obj/chcore_v6m.o
 .data          0x0000000000000000        0x0 build/obj/chcore_v6m.o
 .bss           0x0000000000000000        0x0 build/obj/chcore_v6m.o
 .text          0x0000000000000000        0x0 build/obj/nvic.o
 .data          0x0000000000000000        0x0 build/obj/nvic.o
 .bss           0x0000000000000000        0x0 build/obj/nvic.o
 .text.nvicDisableVector
                0x0000000000000000       0x40 build/obj/nvic.o
 .text          0x0000000000000000        0x0 build/obj/chsys.o
 .data          0x0000000000000000        0x0 build/obj/chsys.o
 .bss           0x0000000000000000        0x0 build/obj/chsys.o
 .text          0x0000000000000000        0x0 build/obj/chdebug.o
 .data          0x0000000000000000        0x0 build/obj/chdebug.o
 .bss           0x0000000000000000        0x0 build/obj/chdebug.o
 .debug_info    0x0000000000000000       0x75 build/obj/chdebug.o
 .debug_abbrev  0x0000000000000000       0x24 build/obj/chdebug.o
 .debug_aranges
                0x0000000000000000       0x18 build/obj/chdebug.o
 .debug_line    0x0000000000000000       0x1d build/obj/chdebug.o
 .debug_str     0x0000000000000000       0xf0 build/obj/chdebug.o
 .comment       0x0000000000000000       0x6b build/obj/chdebug.o
 .ARM.attributes
                0x0000000000000000       0x31 build/obj/chdebug.o
 .text          0x0000000000000000        0x0 build/obj/chlists.o
 .data          0x0000000000000000        0x0 build/obj/chlists.o
 .bss           0x0000000000000000        0x0 build/obj/chlists.o
 .debug_info    0x0000000000000000       0x75 build/obj/chlists.o
 .debug_abbrev  0x0000000000000000       0x24 build/obj/chlists.o
 .debug_aranges
                0x0000000000000000       0x18 build/obj/chlists.o
 .debug_line    0x0000000000000000       0x1d build/obj/chlists.o
 .debug_str     0x0000000000000000       0xf0 build/obj/chlists.o
 .comment       0x0000000000000000       0x6b build/obj/chlists.o
 .ARM.attributes
                0x0000000000000000       0x31 build/obj/chlists.o
 .text          0x0000000000000000        0x0 build/obj/chvt.o
 .data          0x0000000000000000        0x0 build/obj/chvt.o
 .bss           0x0000000000000000        0x0 build/obj/chvt.o
 .text          0x0000000000000000        0x0 build/obj/chschd.o
 .data          0x0000000000000000        0x0 build/obj/chschd.o
 .bss           0x0000000000000000        0x0 build/obj/chschd.o
 .text          0x0000000000000000        0x0 build/obj/chthreads.o
 .data          0x0000000000000000        0x0 build/obj/chthreads.o
 .bss           0x0000000000000000        0x0 build/obj/chthreads.o
 .text          0x0000000000000000        0x0 build/obj/chdynamic.o
[...]
Memory Configuration

Name             Origin             Length             Attributes
flash            0x0000000008000000 0x0000000000010000
ram              0x0000000020000000 0x0000000000002000
*default*        0x0000000000000000 0xffffffffffffffff

Linker script and memory map

LOAD build/obj/crt0.o
LOAD build/obj/vectors.o
LOAD build/obj/chcore.o
LOAD build/obj/chcore_v6m.o
LOAD build/obj/nvic.o
LOAD build/obj/chsys.o
LOAD build/obj/chdebug.o
LOAD build/obj/chlists.o
LOAD build/obj/chvt.o
LOAD build/obj/chschd.o
LOAD build/obj/chthreads.o
LOAD build/obj/chdynamic.o
LOAD build/obj/chregistry.o
LOAD build/obj/chsem.o
LOAD build/obj/chmtx.o
LOAD build/obj/chcond.o
LOAD build/obj/chevents.o
LOAD build/obj/chmsg.o
LOAD build/obj/chmboxes.o
LOAD build/obj/chqueues.o
LOAD build/obj/chmemcore.o
LOAD build/obj/chheap.o
LOAD build/obj/chmempools.o
LOAD build/obj/test.o
LOAD build/obj/testthd.o
LOAD build/obj/testsem.o
LOAD build/obj/testmtx.o
LOAD build/obj/testmsg.o
LOAD build/obj/testmbox.o
LOAD build/obj/testevt.o
LOAD build/obj/testheap.o
LOAD build/obj/testpools.o
LOAD build/obj/testdyn.o
LOAD build/obj/testqueues.o
LOAD build/obj/testbmk.o
LOAD build/obj/hal.o
LOAD build/obj/adc.o
LOAD build/obj/can.o
LOAD build/obj/ext.o
LOAD build/obj/gpt.o
LOAD build/obj/i2c.o
LOAD build/obj/icu.o
LOAD build/obj/mac.o
LOAD build/obj/mmc_spi.o
LOAD build/obj/mmcsd.o
LOAD build/obj/pal.o
LOAD build/obj/pwm.o
LOAD build/obj/rtc.o
LOAD build/obj/sdc.o
LOAD build/obj/serial.o
LOAD build/obj/serial_usb.o
LOAD build/obj/spi.o
LOAD build/obj/tm.o
LOAD build/obj/uart.o
LOAD build/obj/usb.o
LOAD build/obj/stm32_dma.o
LOAD build/obj/hal_lld.o
LOAD build/obj/adc_lld.o
LOAD build/obj/ext_lld_isr.o
LOAD build/obj/ext_lld.o
LOAD build/obj/pal_lld.o
LOAD build/obj/i2c_lld.o
LOAD build/obj/spi_lld.o
LOAD build/obj/gpt_lld.o
LOAD build/obj/icu_lld.o
LOAD build/obj/pwm_lld.o
LOAD build/obj/serial_lld.o
LOAD build/obj/uart_lld.o
LOAD build/obj/board.o
LOAD build/obj/gfx.o
LOAD build/obj/chibios.o
LOAD build/obj/win32.o
LOAD build/obj/linux.o
LOAD build/obj/osx.o
LOAD build/obj/gqueue.o
LOAD build/obj/gdisp.o
LOAD build/obj/fonts.o
LOAD build/obj/image.o
LOAD build/obj/image_native.o
LOAD build/obj/image_gif.o
LOAD build/obj/image_bmp.o
LOAD build/obj/image_jpg.o
LOAD build/obj/image_png.o
LOAD build/obj/mf_encoding.o
LOAD build/obj/mf_font.o
LOAD build/obj/mf_justify.o
LOAD build/obj/mf_kerning.o
LOAD build/obj/mf_rlefont.o
LOAD build/obj/mf_bwfont.o
LOAD build/obj/mf_scaledfont.o
LOAD build/obj/mf_wordwrap.o
LOAD build/obj/tdisp.o
LOAD build/obj/gevent.o
LOAD build/obj/gtimer.o
LOAD build/obj/gwin.o
LOAD build/obj/gwidget.o
LOAD build/obj/gwm.o
LOAD build/obj/console.o
LOAD build/obj/graph.o
LOAD build/obj/button.o
LOAD build/obj/slider.o
LOAD build/obj/checkbox.o
LOAD build/obj/gimage.o
LOAD build/obj/label.o
LOAD build/obj/radio.o
LOAD build/obj/list.o
LOAD build/obj/ginput.o
LOAD build/obj/mouse.o
LOAD build/obj/keyboard.o
LOAD build/obj/toggle.o
LOAD build/obj/dial.o
LOAD build/obj/gadc.o
LOAD build/obj/gaudin.o
LOAD build/obj/gaudout.o
LOAD build/obj/gmisc.o
LOAD build/obj/arrayops.o
LOAD build/obj/trig.o
LOAD build/obj/gdisp_lld.o
LOAD build/obj/main.o
LOAD build/obj/motor.o
START GROUP
LOAD /home/matt/arm_cortex/gcc-arm-none-eabi/bin/../lib/gcc/arm-none-eabi/4.7.4/armv6-m/libgcc.a
LOAD /home/matt/arm_cortex/gcc-arm-none-eabi/bin/../lib/gcc/arm-none-eabi/4.7.4/../../../../arm-none-eabi/lib/armv6-m/libc.a
END GROUP
                0x0000000000000400                __main_stack_size__ = 0x400
                0x0000000000000400                __process_stack_size__ = 0x400
                0x0000000020000000                __ram_start__ = ORIGIN (ram)
                0x0000000000002000                __ram_size__ = 0x2000
                0x0000000020002000                __ram_end__ = (__ram_start__ + __ram_size__)
                0x0000000000000000                . = 0x0
                0x0000000000000000                _text = .

startup         0x0000000008000000       0xc0
 *(vectors)
 vectors        0x0000000008000000       0xc0 build/obj/vectors.o
                0x0000000008000000                _vectors

constructors    0x00000000080000c0        0x0
                0x00000000080000c0                PROVIDE (__init_array_start, .)
 *(SORT(.init_array.*))
 *(.init_array)
                0x00000000080000c0                PROVIDE (__init_array_end, .)

destructors     0x00000000080000c0        0x0
                0x00000000080000c0                PROVIDE (__fini_array_start, .)
 *(.fini_array)
 *(SORT(.fini_array.*))
                0x00000000080000c0                PROVIDE (__fini_array_end, .)

.text           0x00000000080000c0     0x708c
 *(.text.startup.*)
 .text.startup.main
                0x00000000080000c0       0x70 build/obj/main.o
                0x00000000080000c0                main
 *(.text)
 .text          0x0000000008000130       0x9c /home/matt/arm_cortex/gcc-arm-none-eabi/bin/../lib/gcc/arm-none-eabi/4.7.4/armv6-m/libgcc.a(_udivsi3.o)
                0x0000000008000130                __udivsi3
                0x0000000008000130                __aeabi_uidiv
                0x00000000080001b8                __aeabi_uidivmod
 *fill*         0x00000000080001cc        0x4 
 .text          0x00000000080001d0        0x4 /home/matt/arm_cortex/gcc-arm-none-eabi/bin/../lib/gcc/arm-none-eabi/4.7.4/armv6-m/libgcc.a(_dvmd_tls.o)
                0x00000000080001d0                __aeabi_ldiv0
                0x00000000080001d0                __aeabi_idiv0
 *(.text.*)
 *fill*         0x00000000080001d4        0xc 
 .text.__late_init
                0x00000000080001e0       0x10 build/obj/crt0.o
                0x00000000080001e0                __late_init
 .text._default_exit
                0x00000000080001f0       0x10 build/obj/crt0.o
                0x00000000080001f0                _default_exit
 .text.ResetHandler
                0x0000000008000200      0x1e0 build/obj/crt0.o
                0x0000000008000200                ResetHandler
 .text._unhandled_exception
                0x00000000080003e0       0x10 build/obj/vectors.o
                0x00000000080003e0                Vector58
                0x00000000080003e0                Vector9C
                0x00000000080003e0                Vector5C
                0x00000000080003e0                Vector8C
                0x00000000080003e0                Vector94
                0x00000000080003e0                VectorA8
                0x00000000080003e0                VectorB4
                0x00000000080003e0                UsageFaultVector
                0x00000000080003e0                DebugMonitorVector
                0x00000000080003e0                Vector40
                0x00000000080003e0                VectorBC
                0x00000000080003e0                PendSVVector
                0x00000000080003e0                Vector54
                0x00000000080003e0                Vector98
                0x00000000080003e0                Vector24
                0x00000000080003e0                Vector84
                0x00000000080003e0                BusFaultVector
                0x00000000080003e0                SVCallVector
                0x00000000080003e0                HardFaultVector
                0x00000000080003e0                MemManageVector
                0x00000000080003e0                VectorA0
                0x00000000080003e0                VectorB0
                0x00000000080003e0                Vector90
                0x00000000080003e0                Vector60
                0x00000000080003e0                Vector1C
                0x00000000080003e0                Vector48
                0x00000000080003e0                Vector70
                0x00000000080003e0                Vector4C
                0x00000000080003e0                _unhandled_exception
                0x00000000080003e0                Vector88
                0x00000000080003e0                Vector50
                0x00000000080003e0                Vector44
                0x00000000080003e0                Vector28
                0x00000000080003e0                VectorB8
                0x00000000080003e0                Vector34
                0x00000000080003e0                VectorA4
                0x00000000080003e0                Vector20
 .text._port_switch_from_isr
                0x00000000080003f0       0x20 build/obj/chcore_v6m.o
                0x00000000080003f0                _port_switch_from_isr
 .text.NMIVector
                0x0000000008000410       0x10 build/obj/chcore_v6m.o
                0x0000000008000410                NMIVector
 .text._port_irq_epilogue
                0x0000000008000420       0x60 build/obj/chcore_v6m.o
                0x0000000008000420                _port_irq_epilogue
 .text.SysTickVector
                0x0000000008000480       0x20 build/obj/chcore_v6m.o
                0x0000000008000480                SysTickVector
 .text._port_switch
                0x00000000080004a0       0x20 build/obj/chcore_v6m.o
                0x00000000080004a0                _port_switch
 .text._port_thread_start
                0x00000000080004c0       0x10 build/obj/chcore_v6m.o
                0x00000000080004c0                _port_thread_start
 .text.nvicEnableVector
                0x00000000080004d0       0x40 build/obj/nvic.o
                0x00000000080004d0                nvicEnableVector
 .text.nvicSetSystemHandlerPriority
                0x0000000008000510       0x30 build/obj/nvic.o
                0x0000000008000510                nvicSetSystemHandlerPriority
 .text._idle_thread
                0x0000000008000540       0x20 build/obj/chsys.o
                0x0000000008000540                _idle_thread
 .text.chSysInit
                0x0000000008000560       0x80 build/obj/chsys.o
                0x0000000008000560                chSysInit
 .text.chSysTimerHandlerI
                0x00000000080005e0       0x60 build/obj/chsys.o
                0x00000000080005e0                chSysTimerHandlerI
 .text._vt_init
                0x0000000008000640       0x20 build/obj/chvt.o
                0x0000000008000640                _vt_init
 .text.chVTSetI
                0x0000000008000660       0x40 build/obj/chvt.o
                0x0000000008000660                chVTSetI
 .text.chVTResetI
                0x00000000080006a0       0x30 build/obj/chvt.o
                0x00000000080006a0                chVTResetI
 .text.chTimeIsWithin
                0x00000000080006d0       0x30 build/obj/chvt.o
                0x00000000080006d0                chTimeIsWithin
 .text.wakeup   0x0000000008000700       0x60 build/obj/chschd.o
 .text._scheduler_init
                0x0000000008000760       0x20 build/obj/chschd.o
                0x0000000008000760                _scheduler_init
 .text.chSchReadyI
                0x0000000008000780       0x20 build/obj/chschd.o
                0x0000000008000780                chSchReadyI
 .text.chSchGoSleepS
                0x00000000080007a0       0x30 build/obj/chschd.o
                0x00000000080007a0                chSchGoSleepS
 .text.chSchGoSleepTimeoutS
                0x00000000080007d0       0x40 build/obj/chschd.o
                0x00000000080007d0                chSchGoSleepTimeoutS
 .text.chSchWakeupS
                0x0000000008000810       0x50 build/obj/chschd.o
                0x0000000008000810                chSchWakeupS
 .text.chSchDoRescheduleBehind
                0x0000000008000860       0x40 build/obj/chschd.o
                0x0000000008000860                chSchDoRescheduleBehind
 .text.chSchDoRescheduleAhead
                0x00000000080008a0       0x40 build/obj/chschd.o
                0x00000000080008a0                chSchDoRescheduleAhead
 .text.chSchRescheduleS
                0x00000000080008e0       0x20 build/obj/chschd.o
                0x00000000080008e0                chSchRescheduleS
 .text.chSchDoReschedule
                0x0000000008000900       0x20 build/obj/chschd.o
                0x0000000008000900                chSchDoReschedule
 .text._thread_init
                0x0000000008000920       0x40 build/obj/chthreads.o
                0x0000000008000920                _thread_init
 .text.chThdCreateI
                0x0000000008000960       0x50 build/obj/chthreads.o
                0x0000000008000960                chThdCreateI
 .text.chThdCreateStatic
                0x00000000080009b0       0x20 build/obj/chthreads.o
                0x00000000080009b0                chThdCreateStatic
 .text.chThdSetPriority
                0x00000000080009d0       0x30 build/obj/chthreads.o
                0x00000000080009d0                chThdSetPriority
 .text.chThdResume
                0x0000000008000a00       0x20 build/obj/chthreads.o
                0x0000000008000a00                chThdResume
 .text.chThdTerminate
                0x0000000008000a20       0x10 build/obj/chthreads.o
                0x0000000008000a20                chThdTerminate
 .text.chThdSleep
                0x0000000008000a30       0x10 build/obj/chthreads.o
                0x0000000008000a30                chThdSleep
 .text.chThdSleepUntil
                0x0000000008000a40       0x20 build/obj/chthreads.o
                0x0000000008000a40                chThdSleepUntil
 .text.chThdYield
                0x0000000008000a60       0x20 build/obj/chthreads.o
                0x0000000008000a60                chThdYield
 .text.chThdExitS
                0x0000000008000a80       0x40 build/obj/chthreads.o
                0x0000000008000a80                chThdExitS
 .text.chThdExit
                0x0000000008000ac0       0x10 build/obj/chthreads.o
                0x0000000008000ac0                chThdExit
 .text.chThdWait
                0x0000000008000ad0       0x30 build/obj/chthreads.o
                0x0000000008000ad0                chThdWait
 .text.chThdAddRef
                0x0000000008000b00       0x10 build/obj/chdynamic.o
                0x0000000008000b00                chThdAddRef
 .text.chThdRelease
                0x0000000008000b10       0x50 build/obj/chdynamic.o
                0x0000000008000b10                chThdRelease
 .text.chThdCreateFromHeap
                0x0000000008000b60       0x40 build/obj/chdynamic.o
                0x0000000008000b60                chThdCreateFromHeap
 .text.chThdCreateFromMemoryPool
                0x0000000008000ba0       0x40 build/obj/chdynamic.o
                0x0000000008000ba0                chThdCreateFromMemoryPool
 .text.chRegFirstThread
                0x0000000008000be0       0x20 build/obj/chregistry.o
                0x0000000008000be0                chRegFirstThread
 .text.chRegNextThread
                0x0000000008000c00       0x30 build/obj/chregistry.o
                0x0000000008000c00                chRegNextThread
 .text.chSemInit
                0x0000000008000c30       0x10 build/obj/chsem.o
                0x0000000008000c30                chSemInit
 .text.chSemResetI
                0x0000000008000c40       0x70 build/obj/chsem.o
                0x0000000008000c40                chSemResetI
 .text.chSemReset
                0x0000000008000cb0       0x10 build/obj/chsem.o
                0x0000000008000cb0                chSemReset
 .text.chSemWaitS
                0x0000000008000cc0       0x40 build/obj/chsem.o
                0x0000000008000cc0                chSemWaitS
 .text.chSemWait
                0x0000000008000d00       0x10 build/obj/chsem.o
                0x0000000008000d00                chSemWait
 .text.chSemWaitTimeoutS
                0x0000000008000d10       0x40 build/obj/chsem.o
                0x0000000008000d10                chSemWaitTimeoutS
 .text.chSemWaitTimeout
                0x0000000008000d50       0x10 build/obj/chsem.o
                0x0000000008000d50                chSemWaitTimeout
 .text.chSemSignal
                0x0000000008000d60       0x30 build/obj/chsem.o
                0x0000000008000d60                chSemSignal
 .text.chSemSignalI
                0x0000000008000d90       0x30 build/obj/chsem.o
                0x0000000008000d90                chSemSignalI
 .text.chSemAddCounterI
                0x0000000008000dc0       0x90 build/obj/chsem.o
                0x0000000008000dc0                chSemAddCounterI
 .text.chSemSignalWait
                0x0000000008000e50       0x60 build/obj/chsem.o
                0x0000000008000e50                chSemSignalWait
 .text.chMtxInit
                0x0000000008000eb0       0x10 build/obj/chmtx.o
                0x0000000008000eb0                chMtxInit
 .text.chMtxLockS
                0x0000000008000ec0       0xd0 build/obj/chmtx.o
                0x0000000008000ec0                chMtxLockS
 .text.chMtxLock
                0x0000000008000f90       0x10 build/obj/chmtx.o
                0x0000000008000f90                chMtxLock
 .text.chMtxTryLock
                0x0000000008000fa0       0x30 build/obj/chmtx.o
                0x0000000008000fa0                chMtxTryLock
 .text.chMtxUnlock
                0x0000000008000fd0       0x60 build/obj/chmtx.o
                0x0000000008000fd0                chMtxUnlock
 .text.chMtxUnlockS
                0x0000000008001030       0x50 build/obj/chmtx.o
                0x0000000008001030                chMtxUnlockS
 .text.chMtxUnlockAll
                0x0000000008001080       0x50 build/obj/chmtx.o
                0x0000000008001080                chMtxUnlockAll
 .text.chCondInit
                0x00000000080010d0       0x10 build/obj/chcond.o
                0x00000000080010d0                chCondInit
 .text.chCondSignal
                0x00000000080010e0       0x20 build/obj/chcond.o
                0x00000000080010e0                chCondSignal
 .text.chCondSignalI
                0x0000000008001100       0x20 build/obj/chcond.o
                0x0000000008001100                chCondSignalI
 .text.chCondBroadcastI
                0x0000000008001120       0x30 build/obj/chcond.o
                0x0000000008001120                chCondBroadcastI
 .text.chCondBroadcast
                0x0000000008001150       0x10 build/obj/chcond.o
                0x0000000008001150                chCondBroadcast
 .text.chCondWaitS
                0x0000000008001160       0x50 build/obj/chcond.o
                0x0000000008001160                chCondWaitS
 .text.chCondWait
                0x00000000080011b0       0x10 build/obj/chcond.o
                0x00000000080011b0                chCondWait
 .text.chCondWaitTimeoutS
                0x00000000080011c0       0x50 build/obj/chcond.o
                0x00000000080011c0                chCondWaitTimeoutS
 .text.chCondWaitTimeout
                0x0000000008001210       0x10 build/obj/chcond.o
                0x0000000008001210                chCondWaitTimeout
 .text.chEvtRegisterMask
                0x0000000008001220       0x20 build/obj/chevents.o
                0x0000000008001220                chEvtRegisterMask
 .text.chEvtUnregister
                0x0000000008001240       0x20 build/obj/chevents.o
                0x0000000008001240                chEvtUnregister
 .text.chEvtGetAndClearEvents
                0x0000000008001260       0x20 build/obj/chevents.o
                0x0000000008001260                chEvtGetAndClearEvents
 .text.chEvtAddEvents
                0x0000000008001280       0x20 build/obj/chevents.o
                0x0000000008001280                chEvtAddEvents
 .text.chEvtSignalI
                0x00000000080012a0       0x40 build/obj/chevents.o
                0x00000000080012a0                chEvtSignalI
 .text.chEvtSignal
                0x00000000080012e0       0x10 build/obj/chevents.o
                0x00000000080012e0                chEvtSignal
 .text.chEvtBroadcastFlagsI
                0x00000000080012f0       0x30 build/obj/chevents.o
                0x00000000080012f0                chEvtBroadcastFlagsI
 .text.chEvtBroadcastFlags
                0x0000000008001320       0x10 build/obj/chevents.o
                0x0000000008001320                chEvtBroadcastFlags
 .text.chEvtDispatch
                0x0000000008001330       0x40 build/obj/chevents.o
                0x0000000008001330                chEvtDispatch
 .text.chEvtWaitOne
                0x0000000008001370       0x30 build/obj/chevents.o
                0x0000000008001370                chEvtWaitOne
 .text.chEvtWaitAny
                0x00000000080013a0       0x30 build/obj/chevents.o
                0x00000000080013a0                chEvtWaitAny
 .text.chEvtWaitAll
                0x00000000080013d0       0x30 build/obj/chevents.o
                0x00000000080013d0                chEvtWaitAll
 .text.chEvtWaitOneTimeout
                0x0000000008001400       0x40 build/obj/chevents.o
                0x0000000008001400                chEvtWaitOneTimeout
 .text.chEvtWaitAnyTimeout
                0x0000000008001440       0x40 build/obj/chevents.o
                0x0000000008001440                chEvtWaitAnyTimeout
 .text.chEvtWaitAllTimeout
                0x0000000008001480       0x40 build/obj/chevents.o
                0x0000000008001480                chEvtWaitAllTimeout
 .text.chMsgSend
                0x00000000080014c0       0x40 build/obj/chmsg.o
                0x00000000080014c0                chMsgSend
 .text.chMsgWait
                0x0000000008001500       0x40 build/obj/chmsg.o
                0x0000000008001500                chMsgWait
 .text.chMsgRelease
                0x0000000008001540       0x10 build/obj/chmsg.o
                0x0000000008001540                chMsgRelease
 .text.chMBInit
                0x0000000008001550       0x30 build/obj/chmboxes.o
                0x0000000008001550                chMBInit
 .text.chMBReset
                0x0000000008001580       0x30 build/obj/chmboxes.o
                0x0000000008001580                chMBReset
 .text.chMBPostS
                0x00000000080015b0       0x40 build/obj/chmboxes.o
                0x00000000080015b0                chMBPostS
 .text.chMBPost
                0x00000000080015f0       0x10 build/obj/chmboxes.o
                0x00000000080015f0                chMBPost
 .text.chMBPostI
                0x0000000008001600       0x30 build/obj/chmboxes.o
                0x0000000008001600                chMBPostI
 .text.chMBPostAheadS
                0x0000000008001630       0x40 build/obj/chmboxes.o
                0x0000000008001630                chMBPostAheadS
 .text.chMBPostAhead
                0x0000000008001670       0x10 build/obj/chmboxes.o
                0x0000000008001670                chMBPostAhead
 .text.chMBPostAheadI
                0x0000000008001680       0x40 build/obj/chmboxes.o
                0x0000000008001680                chMBPostAheadI
 .text.chMBFetchS
                0x00000000080016c0       0x40 build/obj/chmboxes.o
                0x00000000080016c0                chMBFetchS
 .text.chMBFetch
                0x0000000008001700       0x10 build/obj/chmboxes.o
                0x0000000008001700                chMBFetch
 .text.chMBFetchI
                0x0000000008001710       0x30 build/obj/chmboxes.o
                0x0000000008001710                chMBFetchI
 .text.qwait    0x0000000008001740       0x30 build/obj/chqueues.o
 .text.chIQInit
                0x0000000008001770       0x20 build/obj/chqueues.o
                0x0000000008001770                chIQInit
 .text.chIQResetI
                0x0000000008001790       0x30 build/obj/chqueues.o
                0x0000000008001790                chIQResetI
 .text.chIQPutI
                0x00000000080017c0       0x50 build/obj/chqueues.o
                0x00000000080017c0                chIQPutI
 .text.chIQGetTimeout
                0x0000000008001810       0x40 build/obj/chqueues.o
                0x0000000008001810                chIQGetTimeout
 .text.chIQReadTimeout
                0x0000000008001850       0x70 build/obj/chqueues.o
                0x0000000008001850                chIQReadTimeout
 .text.chOQInit
                0x00000000080018c0       0x20 build/obj/chqueues.o
                0x00000000080018c0                chOQInit
 .text.chOQResetI
                0x00000000080018e0       0x30 build/obj/chqueues.o
                0x00000000080018e0                chOQResetI
 .text.chOQPutTimeout
                0x0000000008001910       0x50 build/obj/chqueues.o
                0x0000000008001910                chOQPutTimeout
 .text.chOQGetI
                0x0000000008001960       0x50 build/obj/chqueues.o
                0x0000000008001960                chOQGetI
 .text.chOQWriteTimeout
                0x00000000080019b0       0x80 build/obj/chqueues.o
                0x00000000080019b0                chOQWriteTimeout
 .text._core_init
                0x0000000008001a30       0x30 build/obj/chmemcore.o
                0x0000000008001a30                _core_init
 .text.chCoreAlloc
                0x0000000008001a60       0x30 build/obj/chmemcore.o
                0x0000000008001a60                chCoreAlloc
 .text.chCoreStatus
                0x0000000008001a90       0x20 build/obj/chmemcore.o
                0x0000000008001a90                chCoreStatus
 .text._heap_init
                0x0000000008001ab0       0x20 build/obj/chheap.o
                0x0000000008001ab0                _heap_init
 .text.chHeapInit
                0x0000000008001ad0       0x20 build/obj/chheap.o
                0x0000000008001ad0                chHeapInit
 .text.chHeapAlloc
                0x0000000008001af0       0x80 build/obj/chheap.o
                0x0000000008001af0                chHeapAlloc
 .text.chHeapFree
                0x0000000008001b70       0x80 build/obj/chheap.o
                0x0000000008001b70                chHeapFree
 .text.chHeapStatus
                0x0000000008001bf0       0x40 build/obj/chheap.o
                0x0000000008001bf0                chHeapStatus
 .text.chPoolInit
                0x0000000008001c30       0x10 build/obj/chmempools.o
                0x0000000008001c30                chPoolInit
 .text.chPoolLoadArray
                0x0000000008001c40       0x60 build/obj/chmempools.o
                0x0000000008001c40                chPoolLoadArray
 .text.chPoolAlloc
                0x0000000008001ca0       0x20 build/obj/chmempools.o
                0x0000000008001ca0                chPoolAlloc
 .text.chPoolFree
                0x0000000008001cc0       0x10 build/obj/chmempools.o
                0x0000000008001cc0                chPoolFree
 .text.tmr      0x0000000008001cd0       0x10 build/obj/test.o
 .text.print_line
                0x0000000008001ce0       0x40 build/obj/test.o
 .text.test_printn
                0x0000000008001d20       0xa0 build/obj/test.o
                0x0000000008001d20                test_printn
 .text.test_print
                0x0000000008001dc0       0x30 build/obj/test.o
                0x0000000008001dc0                test_print
 .text.test_println
                0x0000000008001df0       0x40 build/obj/test.o
                0x0000000008001df0                test_println
 .text.test_emit_token
                0x0000000008001e30       0x20 build/obj/test.o
                0x0000000008001e30                test_emit_token
 .text._test_assert
                0x0000000008001e50       0x30 build/obj/test.o
                0x0000000008001e50                _test_assert
 .text._test_assert_sequence
                0x0000000008001e80       0xa0 build/obj/test.o
                0x0000000008001e80                _test_assert_sequence
 .text._test_assert_time_window
                0x0000000008001f20       0x40 build/obj/test.o
                0x0000000008001f20                _test_assert_time_window
 .text.test_terminate_threads
                0x0000000008001f60       0x40 build/obj/test.o
                0x0000000008001f60                test_terminate_threads
 .text.test_wait_threads
                0x0000000008001fa0       0x50 build/obj/test.o
                0x0000000008001fa0                test_wait_threads
 .text.test_cpu_pulse
                0x0000000008001ff0       0x40 build/obj/test.o
                0x0000000008001ff0                test_cpu_pulse
 .text.test_wait_tick
                0x0000000008002030       0x20 build/obj/test.o
                0x0000000008002030                test_wait_tick
 .text.test_start_timer
                0x0000000008002050       0x40 build/obj/test.o
                0x0000000008002050                test_start_timer
 .text.TestThread
                0x0000000008002090      0x340 build/obj/test.o
                0x0000000008002090                TestThread
 .text.thd3_execute
                0x00000000080023d0      0x120 build/obj/testthd.o
 .text.thd2_execute
                0x00000000080024f0       0xe0 build/obj/testthd.o
 .text.thd1_execute
                0x00000000080025d0       0xd0 build/obj/testthd.o
 .text.thread   0x00000000080026a0       0x10 build/obj/testthd.o
 .text.thd4_execute
                0x00000000080026b0       0x80 build/obj/testthd.o
 .text.sem3_setup
                0x0000000008002730       0x10 build/obj/testsem.o
 .text.sem2_setup
                0x0000000008002740       0x10 build/obj/testsem.o
 .text.sem1_setup
                0x0000000008002750       0x10 build/obj/testsem.o
 .text.sem4_execute
                0x0000000008002760       0xf0 build/obj/testsem.o
 .text.thread4  0x0000000008002850       0x20 build/obj/testsem.o
 .text.thread3  0x0000000008002870       0x20 build/obj/testsem.o
 .text.thread1  0x0000000008002890       0x20 build/obj/testsem.o
 .text.thread2  0x00000000080028b0       0x20 build/obj/testsem.o
 .text.sem1_execute
                0x00000000080028d0      0x140 build/obj/testsem.o
 .text.sem3_execute
                0x0000000008002a10       0x90 build/obj/testsem.o
 .text.sem2_execute
                0x0000000008002aa0      0x250 build/obj/testsem.o
 .text.mtx8_execute
                0x0000000008002cf0       0xa0 build/obj/testmtx.o
 .text.thread12
                0x0000000008002d90       0x20 build/obj/testmtx.o
 .text.thread1  0x0000000008002db0       0x20 build/obj/testmtx.o
 .text.thread10
                0x0000000008002dd0       0x30 build/obj/testmtx.o
 .text.thread11
                0x0000000008002e00       0x40 build/obj/testmtx.o
 .text.mtx8_setup
                0x0000000008002e40       0x30 build/obj/testmtx.o
 .text.mtx7_setup
                0x0000000008002e70       0x20 build/obj/testmtx.o
 .text.mtx6_setup
                0x0000000008002e90       0x20 build/obj/testmtx.o
 .text.mtx5_setup
                0x0000000008002eb0       0x10 build/obj/testmtx.o
 .text.mtx4_setup
                0x0000000008002ec0       0x20 build/obj/testmtx.o
 .text.mtx3_setup
                0x0000000008002ee0       0x20 build/obj/testmtx.o
 .text.mtx2_setup
                0x0000000008002f00       0x10 build/obj/testmtx.o
 .text.mtx1_setup
                0x0000000008002f10       0x10 build/obj/testmtx.o
 .text.mtx7_execute
                0x0000000008002f20       0xd0 build/obj/testmtx.o
 .text.mtx6_execute
                0x0000000008002ff0       0xf0 build/obj/testmtx.o
 .text.mtx1_execute
                0x00000000080030e0       0xf0 build/obj/testmtx.o
 .text.mtx5_execute
                0x00000000080031d0       0xb0 build/obj/testmtx.o
 .text.mtx4_execute
                0x0000000008003280      0x240 build/obj/testmtx.o
 .text.thread4b
                0x00000000080034c0       0x20 build/obj/testmtx.o
 .text.thread4a
                0x00000000080034e0       0x20 build/obj/testmtx.o
 .text.mtx3_execute
                0x0000000008003500       0xf0 build/obj/testmtx.o
 .text.mtx2_execute
                0x00000000080035f0       0xb0 build/obj/testmtx.o
 .text.thread3HH
                0x00000000080036a0       0x30 build/obj/testmtx.o
 .text.thread3H
                0x00000000080036d0       0x20 build/obj/testmtx.o
 .text.thread3M
                0x00000000080036f0       0x30 build/obj/testmtx.o
 .text.thread3L
                0x0000000008003720       0x40 build/obj/testmtx.o
 .text.thread3LL
                0x0000000008003760       0x20 build/obj/testmtx.o
 .text.thread2L
                0x0000000008003780       0x30 build/obj/testmtx.o
 .text.thread2M
                0x00000000080037b0       0x20 build/obj/testmtx.o
 .text.thread2H
                0x00000000080037d0       0x30 build/obj/testmtx.o
 .text.msg1_execute
                0x0000000008003800       0x80 build/obj/testmsg.o
 .text.thread   0x0000000008003880       0x20 build/obj/testmsg.o
 .text.mbox1_execute
                0x00000000080038a0      0x500 build/obj/testmbox.o
 .text.mbox1_setup
                0x0000000008003da0       0x20 build/obj/testmbox.o
 .text.evt3_setup
                0x0000000008003dc0       0x10 build/obj/testevt.o
 .text.evt2_setup
                0x0000000008003dd0       0x10 build/obj/testevt.o
 .text.evt1_setup
                0x0000000008003de0       0x10 build/obj/testevt.o
 .text.evt2_execute
                0x0000000008003df0      0x240 build/obj/testevt.o
 .text.thread2  0x0000000008004030       0x30 build/obj/testevt.o
 .text.thread1  0x0000000008004060       0x20 build/obj/testevt.o
 .text.evt1_execute
                0x0000000008004080       0x90 build/obj/testevt.o
 .text.h3       0x0000000008004110       0x10 build/obj/testevt.o
 .text.h2       0x0000000008004120       0x10 build/obj/testevt.o
 .text.h1       0x0000000008004130       0x10 build/obj/testevt.o
 .text.evt3_execute
                0x0000000008004140       0xa0 build/obj/testevt.o
 .text.heap1_execute
                0x00000000080041e0      0x230 build/obj/testheap.o
 .text.heap1_setup
                0x0000000008004410       0x20 build/obj/testheap.o
 .text.null_provider
                0x0000000008004430       0x10 build/obj/testpools.o
 .text.pools1_setup
                0x0000000008004440       0x20 build/obj/testpools.o
 .text.pools1_execute
                0x0000000008004460      0x180 build/obj/testpools.o
 .text.regfind  0x00000000080045e0       0x20 build/obj/testdyn.o
 .text.dyn3_execute
                0x0000000008004600      0x120 build/obj/testdyn.o
 .text.thread   0x0000000008004720       0x10 build/obj/testdyn.o
 .text.dyn3_setup
                0x0000000008004730       0x20 build/obj/testdyn.o
 .text.dyn1_setup
                0x0000000008004750       0x20 build/obj/testdyn.o
 .text.dyn2_execute
                0x0000000008004770      0x170 build/obj/testdyn.o
 .text.dyn2_setup
                0x00000000080048e0       0x20 build/obj/testdyn.o
 .text.dyn1_execute
                0x0000000008004900      0x110 build/obj/testdyn.o
 .text.notify   0x0000000008004a10       0x10 build/obj/testqueues.o
 .text.thread2  0x0000000008004a20       0x20 build/obj/testqueues.o
 .text.queues2_setup
                0x0000000008004a40       0x30 build/obj/testqueues.o
 .text.thread1  0x0000000008004a70       0x20 build/obj/testqueues.o
 .text.queues1_setup
                0x0000000008004a90       0x30 build/obj/testqueues.o
 .text.queues2_execute
                0x0000000008004ac0      0x220 build/obj/testqueues.o
 .text.queues1_execute
                0x0000000008004ce0      0x240 build/obj/testqueues.o
 .text.thread2  0x0000000008004f20       0x10 build/obj/testbmk.o
 .text.tmo      0x0000000008004f30       0x10 build/obj/testbmk.o
 .text.bmk13_execute
                0x0000000008004f40       0xf0 build/obj/testbmk.o
 .text.bmk12_execute
                0x0000000008005030       0x70 build/obj/testbmk.o
 .text.bmk12_setup
                0x00000000080050a0       0x10 build/obj/testbmk.o
 .text.thread3  0x00000000080050b0       0x30 build/obj/testbmk.o
 .text.bmk11_execute
                0x00000000080050e0       0x70 build/obj/testbmk.o
 .text.bmk11_setup
                0x0000000008005150       0x10 build/obj/testbmk.o
 .text.bmk7_setup
                0x0000000008005160       0x10 build/obj/testbmk.o
 .text.bmk10_execute
                0x0000000008005170       0x90 build/obj/testbmk.o
 .text.bmk9_execute
                0x0000000008005200       0xb0 build/obj/testbmk.o
 .text.bmk6_execute
                0x00000000080052b0       0x80 build/obj/testbmk.o
 .text.bmk8_execute
                0x0000000008005330       0xe0 build/obj/testbmk.o
 .text.thread8  0x0000000008005410       0x30 build/obj/testbmk.o
 .text.bmk7_execute
                0x0000000008005440      0x120 build/obj/testbmk.o
 .text.bmk5_execute
                0x0000000008005560       0x80 build/obj/testbmk.o
 .text.bmk4_execute
                0x00000000080055e0       0xb0 build/obj/testbmk.o
 .text.msg_loop_test
                0x0000000008005690       0x40 build/obj/testbmk.o
 .text.bmk3_execute
                0x00000000080056d0       0xe0 build/obj/testbmk.o
 .text.bmk2_execute
                0x00000000080057b0       0x70 build/obj/testbmk.o
 .text.bmk1_execute
                0x0000000008005820       0x70 build/obj/testbmk.o
 .text.thread1  0x0000000008005890       0x20 build/obj/testbmk.o
 .text.thread4  0x00000000080058b0       0x20 build/obj/testbmk.o
                0x00000000080058b0                thread4
 .text.halInit  0x00000000080058d0       0x30 build/obj/hal.o
                0x00000000080058d0                halInit
 .text.pwmInit  0x0000000008005900       0x10 build/obj/pwm.o
                0x0000000008005900                pwmInit
 .text.pwmObjectInit
                0x0000000008005910       0x10 build/obj/pwm.o
                0x0000000008005910                pwmObjectInit
 .text.pwmStart
                0x0000000008005920       0x20 build/obj/pwm.o
                0x0000000008005920                pwmStart
 .text.pwmEnableChannel
                0x0000000008005940       0x10 build/obj/pwm.o
                0x0000000008005940                pwmEnableChannel
 .text.readt    0x0000000008005950       0x10 build/obj/serial.o
 .text.read     0x0000000008005960       0x10 build/obj/serial.o
 .text.writet   0x0000000008005970       0x10 build/obj/serial.o
 .text.write    0x0000000008005980       0x10 build/obj/serial.o
 .text.gett     0x0000000008005990       0x10 build/obj/serial.o
 .text.get      0x00000000080059a0       0x10 build/obj/serial.o
 .text.putt     0x00000000080059b0       0x10 build/obj/serial.o
 .text.put      0x00000000080059c0       0x10 build/obj/serial.o
 .text.sdInit   0x00000000080059d0       0x10 build/obj/serial.o
                0x00000000080059d0                sdInit
 .text.sdObjectInit
                0x00000000080059e0       0x40 build/obj/serial.o
                0x00000000080059e0                sdObjectInit
 .text.sdStart  0x0000000008005a20       0x20 build/obj/serial.o
                0x0000000008005a20                sdStart
 .text.sdIncomingDataI
                0x0000000008005a40       0x40 build/obj/serial.o
                0x0000000008005a40                sdIncomingDataI
 .text.spiInit  0x0000000008005a80       0x10 build/obj/spi.o
                0x0000000008005a80                spiInit
 .text.spiObjectInit
                0x0000000008005a90       0x20 build/obj/spi.o
                0x0000000008005a90                spiObjectInit
 .text.Vector64
                0x0000000008005ab0       0x30 build/obj/stm32_dma.o
                0x0000000008005ab0                Vector64
 .text.Vector68
                0x0000000008005ae0       0x50 build/obj/stm32_dma.o
                0x0000000008005ae0                Vector68
 .text.Vector6C
                0x0000000008005b30       0x50 build/obj/stm32_dma.o
                0x0000000008005b30                Vector6C
 .text.dmaInit  0x0000000008005b80       0x50 build/obj/stm32_dma.o
                0x0000000008005b80                dmaInit
 .text.hal_lld_init
                0x0000000008005bd0       0x90 build/obj/hal_lld.o
                0x0000000008005bd0                hal_lld_init
 .text.stm32_clock_init
                0x0000000008005c60       0x90 build/obj/hal_lld.o
                0x0000000008005c60                stm32_clock_init
 .text._pal_lld_init
                0x0000000008005cf0       0xc0 build/obj/pal_lld.o
                0x0000000008005cf0                _pal_lld_init
 .text._pal_lld_setgroupmode
                0x0000000008005db0       0xd0 build/obj/pal_lld.o
                0x0000000008005db0                _pal_lld_setgroupmode
 .text.spi_lld_init
                0x0000000008005e80       0x40 build/obj/spi_lld.o
                0x0000000008005e80                spi_lld_init
 .text.pwm_lld_serve_interrupt
                0x0000000008005ec0       0x60 build/obj/pwm_lld.o
 .text.Vector74
                0x0000000008005f20       0x30 build/obj/pwm_lld.o
                0x0000000008005f20                Vector74
 .text.Vector78
                0x0000000008005f50       0x60 build/obj/pwm_lld.o
                0x0000000008005f50                Vector78
 .text.Vector7C
                0x0000000008005fb0       0x20 build/obj/pwm_lld.o
                0x0000000008005fb0                Vector7C
 .text.Vector80
                0x0000000008005fd0       0x20 build/obj/pwm_lld.o
                0x0000000008005fd0                Vector80
 .text.pwm_lld_init
                0x0000000008005ff0       0x40 build/obj/pwm_lld.o
                0x0000000008005ff0                pwm_lld_init
 .text.pwm_lld_start
                0x0000000008006030      0x1a0 build/obj/pwm_lld.o
                0x0000000008006030                pwm_lld_start
 .text.pwm_lld_enable_channel
                0x00000000080061d0       0x30 build/obj/pwm_lld.o
                0x00000000080061d0                pwm_lld_enable_channel
 .text.notify1  0x0000000008006200       0x10 build/obj/serial_lld.o
 .text.VectorAC
                0x0000000008006210       0xd0 build/obj/serial_lld.o
                0x0000000008006210                VectorAC
 .text.sd_lld_init
                0x00000000080062e0       0x30 build/obj/serial_lld.o
                0x00000000080062e0                sd_lld_init
 .text.sd_lld_start
                0x0000000008006310       0x70 build/obj/serial_lld.o
                0x0000000008006310                sd_lld_start
 .text.__early_init
                0x0000000008006380       0x10 build/obj/board.o
                0x0000000008006380                __early_init
 .text.boardInit
                0x0000000008006390       0x10 build/obj/board.o
                0x0000000008006390                boardInit
 .text.motorThread
                0x00000000080063a0       0x50 build/obj/motor.o
                0x00000000080063a0                motorThread
 *(.rodata)
 *(.rodata.*)
 .rodata.str1.4
                0x00000000080063f0        0x5 build/obj/chsys.o
                                          0x8 (size before relaxing)
 *fill*         0x00000000080063f5        0xb 
 .rodata.ch_debug
                0x0000000008006400       0x18 build/obj/chregistry.o
                0x0000000008006400                ch_debug
 *fill*         0x0000000008006418        0x8 
 .rodata.wa     0x0000000008006420       0x14 build/obj/test.o
                0x0000000008006420                wa
 *fill*         0x0000000008006434        0xc 
 .rodata.str1.4
                0x0000000008006440      0x1c3 build/obj/test.o
                                        0x1d0 (size before relaxing)
 *fill*         0x0000000008006603        0xd 
 .rodata.patterns
                0x0000000008006610       0x30 build/obj/test.o
 .rodata.testthd1
                0x0000000008006640       0x10 build/obj/testthd.o
                0x0000000008006640                testthd1
 .rodata.testthd2
                0x0000000008006650       0x10 build/obj/testthd.o
                0x0000000008006650                testthd2
 .rodata.testthd3
                0x0000000008006660       0x10 build/obj/testthd.o
                0x0000000008006660                testthd3
 .rodata.testthd4
                0x0000000008006670       0x10 build/obj/testthd.o
                0x0000000008006670                testthd4
 .rodata.patternthd
                0x0000000008006680       0x14 build/obj/testthd.o
                0x0000000008006680                patternthd
 *fill*         0x0000000008006694        0xc 
 .rodata.str1.4
                0x00000000080066a0       0x7b build/obj/testthd.o
                                         0x80 (size before relaxing)
 *fill*         0x000000000800671b        0x5 
 .rodata.testsem1
                0x0000000008006720       0x10 build/obj/testsem.o
                0x0000000008006720                testsem1
 .rodata.testsem2
                0x0000000008006730       0x10 build/obj/testsem.o
                0x0000000008006730                testsem2
 .rodata.testsem3
                0x0000000008006740       0x10 build/obj/testsem.o
                0x0000000008006740                testsem3
 .rodata.testsem4
                0x0000000008006750       0x10 build/obj/testsem.o
                0x0000000008006750                testsem4
 .rodata.patternsem
                0x0000000008006760       0x14 build/obj/testsem.o
                0x0000000008006760                patternsem
 *fill*         0x0000000008006774        0xc 
 .rodata.str1.4
                0x0000000008006780       0x6e build/obj/testsem.o
                                         0x8c (size before relaxing)
 *fill*         0x00000000080067ee        0x2 
 .rodata.testmtx5
                0x00000000080067f0       0x10 build/obj/testmtx.o
                0x00000000080067f0                testmtx5
 .rodata.testmtx6
                0x0000000008006800       0x10 build/obj/testmtx.o
                0x0000000008006800                testmtx6
 .rodata.testmtx7
                0x0000000008006810       0x10 build/obj/testmtx.o
                0x0000000008006810                testmtx7
 .rodata.testmtx8
                0x0000000008006820       0x10 build/obj/testmtx.o
                0x0000000008006820                testmtx8
 .rodata.str1.4
                0x0000000008006830       0xed build/obj/testmtx.o
                                        0x10c (size before relaxing)
 *fill*         0x000000000800691d        0x3 
 .rodata.patternmtx
                0x0000000008006920       0x24 build/obj/testmtx.o
                0x0000000008006920                patternmtx
 *fill*         0x0000000008006944        0xc 
 .rodata.testmtx1
                0x0000000008006950       0x10 build/obj/testmtx.o
                0x0000000008006950                testmtx1
 .rodata.testmtx2
                0x0000000008006960       0x10 build/obj/testmtx.o
                0x0000000008006960                testmtx2
 .rodata.testmtx3
                0x0000000008006970       0x10 build/obj/testmtx.o
                0x0000000008006970                testmtx3
 .rodata.testmtx4
                0x0000000008006980       0x10 build/obj/testmtx.o
                0x0000000008006980                testmtx4
 .rodata.testmsg1
                0x0000000008006990       0x10 build/obj/testmsg.o
                0x0000000008006990                testmsg1
 .rodata.str1.4
                0x00000000080069a0        0xf build/obj/testmsg.o
                                         0x14 (size before relaxing)
 *fill*         0x00000000080069af        0x1 
 .rodata.patternmsg
                0x00000000080069b0        0x8 build/obj/testmsg.o
                0x00000000080069b0                patternmsg
 *fill*         0x00000000080069b8        0x8 
 .rodata.patternmbox
                0x00000000080069c0        0x8 build/obj/testmbox.o
                0x00000000080069c0                patternmbox
 *fill*         0x00000000080069c8        0x8 
 .rodata.str1.4
                0x00000000080069d0       0x20 build/obj/testmbox.o
                                         0x28 (size before relaxing)
 .rodata.testmbox1
                0x00000000080069f0       0x10 build/obj/testmbox.o
                0x00000000080069f0                testmbox1
 .rodata.patternevt
                0x0000000008006a00       0x10 build/obj/testevt.o
                0x0000000008006a00                patternevt
 .rodata.testevt2
                0x0000000008006a10       0x10 build/obj/testevt.o
                0x0000000008006a10                testevt2
 .rodata.str1.4
                0x0000000008006a20       0x52 build/obj/testevt.o
                                         0x5c (size before relaxing)
 *fill*         0x0000000008006a72        0xe 
 .rodata.testevt1
                0x0000000008006a80       0x10 build/obj/testevt.o
                0x0000000008006a80                testevt1
 .rodata.evhndl
                0x0000000008006a90        0xc build/obj/testevt.o
 *fill*         0x0000000008006a9c        0x4 
 .rodata.testevt3
                0x0000000008006aa0       0x10 build/obj/testevt.o
                0x0000000008006aa0                testevt3
 .rodata.patternheap
                0x0000000008006ab0        0x8 build/obj/testheap.o
                0x0000000008006ab0                patternheap
 *fill*         0x0000000008006ab8        0x8 
 .rodata.str1.4
                0x0000000008006ac0       0x28 build/obj/testheap.o
 *fill*         0x0000000008006ae8        0x8 
 .rodata.testheap1
                0x0000000008006af0       0x10 build/obj/testheap.o
                0x0000000008006af0                testheap1
 .rodata.str1.4
                0x0000000008006b00       0x1c build/obj/testpools.o
 *fill*         0x0000000008006b1c        0x4 
 .rodata.patternpools
                0x0000000008006b20        0x8 build/obj/testpools.o
                0x0000000008006b20                patternpools
 *fill*         0x0000000008006b28        0x8 
 .rodata.testpools1
                0x0000000008006b30       0x10 build/obj/testpools.o
                0x0000000008006b30                testpools1
 .rodata.testdyn1
                0x0000000008006b40       0x10 build/obj/testdyn.o
                0x0000000008006b40                testdyn1
 .rodata.testdyn2
                0x0000000008006b50       0x10 build/obj/testdyn.o
                0x0000000008006b50                testdyn2
 .rodata.testdyn3
                0x0000000008006b60       0x10 build/obj/testdyn.o
                0x0000000008006b60                testdyn3
 .rodata.str1.4
                0x0000000008006b70       0x8d build/obj/testdyn.o
                                         0xa4 (size before relaxing)
 *fill*         0x0000000008006bfd        0x3 
 .rodata.patterndyn
                0x0000000008006c00       0x10 build/obj/testdyn.o
                0x0000000008006c00                patterndyn
 .rodata.testqueues1
                0x0000000008006c10       0x10 build/obj/testqueues.o
                0x0000000008006c10                testqueues1
 .rodata.testqueues2
                0x0000000008006c20       0x10 build/obj/testqueues.o
                0x0000000008006c20                testqueues2
 .rodata.str1.4
                0x0000000008006c30       0x2d build/obj/testqueues.o
                                         0x38 (size before relaxing)
 *fill*         0x0000000008006c5d        0x3 
 .rodata.patternqueues
                0x0000000008006c60        0xc build/obj/testqueues.o
                0x0000000008006c60                patternqueues
 *fill*         0x0000000008006c6c        0x4 
 .rodata.testbmk8
                0x0000000008006c70       0x10 build/obj/testbmk.o
                0x0000000008006c70                testbmk8
 .rodata.patternbmk
                0x0000000008006c80       0x38 build/obj/testbmk.o
                0x0000000008006c80                patternbmk
 *fill*         0x0000000008006cb8        0x8 
 .rodata.testbmk10
                0x0000000008006cc0       0x10 build/obj/testbmk.o
                0x0000000008006cc0                testbmk10
 .rodata.testbmk4
                0x0000000008006cd0       0x10 build/obj/testbmk.o
                0x0000000008006cd0                testbmk4
 .rodata.testbmk3
                0x0000000008006ce0       0x10 build/obj/testbmk.o
                0x0000000008006ce0                testbmk3
 .rodata.testbmk12
                0x0000000008006cf0       0x10 build/obj/testbmk.o
                0x0000000008006cf0                testbmk12
 .rodata.testbmk2
                0x0000000008006d00       0x10 build/obj/testbmk.o
                0x0000000008006d00                testbmk2
 .rodata.str1.4
                0x0000000008006d10      0x2c8 build/obj/testbmk.o
 *fill*         0x0000000008006fd8        0x8 
 .rodata.testbmk9
                0x0000000008006fe0       0x10 build/obj/testbmk.o
                0x0000000008006fe0                testbmk9
 .rodata.testbmk1
                0x0000000008006ff0       0x10 build/obj/testbmk.o
                0x0000000008006ff0                testbmk1
 .rodata.testbmk11
                0x0000000008007000       0x10 build/obj/testbmk.o
                0x0000000008007000                testbmk11
 .rodata.testbmk13
                0x0000000008007010       0x10 build/obj/testbmk.o
                0x0000000008007010                testbmk13
 .rodata.testbmk5
                0x0000000008007020       0x10 build/obj/testbmk.o
                0x0000000008007020                testbmk5
 .rodata.testbmk6
                0x0000000008007030       0x10 build/obj/testbmk.o
                0x0000000008007030                testbmk6
 .rodata.testbmk7
                0x0000000008007040       0x10 build/obj/testbmk.o
                0x0000000008007040                testbmk7
 .rodata.vmt    0x0000000008007050       0x20 build/obj/serial.o
 .rodata._stm32_dma_streams
                0x0000000008007070       0x3c build/obj/stm32_dma.o
                0x0000000008007070                _stm32_dma_streams
 *fill*         0x00000000080070ac        0x4 
 .rodata.default_config
                0x00000000080070b0       0x10 build/obj/serial_lld.o
 .rodata.pal_default_config
                0x00000000080070c0       0x8c build/obj/board.o
                0x00000000080070c0                pal_default_config
 *(.glue_7t)
 .glue_7t       0x0000000000000000        0x0 linker stubs
 *(.glue_7)
 .glue_7        0x0000000000000000        0x0 linker stubs
 *(.gcc*)

.vfp11_veneer   0x000000000800714c        0x0
 .vfp11_veneer  0x0000000000000000        0x0 linker stubs

.v4_bx          0x000000000800714c        0x0
 .v4_bx         0x0000000000000000        0x0 linker stubs

.iplt           0x000000000800714c        0x0
 .iplt          0x0000000000000000        0x0 build/obj/crt0.o

.rel.dyn        0x000000000800714c        0x0
 .rel.iplt      0x0000000000000000        0x0 build/obj/crt0.o

.ARM.extab
 *(.ARM.extab* .gnu.linkonce.armextab.*)

.ARM.exidx      0x000000000800714c        0x0
                0x000000000800714c                PROVIDE (__exidx_start, .)
 *(.ARM.exidx* .gnu.linkonce.armexidx.*)
                0x000000000800714c                PROVIDE (__exidx_end, .)

.eh_frame_hdr
 *(.eh_frame_hdr)

.eh_frame
 *(.eh_frame)

.textalign      0x000000000800714c        0x4
                0x0000000008007150                . = ALIGN (0x8)
 *fill*         0x000000000800714c        0x4 
                0x0000000008007150                _etext = .
                0x0000000008007150                _textdata = _etext

.stacks         0x0000000020000000      0x800
                0x0000000020000000                . = ALIGN (0x8)
                0x0000000020000000                __main_stack_base__ = .
                0x0000000020000400                . = (. + __main_stack_size__)
 *fill*         0x0000000020000000      0x400 
                0x0000000020000400                . = ALIGN (0x8)
                0x0000000020000400                __main_stack_end__ = .
                0x0000000020000400                __process_stack_base__ = .
                0x0000000020000400                __main_thread_stack_base__ = .
                0x0000000020000800                . = (. + __process_stack_size__)
 *fill*         0x0000000020000400      0x400 
                0x0000000020000800                . = ALIGN (0x8)
                0x0000000020000800                __process_stack_end__ = .
                0x0000000020000800                __main_thread_stack_end__ = .

.data           0x0000000020000800       0xec load address 0x0000000008007150
                0x0000000020000800                . = ALIGN (0x4)
                0x0000000020000800                PROVIDE (_data, .)
 *(.data)
                0x0000000020000800                . = ALIGN (0x4)
 *(.data.*)
 .data.sem1     0x0000000020000800        0xc build/obj/testsem.o
 .data.m1       0x000000002000080c       0x10 build/obj/testmtx.o
 .data.m2       0x000000002000081c       0x10 build/obj/testmtx.o
 .data.c1       0x000000002000082c        0x8 build/obj/testmtx.o
 .data.mb1      0x0000000020000834       0x28 build/obj/testmbox.o
 .data.es1      0x000000002000085c        0x4 build/obj/testevt.o
 .data.es2      0x0000000020000860        0x4 build/obj/testevt.o
 .data.mp1      0x0000000020000864        0xc build/obj/testpools.o
 .data.oq       0x0000000020000870       0x24 build/obj/testqueues.o
 .data.iq       0x0000000020000894       0x24 build/obj/testqueues.o
 .data.motorPWMcfg
                0x00000000200008b8       0x34 build/obj/motor.o
                0x00000000200008ec                . = ALIGN (0x4)
 *(.ramtext)
                0x00000000200008ec                . = ALIGN (0x4)
                0x00000000200008ec                PROVIDE (_edata, .)

.igot.plt       0x00000000200008ec        0x0 load address 0x000000000800723c
 .igot.plt      0x0000000000000000        0x0 build/obj/crt0.o

.bss            0x00000000200008f0      0x994 load address 0x000000000800723c
                0x00000000200008f0                . = ALIGN (0x4)
                0x00000000200008f0                PROVIDE (_bss_start, .)
 *(.bss)
                0x00000000200008f0                . = ALIGN (0x4)
 *(.bss.*)
 .bss.mainthread.4774
                0x00000000200008f0       0x48 build/obj/chsys.o
 .bss._idle_thread_wa
                0x0000000020000938       0xc0 build/obj/chsys.o
                0x0000000020000938                _idle_thread_wa
 .bss.vtlist    0x00000000200009f8       0x10 build/obj/chvt.o
                0x00000000200009f8                vtlist
 .bss.rlist     0x0000000020000a08       0x1c build/obj/chschd.o
                0x0000000020000a08                rlist
 .bss.endmem    0x0000000020000a24        0x4 build/obj/chmemcore.o
 .bss.nextmem   0x0000000020000a28        0x4 build/obj/chmemcore.o
 *fill*         0x0000000020000a2c        0x4 
 .bss.default_heap
                0x0000000020000a30       0x20 build/obj/chheap.o
 .bss.test      0x0000000020000a50      0x5f0 build/obj/test.o
                0x0000000020000a50                test
 .bss.failpoint
                0x0000000020001040        0x4 build/obj/test.o
 .bss.local_fail
                0x0000000020001044        0x1 build/obj/test.o
 .bss.test_timer_done
                0x0000000020001045        0x1 build/obj/test.o
                0x0000000020001045                test_timer_done
 *fill*         0x0000000020001046        0x2 
 .bss.tokp      0x0000000020001048        0x4 build/obj/test.o
 .bss.global_fail
                0x000000002000104c        0x1 build/obj/test.o
 *fill*         0x000000002000104d        0x3 
 .bss.vt        0x0000000020001050       0x14 build/obj/test.o
 .bss.threads   0x0000000020001064       0x14 build/obj/test.o
                0x0000000020001064                threads
 .bss.chp       0x0000000020001078        0x4 build/obj/test.o
 .bss.tokens_buffer
                0x000000002000107c       0x10 build/obj/test.o
 *fill*         0x000000002000108c        0x4 
 .bss.test_heap
                0x0000000020001090       0x20 build/obj/testheap.o
 .bss.mp1       0x00000000200010b0        0xc build/obj/testdyn.o
 *fill*         0x00000000200010bc        0x4 
 .bss.heap1     0x00000000200010c0       0x20 build/obj/testdyn.o
 .bss.iq.4916   0x00000000200010e0       0x24 build/obj/testbmk.o
 .bss.ib.4915   0x0000000020001104       0x10 build/obj/testbmk.o
 .bss.mtx1      0x0000000020001114       0x10 build/obj/testbmk.o
 .bss.vt2.4927  0x0000000020001124       0x14 build/obj/testbmk.o
 .bss.sem1      0x0000000020001138        0xc build/obj/testbmk.o
 .bss.vt1.4926  0x0000000020001144       0x14 build/obj/testbmk.o
 .bss.dma_isr_redir
                0x0000000020001158       0x28 build/obj/stm32_dma.o
 .bss.dma_streams_mask
                0x0000000020001180        0x4 build/obj/stm32_dma.o
 .bss.dummytx   0x0000000020001184        0x2 build/obj/spi_lld.o
 *fill*         0x0000000020001186        0x2 
 .bss.SPID1     0x0000000020001188       0x30 build/obj/spi_lld.o
                0x0000000020001188                SPID1
 .bss.PWMD1     0x00000000200011b8       0x14 build/obj/pwm_lld.o
                0x00000000200011b8                PWMD1
 .bss.PWMD2     0x00000000200011cc       0x14 build/obj/pwm_lld.o
                0x00000000200011cc                PWMD2
 .bss.PWMD3     0x00000000200011e0       0x14 build/obj/pwm_lld.o
                0x00000000200011e0                PWMD3
 .bss.SD1       0x00000000200011f4       0x7c build/obj/serial_lld.o
                0x00000000200011f4                SD1
 .bss.motorDuty
                0x0000000020001270        0x2 build/obj/motor.o
                0x0000000020001270                motorDuty
 *fill*         0x0000000020001272        0x2 
 .bss.motorMutex
                0x0000000020001274       0x10 build/obj/motor.o
                0x0000000020001274                motorMutex
                0x0000000020001284                . = ALIGN (0x4)
 *(COMMON)
                0x0000000020001284                . = ALIGN (0x4)
                0x0000000020001284                PROVIDE (_bss_end, .)
                0x0000000020001284                PROVIDE (end, .)
                0x0000000020001284                _end = .
                0x0000000020001284                __heap_base__ = _end
                0x0000000020002000                __heap_end__ = __ram_end__
OUTPUT(build/pulsinator.elf elf32-littlearm)

.debug_info     0x0000000000000000    0x1c9e5
 .debug_info    0x0000000000000000      0x2c7 build/obj/crt0.o
 .debug_info    0x00000000000002c7      0x1eb build/obj/vectors.o
 .debug_info    0x00000000000004b2      0x792 build/obj/chcore_v6m.o
 .debug_info    0x0000000000000c44      0x451 build/obj/nvic.o
 .debug_info    0x0000000000001095      0xa22 build/obj/chsys.o
 .debug_info    0x0000000000001ab7      0x270 build/obj/chvt.o
 .debug_info    0x0000000000001d27      0x999 build/obj/chschd.o
 .debug_info    0x00000000000026c0      0xa4f build/obj/chthreads.o
 .debug_info    0x000000000000310f      0x809 build/obj/chdynamic.o
 .debug_info    0x0000000000003918      0x608 build/obj/chregistry.o
 .debug_info    0x0000000000003f20      0xa4c build/obj/chsem.o
 .debug_info    0x000000000000496c      0x956 build/obj/chmtx.o
 .debug_info    0x00000000000052c2      0x90d build/obj/chcond.o
 .debug_info    0x0000000000005bcf      0xaf1 build/obj/chevents.o
 .debug_info    0x00000000000066c0      0x60e build/obj/chmsg.o
 .debug_info    0x0000000000006cce      0x9e0 build/obj/chmboxes.o
 .debug_info    0x00000000000076ae      0xafd build/obj/chqueues.o
 .debug_info    0x00000000000081ab      0x1e2 build/obj/chmemcore.o
 .debug_info    0x000000000000838d      0x72a build/obj/chheap.o
 .debug_info    0x0000000000008ab7      0x373 build/obj/chmempools.o
 .debug_info    0x0000000000008e2a     0x13e8 build/obj/test.o
 .debug_info    0x000000000000a212      0xc86 build/obj/testthd.o
 .debug_info    0x000000000000ae98     0x11c0 build/obj/testsem.o
 .debug_info    0x000000000000c058     0x1d47 build/obj/testmtx.o
 .debug_info    0x000000000000dd9f      0x757 build/obj/testmsg.o
 .debug_info    0x000000000000e4f6      0xe99 build/obj/testmbox.o
 .debug_info    0x000000000000f38f     0x118b build/obj/testevt.o
 .debug_info    0x000000000001051a      0xbea build/obj/testheap.o
 .debug_info    0x0000000000011104      0x5e8 build/obj/testpools.o
 .debug_info    0x00000000000116ec     0x10bb build/obj/testdyn.o
 .debug_info    0x00000000000127a7     0x119a build/obj/testqueues.o
 .debug_info    0x0000000000013941     0x1d8c build/obj/testbmk.o
 .debug_info    0x00000000000156cd      0x211 build/obj/hal.o
 .debug_info    0x00000000000158de      0x5b2 build/obj/pwm.o
 .debug_info    0x0000000000015e90     0x1062 build/obj/serial.o
 .debug_info    0x0000000000016ef2      0xf32 build/obj/spi.o
 .debug_info    0x0000000000017e24      0x5fb build/obj/stm32_dma.o
 .debug_info    0x000000000001841f      0x303 build/obj/hal_lld.o
 .debug_info    0x0000000000018722      0x557 build/obj/pal_lld.o
 .debug_info    0x0000000000018c79      0xda7 build/obj/spi_lld.o
 .debug_info    0x0000000000019a20      0x936 build/obj/pwm_lld.o
 .debug_info    0x000000000001a356      0xdf1 build/obj/serial_lld.o
 .debug_info    0x000000000001b147      0x1b7 build/obj/board.o
 .debug_info    0x000000000001b2fe      0xbcf build/obj/main.o
 .debug_info    0x000000000001becd      0x97a build/obj/motor.o
 .debug_info    0x000000000001c847       0xcf /home/matt/arm_cortex/gcc-arm-none-eabi/bin/../lib/gcc/arm-none-eabi/4.7.4/armv6-m/libgcc.a(_udivsi3.o)
 .debug_info    0x000000000001c916       0xcf /home/matt/arm_cortex/gcc-arm-none-eabi/bin/../lib/gcc/arm-none-eabi/4.7.4/armv6-m/libgcc.a(_dvmd_tls.o)

.debug_abbrev   0x0000000000000000     0x5fd5
 .debug_abbrev  0x0000000000000000       0xfe build/obj/crt0.o
 .debug_abbrev  0x00000000000000fe       0xaf build/obj/vectors.o
 .debug_abbrev  0x00000000000001ad      0x18c build/obj/chcore_v6m.o
 .debug_abbrev  0x0000000000000339       0xf0 build/obj/nvic.o
 .debug_abbrev  0x0000000000000429      0x1f7 build/obj/chsys.o
 .debug_abbrev  0x0000000000000620      0x133 build/obj/chvt.o
 .debug_abbrev  0x0000000000000753      0x2d6 build/obj/chschd.o
 .debug_abbrev  0x0000000000000a29      0x333 build/obj/chthreads.o
 .debug_abbrev  0x0000000000000d5c      0x1e8 build/obj/chdynamic.o
 .debug_abbrev  0x0000000000000f44      0x165 build/obj/chregistry.o
 .debug_abbrev  0x00000000000010a9      0x2e7 build/obj/chsem.o
 .debug_abbrev  0x0000000000001390      0x2f9 build/obj/chmtx.o
 .debug_abbrev  0x0000000000001689      0x2c6 build/obj/chcond.o
 .debug_abbrev  0x000000000000194f      0x2dc build/obj/chevents.o
 .debug_abbrev  0x0000000000001c2b      0x1f6 build/obj/chmsg.o
 .debug_abbrev  0x0000000000001e21      0x1f3 build/obj/chmboxes.o
 .debug_abbrev  0x0000000000002014      0x2f3 build/obj/chqueues.o
 .debug_abbrev  0x0000000000002307      0x14c build/obj/chmemcore.o
 .debug_abbrev  0x0000000000002453      0x1b6 build/obj/chheap.o
 .debug_abbrev  0x0000000000002609      0x1f2 build/obj/chmempools.o
 .debug_abbrev  0x00000000000027fb      0x505 build/obj/test.o
 .debug_abbrev  0x0000000000002d00      0x26a build/obj/testthd.o
 .debug_abbrev  0x0000000000002f6a      0x2a2 build/obj/testsem.o
 .debug_abbrev  0x000000000000320c      0x298 build/obj/testmtx.o
 .debug_abbrev  0x00000000000034a4      0x1ee build/obj/testmsg.o
 .debug_abbrev  0x0000000000003692      0x1d7 build/obj/testmbox.o
 .debug_abbrev  0x0000000000003869      0x2c4 build/obj/testevt.o
 .debug_abbrev  0x0000000000003b2d      0x1e8 build/obj/testheap.o
 .debug_abbrev  0x0000000000003d15      0x1c9 build/obj/testpools.o
 .debug_abbrev  0x0000000000003ede      0x276 build/obj/testdyn.o
 .debug_abbrev  0x0000000000004154      0x2e1 build/obj/testqueues.o
 .debug_abbrev  0x0000000000004435      0x333 build/obj/testbmk.o
 .debug_abbrev  0x0000000000004768       0xe4 build/obj/hal.o
 .debug_abbrev  0x000000000000484c      0x176 build/obj/pwm.o
 .debug_abbrev  0x00000000000049c2      0x269 build/obj/serial.o
 .debug_abbrev  0x0000000000004c2b      0x222 build/obj/spi.o
 .debug_abbrev  0x0000000000004e4d      0x1ef build/obj/stm32_dma.o
 .debug_abbrev  0x000000000000503c       0xe9 build/obj/hal_lld.o
 .debug_abbrev  0x0000000000005125      0x1a1 build/obj/pal_lld.o
 .debug_abbrev  0x00000000000052c6      0x2f2 build/obj/spi_lld.o
 .debug_abbrev  0x00000000000055b8      0x246 build/obj/pwm_lld.o
 .debug_abbrev  0x00000000000057fe      0x2fc build/obj/serial_lld.o
 .debug_abbrev  0x0000000000005afa       0xc8 build/obj/board.o
 .debug_abbrev  0x0000000000005bc2      0x1ea build/obj/main.o
 .debug_abbrev  0x0000000000005dac      0x201 build/obj/motor.o
 .debug_abbrev  0x0000000000005fad       0x14 /home/matt/arm_cortex/gcc-arm-none-eabi/bin/../lib/gcc/arm-none-eabi/4.7.4/armv6-m/libgcc.a(_udivsi3.o)
 .debug_abbrev  0x0000000000005fc1       0x14 /home/matt/arm_cortex/gcc-arm-none-eabi/bin/../lib/gcc/arm-none-eabi/4.7.4/armv6-m/libgcc.a(_dvmd_tls.o)

.debug_loc      0x0000000000000000     0x8d9e
 .debug_loc     0x0000000000000000       0x6a build/obj/crt0.o
 .debug_loc     0x000000000000006a       0x91 build/obj/chcore_v6m.o
 .debug_loc     0x00000000000000fb      0x1a7 build/obj/nvic.o
 .debug_loc     0x00000000000002a2       0x9e build/obj/chsys.o
 .debug_loc     0x0000000000000340      0x13a build/obj/chvt.o
 .debug_loc     0x000000000000047a      0x38e build/obj/chschd.o
 .debug_loc     0x0000000000000808      0x44c build/obj/chthreads.o
 .debug_loc     0x0000000000000c54      0x35d build/obj/chdynamic.o
 .debug_loc     0x0000000000000fb1       0x81 build/obj/chregistry.o
 .debug_loc     0x0000000000001032      0x6fc build/obj/chsem.o
 .debug_loc     0x000000000000172e      0x48f build/obj/chmtx.o
 .debug_loc     0x0000000000001bbd      0x517 build/obj/chcond.o
 .debug_loc     0x00000000000020d4      0x7ba build/obj/chevents.o
 .debug_loc     0x000000000000288e      0x1d0 build/obj/chmsg.o
 .debug_loc     0x0000000000002a5e      0x70f build/obj/chmboxes.o
 .debug_loc     0x000000000000316d      0x887 build/obj/chqueues.o
 .debug_loc     0x00000000000039f4       0xbf build/obj/chmemcore.o
 .debug_loc     0x0000000000003ab3      0x411 build/obj/chheap.o
 .debug_loc     0x0000000000003ec4      0x219 build/obj/chmempools.o
 .debug_loc     0x00000000000040dd      0x81a build/obj/test.o
 .debug_loc     0x00000000000048f7      0x195 build/obj/testthd.o
 .debug_loc     0x0000000000004a8c      0x32b build/obj/testsem.o
 .debug_loc     0x0000000000004db7      0x7f2 build/obj/testmtx.o
 .debug_loc     0x00000000000055a9       0xb4 build/obj/testmsg.o
 .debug_loc     0x000000000000565d      0x1c2 build/obj/testmbox.o
 .debug_loc     0x000000000000581f      0x38a build/obj/testevt.o
 .debug_loc     0x0000000000005ba9      0x1d8 build/obj/testheap.o
 .debug_loc     0x0000000000005d81      0x155 build/obj/testpools.o
 .debug_loc     0x0000000000005ed6      0x2ea build/obj/testdyn.o
 .debug_loc     0x00000000000061c0      0x37c build/obj/testqueues.o
 .debug_loc     0x000000000000653c      0x66e build/obj/testbmk.o
 .debug_loc     0x0000000000006baa       0x20 build/obj/hal.o
 .debug_loc     0x0000000000006bca      0x1dd build/obj/pwm.o
 .debug_loc     0x0000000000006da7      0x6ee build/obj/serial.o
 .debug_loc     0x0000000000007495      0x67c build/obj/spi.o
 .debug_loc     0x0000000000007b11      0x2b6 build/obj/stm32_dma.o
 .debug_loc     0x0000000000007dc7       0x20 build/obj/hal_lld.o
 .debug_loc     0x0000000000007de7      0x2f9 build/obj/pal_lld.o
 .debug_loc     0x00000000000080e0      0x5b0 build/obj/spi_lld.o
 .debug_loc     0x0000000000008690      0x3e1 build/obj/pwm_lld.o
 .debug_loc     0x0000000000008a71      0x29f build/obj/serial_lld.o
 .debug_loc     0x0000000000008d10       0x20 build/obj/board.o
 .debug_loc     0x0000000000008d30       0x2d build/obj/main.o
 .debug_loc     0x0000000000008d5d       0x41 build/obj/motor.o

.debug_aranges  0x0000000000000000      0xee0
 .debug_aranges
                0x0000000000000000       0x38 build/obj/crt0.o
 .debug_aranges
                0x0000000000000038       0x20 build/obj/vectors.o
 .debug_aranges
                0x0000000000000058       0x48 build/obj/chcore_v6m.o
 .debug_aranges
                0x00000000000000a0       0x30 build/obj/nvic.o
 .debug_aranges
                0x00000000000000d0       0x30 build/obj/chsys.o
 .debug_aranges
                0x0000000000000100       0x38 build/obj/chvt.o
 .debug_aranges
                0x0000000000000138       0x68 build/obj/chschd.o
 .debug_aranges
                0x00000000000001a0       0x78 build/obj/chthreads.o
 .debug_aranges
                0x0000000000000218       0x38 build/obj/chdynamic.o
 .debug_aranges
                0x0000000000000250       0x28 build/obj/chregistry.o
 .debug_aranges
                0x0000000000000278       0x70 build/obj/chsem.o
 .debug_aranges
                0x00000000000002e8       0x58 build/obj/chmtx.o
 .debug_aranges
                0x0000000000000340       0x60 build/obj/chcond.o
 .debug_aranges
                0x00000000000003a0       0xa0 build/obj/chevents.o
 .debug_aranges
                0x0000000000000440       0x30 build/obj/chmsg.o
 .debug_aranges
                0x0000000000000470       0x70 build/obj/chmboxes.o
 .debug_aranges
                0x00000000000004e0       0x70 build/obj/chqueues.o
 .debug_aranges
                0x0000000000000550       0x38 build/obj/chmemcore.o
 .debug_aranges
                0x0000000000000588       0x40 build/obj/chheap.o
 .debug_aranges
                0x00000000000005c8       0x48 build/obj/chmempools.o
 .debug_aranges
                0x0000000000000610       0x98 build/obj/test.o
 .debug_aranges
                0x00000000000006a8       0x40 build/obj/testthd.o
 .debug_aranges
                0x00000000000006e8       0x70 build/obj/testsem.o
 .debug_aranges
                0x0000000000000758      0x108 build/obj/testmtx.o
 .debug_aranges
                0x0000000000000860       0x28 build/obj/testmsg.o
 .debug_aranges
                0x0000000000000888       0x28 build/obj/testmbox.o
 .debug_aranges
                0x00000000000008b0       0x70 build/obj/testevt.o
 .debug_aranges
                0x0000000000000920       0x28 build/obj/testheap.o
 .debug_aranges
                0x0000000000000948       0x30 build/obj/testpools.o
 .debug_aranges
                0x0000000000000978       0x58 build/obj/testdyn.o
 .debug_aranges
                0x00000000000009d0       0x50 build/obj/testqueues.o
 .debug_aranges
                0x0000000000000a20       0xd0 build/obj/testbmk.o
 .debug_aranges
                0x0000000000000af0       0x20 build/obj/hal.o
 .debug_aranges
                0x0000000000000b10       0x50 build/obj/pwm.o
 .debug_aranges
                0x0000000000000b60       0x88 build/obj/serial.o
 .debug_aranges
                0x0000000000000be8       0x98 build/obj/spi.o
 .debug_aranges
                0x0000000000000c80       0x48 build/obj/stm32_dma.o
 .debug_aranges
                0x0000000000000cc8       0x28 build/obj/hal_lld.o
 .debug_aranges
                0x0000000000000cf0       0x28 build/obj/pal_lld.o
 .debug_aranges
                0x0000000000000d18       0x78 build/obj/spi_lld.o
 .debug_aranges
                0x0000000000000d90       0x68 build/obj/pwm_lld.o
 .debug_aranges
                0x0000000000000df8       0x40 build/obj/serial_lld.o
 .debug_aranges
                0x0000000000000e38       0x28 build/obj/board.o
 .debug_aranges
                0x0000000000000e60       0x20 build/obj/main.o
 .debug_aranges
                0x0000000000000e80       0x20 build/obj/motor.o
 .debug_aranges
                0x0000000000000ea0       0x20 /home/matt/arm_cortex/gcc-arm-none-eabi/bin/../lib/gcc/arm-none-eabi/4.7.4/armv6-m/libgcc.a(_udivsi3.o)
 .debug_aranges
                0x0000000000000ec0       0x20 /home/matt/arm_cortex/gcc-arm-none-eabi/bin/../lib/gcc/arm-none-eabi/4.7.4/armv6-m/libgcc.a(_dvmd_tls.o)

.debug_ranges   0x0000000000000000     0x13d0
 .debug_ranges  0x0000000000000000       0xe0 build/obj/crt0.o
 .debug_ranges  0x00000000000000e0       0x10 build/obj/vectors.o
 .debug_ranges  0x00000000000000f0       0x50 build/obj/chcore_v6m.o
 .debug_ranges  0x0000000000000140       0x20 build/obj/nvic.o
 .debug_ranges  0x0000000000000160       0x20 build/obj/chsys.o
 .debug_ranges  0x0000000000000180       0x28 build/obj/chvt.o
 .debug_ranges  0x00000000000001a8      0x1a8 build/obj/chschd.o
 .debug_ranges  0x0000000000000350       0x80 build/obj/chthreads.o
 .debug_ranges  0x00000000000003d0       0x28 build/obj/chdynamic.o
 .debug_ranges  0x00000000000003f8       0x18 build/obj/chregistry.o
 .debug_ranges  0x0000000000000410      0x168 build/obj/chsem.o
 .debug_ranges  0x0000000000000578      0x140 build/obj/chmtx.o
 .debug_ranges  0x00000000000006b8       0xe0 build/obj/chcond.o
 .debug_ranges  0x0000000000000798       0xc0 build/obj/chevents.o
 .debug_ranges  0x0000000000000858       0x50 build/obj/chmsg.o
 .debug_ranges  0x00000000000008a8       0x60 build/obj/chmboxes.o
 .debug_ranges  0x0000000000000908       0x60 build/obj/chqueues.o
 .debug_ranges  0x0000000000000968       0x58 build/obj/chmemcore.o
 .debug_ranges  0x00000000000009c0       0x30 build/obj/chheap.o
 .debug_ranges  0x00000000000009f0       0xe0 build/obj/chmempools.o
 .debug_ranges  0x0000000000000ad0      0x168 build/obj/test.o
 .debug_ranges  0x0000000000000c38       0x30 build/obj/testthd.o
 .debug_ranges  0x0000000000000c68       0x60 build/obj/testsem.o
 .debug_ranges  0x0000000000000cc8       0xf8 build/obj/testmtx.o
 .debug_ranges  0x0000000000000dc0       0x18 build/obj/testmsg.o
 .debug_ranges  0x0000000000000dd8       0x18 build/obj/testmbox.o
 .debug_ranges  0x0000000000000df0       0x60 build/obj/testevt.o
 .debug_ranges  0x0000000000000e50       0x18 build/obj/testheap.o
 .debug_ranges  0x0000000000000e68       0x50 build/obj/testpools.o
 .debug_ranges  0x0000000000000eb8       0x48 build/obj/testdyn.o
 .debug_ranges  0x0000000000000f00       0x80 build/obj/testqueues.o
 .debug_ranges  0x0000000000000f80       0xc0 build/obj/testbmk.o
 .debug_ranges  0x0000000000001040       0x10 build/obj/hal.o
 .debug_ranges  0x0000000000001050       0x40 build/obj/pwm.o
 .debug_ranges  0x0000000000001090       0x78 build/obj/serial.o
 .debug_ranges  0x0000000000001108       0x88 build/obj/spi.o
 .debug_ranges  0x0000000000001190       0x38 build/obj/stm32_dma.o
 .debug_ranges  0x00000000000011c8       0x30 build/obj/hal_lld.o
 .debug_ranges  0x00000000000011f8       0x50 build/obj/pal_lld.o
 .debug_ranges  0x0000000000001248       0x68 build/obj/spi_lld.o
 .debug_ranges  0x00000000000012b0       0x58 build/obj/pwm_lld.o
 .debug_ranges  0x0000000000001308       0x90 build/obj/serial_lld.o
 .debug_ranges  0x0000000000001398       0x18 build/obj/board.o
 .debug_ranges  0x00000000000013b0       0x10 build/obj/main.o
 .debug_ranges  0x00000000000013c0       0x10 build/obj/motor.o

.debug_line     0x0000000000000000     0x8077
 .debug_line    0x0000000000000000      0x175 build/obj/crt0.o
 .debug_line    0x0000000000000175       0xef build/obj/vectors.o
 .debug_line    0x0000000000000264      0x22e build/obj/chcore_v6m.o
 .debug_line    0x0000000000000492      0x136 build/obj/nvic.o
 .debug_line    0x00000000000005c8      0x2a9 build/obj/chsys.o
 .debug_line    0x0000000000000871      0x1be build/obj/chvt.o
 .debug_line    0x0000000000000a2f      0x35e build/obj/chschd.o
 .debug_line    0x0000000000000d8d      0x395 build/obj/chthreads.o
 .debug_line    0x0000000000001122      0x28b build/obj/chdynamic.o
 .debug_line    0x00000000000013ad      0x232 build/obj/chregistry.o
 .debug_line    0x00000000000015df      0x3a4 build/obj/chsem.o
 .debug_line    0x0000000000001983      0x345 build/obj/chmtx.o
 .debug_line    0x0000000000001cc8      0x2c5 build/obj/chcond.o
 .debug_line    0x0000000000001f8d      0x359 build/obj/chevents.o
 .debug_line    0x00000000000022e6      0x1f2 build/obj/chmsg.o
 .debug_line    0x00000000000024d8      0x2ac build/obj/chmboxes.o
 .debug_line    0x0000000000002784      0x3af build/obj/chqueues.o
 .debug_line    0x0000000000002b33      0x18f build/obj/chmemcore.o
 .debug_line    0x0000000000002cc2      0x2d4 build/obj/chheap.o
 .debug_line    0x0000000000002f96      0x24a build/obj/chmempools.o
 .debug_line    0x00000000000031e0      0x5b8 build/obj/test.o
 .debug_line    0x0000000000003798      0x298 build/obj/testthd.o
 .debug_line    0x0000000000003a30      0x37b build/obj/testsem.o
 .debug_line    0x0000000000003dab      0x520 build/obj/testmtx.o
 .debug_line    0x00000000000042cb      0x224 build/obj/testmsg.o
 .debug_line    0x00000000000044ef      0x256 build/obj/testmbox.o
 .debug_line    0x0000000000004745      0x332 build/obj/testevt.o
 .debug_line    0x0000000000004a77      0x262 build/obj/testheap.o
 .debug_line    0x0000000000004cd9      0x188 build/obj/testpools.o
 .debug_line    0x0000000000004e61      0x357 build/obj/testdyn.o
 .debug_line    0x00000000000051b8      0x2f7 build/obj/testqueues.o
 .debug_line    0x00000000000054af      0x621 build/obj/testbmk.o
 .debug_line    0x0000000000005ad0      0x205 build/obj/hal.o
 .debug_line    0x0000000000005cd5      0x1e6 build/obj/pwm.o
 .debug_line    0x0000000000005ebb      0x3df build/obj/serial.o
 .debug_line    0x000000000000629a      0x441 build/obj/spi.o
 .debug_line    0x00000000000066db      0x242 build/obj/stm32_dma.o
 .debug_line    0x000000000000691d      0x1c8 build/obj/hal_lld.o
 .debug_line    0x0000000000006ae5      0x1c9 build/obj/pal_lld.o
 .debug_line    0x0000000000006cae      0x481 build/obj/spi_lld.o
 .debug_line    0x000000000000712f      0x388 build/obj/pwm_lld.o
 .debug_line    0x00000000000074b7      0x3a9 build/obj/serial_lld.o
 .debug_line    0x0000000000007860      0x18c build/obj/board.o
 .debug_line    0x00000000000079ec      0x338 build/obj/main.o
 .debug_line    0x0000000000007d24      0x243 build/obj/motor.o
 .debug_line    0x0000000000007f67       0x94 /home/matt/arm_cortex/gcc-arm-none-eabi/bin/../lib/gcc/arm-none-eabi/4.7.4/armv6-m/libgcc.a(_udivsi3.o)
 .debug_line    0x0000000000007ffb       0x7c /home/matt/arm_cortex/gcc-arm-none-eabi/bin/../lib/gcc/arm-none-eabi/4.7.4/armv6-m/libgcc.a(_dvmd_tls.o)

.debug_str      0x0000000000000000     0x2ce1
 .debug_str     0x0000000000000000      0x1cd build/obj/crt0.o
                                        0x201 (size before relaxing)
 .debug_str     0x00000000000001cd      0x15d build/obj/vectors.o
                                        0x22c (size before relaxing)
 .debug_str     0x000000000000032a      0x2cc build/obj/chcore_v6m.o
                                        0x3b3 (size before relaxing)
 .debug_str     0x00000000000005f6       0xd3 build/obj/nvic.o
                                        0x1fe (size before relaxing)
 .debug_str     0x00000000000006c9      0x21d build/obj/chsys.o
                                        0x521 (size before relaxing)
 .debug_str     0x00000000000008e6       0x64 build/obj/chvt.o
                                        0x19b (size before relaxing)
 .debug_str     0x000000000000094a       0xe3 build/obj/chschd.o
                                        0x3e1 (size before relaxing)
 .debug_str     0x0000000000000a2d       0xeb build/obj/chthreads.o
                                        0x44c (size before relaxing)
 .debug_str     0x0000000000000b18      0x12b build/obj/chdynamic.o
                                        0x3c3 (size before relaxing)
 .debug_str     0x0000000000000c43       0x5a build/obj/chregistry.o
                                        0x3cf (size before relaxing)
 .debug_str     0x0000000000000c9d       0xe0 build/obj/chsem.o
                                        0x3c5 (size before relaxing)
 .debug_str     0x0000000000000d7d       0xa2 build/obj/chmtx.o
                                        0x366 (size before relaxing)
 .debug_str     0x0000000000000e1f       0xc8 build/obj/chcond.o
                                        0x3b3 (size before relaxing)
 .debug_str     0x0000000000000ee7      0x1d1 build/obj/chevents.o
                                        0x48a (size before relaxing)
 .debug_str     0x00000000000010b8       0x55 build/obj/chmsg.o
                                        0x2fe (size before relaxing)
 .debug_str     0x000000000000110d       0xfa build/obj/chmboxes.o
                                        0x38d (size before relaxing)
 .debug_str     0x0000000000001207      0x131 build/obj/chqueues.o
                                        0x3f1 (size before relaxing)
 .debug_str     0x0000000000001338       0x88 build/obj/chmemcore.o
                                        0x161 (size before relaxing)
 .debug_str     0x00000000000013c0       0x60 build/obj/chheap.o
                                        0x34a (size before relaxing)
 .debug_str     0x0000000000001420       0x6d build/obj/chmempools.o
                                        0x1af (size before relaxing)
 .debug_str     0x000000000000148d      0x275 build/obj/test.o
                                        0x5d5 (size before relaxing)
 .debug_str     0x0000000000001702       0x85 build/obj/testthd.o
                                        0x467 (size before relaxing)
 .debug_str     0x0000000000001787       0xee build/obj/testsem.o
                                        0x523 (size before relaxing)
 .debug_str     0x0000000000001875      0x1ac build/obj/testmtx.o
                                        0x621 (size before relaxing)
 .debug_str     0x0000000000001a21       0x43 build/obj/testmsg.o
                                        0x35a (size before relaxing)
 .debug_str     0x0000000000001a64       0x57 build/obj/testmbox.o
                                        0x3d6 (size before relaxing)
 .debug_str     0x0000000000001abb       0x97 build/obj/testevt.o
                                        0x58c (size before relaxing)
 .debug_str     0x0000000000001b52       0x5c build/obj/testheap.o
                                        0x398 (size before relaxing)
 .debug_str     0x0000000000001bae       0x64 build/obj/testpools.o
                                        0x1f1 (size before relaxing)
 .debug_str     0x0000000000001c12       0x9e build/obj/testdyn.o
                                        0x53c (size before relaxing)
 .debug_str     0x0000000000001cb0       0x84 build/obj/testqueues.o
                                        0x4c3 (size before relaxing)
 .debug_str     0x0000000000001d34      0x191 build/obj/testbmk.o
                                        0x6a8 (size before relaxing)
 .debug_str     0x0000000000001ec5       0xeb build/obj/hal.o
                                        0x1ae (size before relaxing)
 .debug_str     0x0000000000001fb0      0x1ce build/obj/pwm.o
                                        0x2c4 (size before relaxing)
 .debug_str     0x000000000000217e      0x17a build/obj/serial.o
                                        0x548 (size before relaxing)
 .debug_str     0x00000000000022f8      0x309 build/obj/spi.o
                                        0x60d (size before relaxing)
 .debug_str     0x0000000000002601      0x30c build/obj/stm32_dma.o
                                        0x49e (size before relaxing)
 .debug_str     0x000000000000290d       0xbc build/obj/hal_lld.o
                                        0x1f5 (size before relaxing)
 .debug_str     0x00000000000029c9       0x8f build/obj/pal_lld.o
                                        0x284 (size before relaxing)
 .debug_str     0x0000000000002a58       0xbf build/obj/spi_lld.o
                                        0x63d (size before relaxing)
 .debug_str     0x0000000000002b17       0x98 build/obj/pwm_lld.o
                                        0x37d (size before relaxing)
 .debug_str     0x0000000000002baf       0x7d build/obj/serial_lld.o
                                        0x57b (size before relaxing)
 .debug_str     0x0000000000002c2c       0x42 build/obj/board.o
                                        0x1a5 (size before relaxing)
 .debug_str     0x0000000000002c6e       0x3e build/obj/main.o
                                        0x4ff (size before relaxing)
 .debug_str     0x0000000000002cac       0x35 build/obj/motor.o
                                        0x452 (size before relaxing)

.comment        0x0000000000000000       0x6a
 .comment       0x0000000000000000       0x6a build/obj/crt0.o
                                         0x6b (size before relaxing)
 .comment       0x0000000000000000       0x6b build/obj/vectors.o
 .comment       0x0000000000000000       0x6b build/obj/chcore_v6m.o
 .comment       0x0000000000000000       0x6b build/obj/nvic.o
 .comment       0x0000000000000000       0x6b build/obj/chsys.o
 .comment       0x0000000000000000       0x6b build/obj/chvt.o
 .comment       0x0000000000000000       0x6b build/obj/chschd.o
 .comment       0x0000000000000000       0x6b build/obj/chthreads.o
 .comment       0x0000000000000000       0x6b build/obj/chdynamic.o
 .comment       0x0000000000000000       0x6b build/obj/chregistry.o
 .comment       0x0000000000000000       0x6b build/obj/chsem.o
 .comment       0x0000000000000000       0x6b build/obj/chmtx.o
 .comment       0x0000000000000000       0x6b build/obj/chcond.o
 .comment       0x0000000000000000       0x6b build/obj/chevents.o
 .comment       0x0000000000000000       0x6b build/obj/chmsg.o
 .comment       0x0000000000000000       0x6b build/obj/chmboxes.o
 .comment       0x0000000000000000       0x6b build/obj/chqueues.o
 .comment       0x0000000000000000       0x6b build/obj/chmemcore.o
 .comment       0x0000000000000000       0x6b build/obj/chheap.o
 .comment       0x0000000000000000       0x6b build/obj/chmempools.o
 .comment       0x0000000000000000       0x6b build/obj/test.o
 .comment       0x0000000000000000       0x6b build/obj/testthd.o
 .comment       0x0000000000000000       0x6b build/obj/testsem.o
 .comment       0x0000000000000000       0x6b build/obj/testmtx.o
 .comment       0x0000000000000000       0x6b build/obj/testmsg.o
 .comment       0x0000000000000000       0x6b build/obj/testmbox.o
 .comment       0x0000000000000000       0x6b build/obj/testevt.o
 .comment       0x0000000000000000       0x6b build/obj/testheap.o
 .comment       0x0000000000000000       0x6b build/obj/testpools.o
 .comment       0x0000000000000000       0x6b build/obj/testdyn.o
 .comment       0x0000000000000000       0x6b build/obj/testqueues.o
 .comment       0x0000000000000000       0x6b build/obj/testbmk.o
 .comment       0x0000000000000000       0x6b build/obj/hal.o
 .comment       0x0000000000000000       0x6b build/obj/pwm.o
 .comment       0x0000000000000000       0x6b build/obj/serial.o
 .comment       0x0000000000000000       0x6b build/obj/spi.o
 .comment       0x0000000000000000       0x6b build/obj/stm32_dma.o
 .comment       0x0000000000000000       0x6b build/obj/hal_lld.o
 .comment       0x0000000000000000       0x6b build/obj/pal_lld.o
 .comment       0x0000000000000000       0x6b build/obj/spi_lld.o
 .comment       0x0000000000000000       0x6b build/obj/pwm_lld.o
 .comment       0x0000000000000000       0x6b build/obj/serial_lld.o
 .comment       0x0000000000000000       0x6b build/obj/board.o
 .comment       0x0000000000000000       0x6b build/obj/main.o
 .comment       0x0000000000000000       0x6b build/obj/motor.o

.ARM.attributes
                0x0000000000000000       0x31
 .ARM.attributes
                0x0000000000000000       0x31 build/obj/crt0.o
 .ARM.attributes
                0x0000000000000031       0x31 build/obj/vectors.o
 .ARM.attributes
                0x0000000000000062       0x31 build/obj/chcore_v6m.o
 .ARM.attributes
                0x0000000000000093       0x31 build/obj/nvic.o
 .ARM.attributes
                0x00000000000000c4       0x31 build/obj/chsys.o
 .ARM.attributes
                0x00000000000000f5       0x31 build/obj/chvt.o
 .ARM.attributes
                0x0000000000000126       0x31 build/obj/chschd.o
 .ARM.attributes
                0x0000000000000157       0x31 build/obj/chthreads.o
 .ARM.attributes
                0x0000000000000188       0x31 build/obj/chdynamic.o
 .ARM.attributes
                0x00000000000001b9       0x31 build/obj/chregistry.o
 .ARM.attributes
                0x00000000000001ea       0x31 build/obj/chsem.o
 .ARM.attributes
                0x000000000000021b       0x31 build/obj/chmtx.o
 .ARM.attributes
                0x000000000000024c       0x31 build/obj/chcond.o
 .ARM.attributes
                0x000000000000027d       0x31 build/obj/chevents.o
 .ARM.attributes
                0x00000000000002ae       0x31 build/obj/chmsg.o
 .ARM.attributes
                0x00000000000002df       0x31 build/obj/chmboxes.o
 .ARM.attributes
                0x0000000000000310       0x31 build/obj/chqueues.o
 .ARM.attributes
                0x0000000000000341       0x31 build/obj/chmemcore.o
 .ARM.attributes
                0x0000000000000372       0x31 build/obj/chheap.o
 .ARM.attributes
                0x00000000000003a3       0x31 build/obj/chmempools.o
 .ARM.attributes
                0x00000000000003d4       0x31 build/obj/test.o
 .ARM.attributes
                0x0000000000000405       0x31 build/obj/testthd.o
 .ARM.attributes
                0x0000000000000436       0x31 build/obj/testsem.o
 .ARM.attributes
                0x0000000000000467       0x31 build/obj/testmtx.o
 .ARM.attributes
                0x0000000000000498       0x31 build/obj/testmsg.o
 .ARM.attributes
                0x00000000000004c9       0x31 build/obj/testmbox.o
 .ARM.attributes
                0x00000000000004fa       0x31 build/obj/testevt.o
 .ARM.attributes
                0x000000000000052b       0x31 build/obj/testheap.o
 .ARM.attributes
                0x000000000000055c       0x31 build/obj/testpools.o
 .ARM.attributes
                0x000000000000058d       0x31 build/obj/testdyn.o
 .ARM.attributes
                0x00000000000005be       0x31 build/obj/testqueues.o
 .ARM.attributes
                0x00000000000005ef       0x31 build/obj/testbmk.o
 .ARM.attributes
                0x0000000000000620       0x31 build/obj/hal.o
 .ARM.attributes
                0x0000000000000651       0x31 build/obj/pwm.o
 .ARM.attributes
                0x0000000000000682       0x31 build/obj/serial.o
 .ARM.attributes
                0x00000000000006b3       0x31 build/obj/spi.o
 .ARM.attributes
                0x00000000000006e4       0x31 build/obj/stm32_dma.o
 .ARM.attributes
                0x0000000000000715       0x31 build/obj/hal_lld.o
 .ARM.attributes
                0x0000000000000746       0x31 build/obj/pal_lld.o
 .ARM.attributes
                0x0000000000000777       0x31 build/obj/spi_lld.o
 .ARM.attributes
                0x00000000000007a8       0x31 build/obj/pwm_lld.o
 .ARM.attributes
                0x00000000000007d9       0x31 build/obj/serial_lld.o
 .ARM.attributes
                0x000000000000080a       0x31 build/obj/board.o
 .ARM.attributes